#
# There is insufficient memory for the Java Runtime Environment to continue.
# Native memory allocation (mmap) failed to map 324009984 bytes for G1 virtual space
# Possible reasons:
#   The system is out of physical RAM or swap space
#   The process is running with CompressedOops enabled, and the Java Heap may be blocking the growth of the native heap
# Possible solutions:
#   Reduce memory load on the system
#   Increase physical memory or swap space
#   Check if swap backing store is full
#   Decrease Java heap size (-Xmx/-Xms)
#   Decrease number of Java threads
#   Decrease Java thread stack sizes (-Xss)
#   Set larger code cache with -XX:ReservedCodeCacheSize=
#   JVM is running with Unscaled Compressed Oops mode in which the Java heap is
#     placed in the first 4GB address space. The Java Heap base address is the
#     maximum limit for the native heap growth. Please use -XX:HeapBaseMinAddress
#     to set the Java Heap base and to place the Java Heap above 4GB virtual address.
# This output file may be truncated or incomplete.
#
#  Out of Memory Error (os_windows.cpp:3557), pid=14100, tid=17392
#
# JRE version: OpenJDK Runtime Environment Temurin-17.0.6+10 (17.0.6+10) (build 17.0.6+10)
# Java VM: OpenJDK 64-Bit Server VM Temurin-17.0.6+10 (17.0.6+10, mixed mode, tiered, compressed oops, compressed class ptrs, g1 gc, windows-amd64)
# No core dump will be written. Minidumps are not enabled by default on client versions of Windows
#

---------------  S U M M A R Y ------------

Command Line: -Djavax.net.ssl.trustStoreType=WINDOWS-ROOT com.st.microxplorer.maingui.STM32CubeMX C:\gitproj_recter\recterBoard\recterfuel2\recterAdapter_and_master_test2.ioc

Host: 12th Gen Intel(R) Core(TM) i3-1215U, 8 cores, 7G,  Windows 11 , 64 bit Build 22621 (10.0.22621.4830)
Time: Fri Feb 14 17:52:04 2025 W. Central Africa Standard Time elapsed time: 15.537485 seconds (0d 0h 0m 15s)

---------------  T H R E A D  ---------------

Current thread (0x0000022b7eba6b10):  VMThread "VM Thread" [stack: 0x000000ca02c00000,0x000000ca02d00000] [id=17392]

Stack: [0x000000ca02c00000,0x000000ca02d00000]
Native frames: (J=compiled Java code, j=interpreted, Vv=VM code, C=native code)
V  [jvm.dll+0x67741a]
V  [jvm.dll+0x834434]
V  [jvm.dll+0x835bde]
V  [jvm.dll+0x836243]
V  [jvm.dll+0x2457b5]
V  [jvm.dll+0x674329]
V  [jvm.dll+0x6689da]
V  [jvm.dll+0x30489b]
V  [jvm.dll+0x30bd96]
V  [jvm.dll+0x35b57e]
V  [jvm.dll+0x35b7af]
V  [jvm.dll+0x2db778]
V  [jvm.dll+0x2d9a2c]
V  [jvm.dll+0x2d8ffc]
V  [jvm.dll+0x31cdcb]
V  [jvm.dll+0x83a6eb]
V  [jvm.dll+0x83b424]
V  [jvm.dll+0x83b93c]
V  [jvm.dll+0x83bd14]
V  [jvm.dll+0x83bde0]
V  [jvm.dll+0x7e483a]
V  [jvm.dll+0x6762c5]
C  [ucrtbase.dll+0x29333]
C  [KERNEL32.DLL+0x1259d]
C  [ntdll.dll+0x5af38]

VM_Operation (0x000000ca04afe3c0): G1CollectForAllocation, mode: safepoint, requested by thread 0x0000022b219d2fd0


---------------  P R O C E S S  ---------------

Threads class SMR info:
_java_thread_list=0x0000022b1fa4c820, length=34, elements={
0x0000022b7ebe2220, 0x0000022b7f4367c0, 0x0000022b7f4643d0, 0x0000022b7f4694a0,
0x0000022b7f4447d0, 0x0000022b7f45aaa0, 0x0000022b7f46df50, 0x0000022b7f45fb50,
0x0000022b7f49a870, 0x0000022b7f5f8060, 0x0000022b7f611460, 0x0000022b1b5cf5c0,
0x0000022b1b60ea80, 0x0000022b1b60ef50, 0x0000022b1c62c070, 0x0000022b1c9f39f0,
0x0000022b1c9f5200, 0x0000022b219d7800, 0x0000022b219d17c0, 0x0000022b219d7330,
0x0000022b219d34a0, 0x0000022b219d5ff0, 0x0000022b219d7cd0, 0x0000022b219d3970,
0x0000022b219d5180, 0x0000022b219d0950, 0x0000022b219d1c90, 0x0000022b219d0e20,
0x0000022b219d2160, 0x0000022b219d2630, 0x0000022b7f7f8760, 0x0000022b219d2fd0,
0x0000022b219d4310, 0x0000022b2414d330
}

Java Threads: ( => current thread )
  0x0000022b7ebe2220 JavaThread "Reference Handler" daemon [_thread_blocked, id=8148, stack(0x000000ca02d00000,0x000000ca02e00000)]
  0x0000022b7f4367c0 JavaThread "Finalizer" daemon [_thread_blocked, id=13768, stack(0x000000ca02e00000,0x000000ca02f00000)]
  0x0000022b7f4643d0 JavaThread "Signal Dispatcher" daemon [_thread_blocked, id=8592, stack(0x000000ca02f00000,0x000000ca03000000)]
  0x0000022b7f4694a0 JavaThread "Attach Listener" daemon [_thread_blocked, id=2352, stack(0x000000ca03000000,0x000000ca03100000)]
  0x0000022b7f4447d0 JavaThread "Service Thread" daemon [_thread_blocked, id=2692, stack(0x000000ca03100000,0x000000ca03200000)]
  0x0000022b7f45aaa0 JavaThread "Monitor Deflation Thread" daemon [_thread_blocked, id=6768, stack(0x000000ca03200000,0x000000ca03300000)]
  0x0000022b7f46df50 JavaThread "C2 CompilerThread0" daemon [_thread_in_native, id=7040, stack(0x000000ca03300000,0x000000ca03400000)]
  0x0000022b7f45fb50 JavaThread "C1 CompilerThread0" daemon [_thread_blocked, id=628, stack(0x000000ca03400000,0x000000ca03500000)]
  0x0000022b7f49a870 JavaThread "Sweeper thread" daemon [_thread_blocked, id=19532, stack(0x000000ca03500000,0x000000ca03600000)]
  0x0000022b7f5f8060 JavaThread "Notification Thread" daemon [_thread_blocked, id=18424, stack(0x000000ca03600000,0x000000ca03700000)]
  0x0000022b7f611460 JavaThread "Common-Cleaner" daemon [_thread_blocked, id=3484, stack(0x000000ca03800000,0x000000ca03900000)]
  0x0000022b1b5cf5c0 JavaThread "Java2D Disposer" daemon [_thread_blocked, id=21576, stack(0x000000ca03900000,0x000000ca03a00000)]
  0x0000022b1b60ea80 JavaThread "AWT-Shutdown" [_thread_blocked, id=18600, stack(0x000000ca04100000,0x000000ca04200000)]
  0x0000022b1b60ef50 JavaThread "AWT-Windows" daemon [_thread_in_native, id=16376, stack(0x000000ca04200000,0x000000ca04300000)]
  0x0000022b1c62c070 JavaThread "AWT-EventQueue-0" [_thread_blocked, id=12624, stack(0x000000ca04400000,0x000000ca04500000)]
  0x0000022b1c9f39f0 JavaThread "DestroyJavaVM" [_thread_blocked, id=21472, stack(0x000000ca02600000,0x000000ca02700000)]
  0x0000022b1c9f5200 JavaThread "TimerQueue" daemon [_thread_blocked, id=6212, stack(0x000000ca04700000,0x000000ca04800000)]
  0x0000022b219d7800 JavaThread "Keep-Alive-Timer" daemon [_thread_blocked, id=5820, stack(0x000000ca04b00000,0x000000ca04c00000)]
  0x0000022b219d17c0 JavaThread "IPC Server Thread" daemon [_thread_in_native, id=17132, stack(0x000000ca04d00000,0x000000ca04e00000)]
  0x0000022b219d7330 JavaThread "Chromium Process Thread" [_thread_in_native, id=11692, stack(0x000000ca05400000,0x000000ca05500000)]
  0x0000022b219d34a0 JavaThread "Chromium Process Logger" daemon [_thread_in_native, id=20516, stack(0x000000ca05500000,0x000000ca05600000)]
  0x0000022b219d5ff0 JavaThread "IPC Memory Reader Thread" [_thread_in_native, id=13212, stack(0x000000ca05700000,0x000000ca05800000)]
  0x0000022b219d7cd0 JavaThread "Browser Thread: 5ca983aa-02aa-41e5-bb65-f7a7a3f507ea" daemon [_thread_blocked, id=13340, stack(0x000000ca05800000,0x000000ca05900000)]
  0x0000022b219d3970 JavaThread "Socket Connection Checker: 5ca983aa-02aa-41e5-bb65-f7a7a3f507ea" [_thread_in_native, id=8376, stack(0x000000ca04f00000,0x000000ca05000000)]
  0x0000022b219d5180 JavaThread "GPU Thread: dac06405-d283-4d4c-9d0e-31e50f9088d6" daemon [_thread_blocked, id=12036, stack(0x000000ca05c00000,0x000000ca05d00000)]
  0x0000022b219d0950 JavaThread "IPC Memory Reader Thread" [_thread_in_native, id=2608, stack(0x000000ca05b00000,0x000000ca05c00000)]
  0x0000022b219d1c90 JavaThread "Socket Connection Checker: dac06405-d283-4d4c-9d0e-31e50f9088d6" [_thread_in_native, id=19400, stack(0x000000ca05d00000,0x000000ca05e00000)]
  0x0000022b219d0e20 JavaThread "Render Thread: fcb7d56a-a7ad-4fbf-9c8f-6fb24e9da45f" daemon [_thread_blocked, id=13420, stack(0x000000ca05e00000,0x000000ca05f00000)]
  0x0000022b219d2160 JavaThread "IPC Memory Reader Thread" [_thread_in_native, id=11956, stack(0x000000ca05900000,0x000000ca05a00000)]
  0x0000022b219d2630 JavaThread "Socket Connection Checker: fcb7d56a-a7ad-4fbf-9c8f-6fb24e9da45f" [_thread_in_native, id=9988, stack(0x000000ca05f00000,0x000000ca06000000)]
  0x0000022b7f7f8760 JavaThread "C2 CompilerThread1" daemon [_thread_blocked, id=16452, stack(0x000000ca06000000,0x000000ca06100000)]
  0x0000022b219d2fd0 JavaThread "SwingWorker-pool-3-thread-1" daemon [_thread_blocked, id=11512, stack(0x000000ca04a00000,0x000000ca04b00000)]
  0x0000022b219d4310 JavaThread "Browser Widget Thread" [_thread_blocked, id=16480, stack(0x000000ca04600000,0x000000ca04700000)]
  0x0000022b2414d330 JavaThread "C2 CompilerThread2" daemon [_thread_in_native, id=11456, stack(0x000000ca04900000,0x000000ca04a00000)]

Other Threads:
=>0x0000022b7eba6b10 VMThread "VM Thread" [stack: 0x000000ca02c00000,0x000000ca02d00000] [id=17392]
  0x0000022b7f5615e0 WatcherThread [stack: 0x000000ca03700000,0x000000ca03800000] [id=19680]
  0x0000022b7b398010 GCTaskThread "GC Thread#0" [stack: 0x000000ca02700000,0x000000ca02800000] [id=14688]
  0x0000022b1b747870 GCTaskThread "GC Thread#1" [stack: 0x000000ca03a00000,0x000000ca03b00000] [id=6388]
  0x0000022b1b45a0f0 GCTaskThread "GC Thread#2" [stack: 0x000000ca03b00000,0x000000ca03c00000] [id=20340]
  0x0000022b1b744ef0 GCTaskThread "GC Thread#3" [stack: 0x000000ca03c00000,0x000000ca03d00000] [id=12088]
  0x0000022b1b7451a0 GCTaskThread "GC Thread#4" [stack: 0x000000ca03d00000,0x000000ca03e00000] [id=11496]
  0x0000022b1c5e1d90 GCTaskThread "GC Thread#5" [stack: 0x000000ca03e00000,0x000000ca03f00000] [id=1932]
  0x0000022b1c5e2040 GCTaskThread "GC Thread#6" [stack: 0x000000ca03f00000,0x000000ca04000000] [id=11900]
  0x0000022b1b82e760 GCTaskThread "GC Thread#7" [stack: 0x000000ca04000000,0x000000ca04100000] [id=17172]
  0x0000022b7b3aa090 ConcurrentGCThread "G1 Main Marker" [stack: 0x000000ca02800000,0x000000ca02900000] [id=12168]
  0x0000022b7b3aaaa0 ConcurrentGCThread "G1 Conc#0" [stack: 0x000000ca02900000,0x000000ca02a00000] [id=19976]
  0x0000022b1b80bd60 ConcurrentGCThread "G1 Conc#1" [stack: 0x000000ca04300000,0x000000ca04400000] [id=896]
  0x0000022b7b3dde50 ConcurrentGCThread "G1 Refine#0" [stack: 0x000000ca02a00000,0x000000ca02b00000] [id=12944]
  0x0000022b1b2b5bd0 ConcurrentGCThread "G1 Refine#1" [stack: 0x000000ca05300000,0x000000ca05400000] [id=13612]
  0x0000022b1b2b6ff0 ConcurrentGCThread "G1 Refine#2" [stack: 0x000000ca06200000,0x000000ca06300000] [id=6160]
  0x0000022b1b2b6a30 ConcurrentGCThread "G1 Refine#3" [stack: 0x000000ca06300000,0x000000ca06400000] [id=11320]
  0x0000022b1b2b7890 ConcurrentGCThread "G1 Refine#4" [stack: 0x000000ca06400000,0x000000ca06500000] [id=12012]
  0x0000022b1b2b72d0 ConcurrentGCThread "G1 Refine#5" [stack: 0x000000ca06500000,0x000000ca06600000] [id=13616]
  0x0000022b1b2b5eb0 ConcurrentGCThread "G1 Refine#6" [stack: 0x000000ca06600000,0x000000ca06700000] [id=13040]
  0x0000022b7b3de870 ConcurrentGCThread "G1 Service" [stack: 0x000000ca02b00000,0x000000ca02c00000] [id=10256]

Threads with active compile tasks:
C2 CompilerThread0    15559 8658       4       com.st.microxplorer.plugins.thirdparty.db.solver.condition.RealEvaluatedCondition::updateDependencyStatus (145 bytes)
C2 CompilerThread1    15559 8664       4       com.st.microxplorer.plugins.thirdparty.db.solver.ConditionSolver::updateDependencyStatus (153 bytes)
C2 CompilerThread2    15559 8653       4       java.lang.String::split (327 bytes)

VM state: at safepoint (normal execution)

VM Mutex/Monitor currently owned by a thread:  ([mutex/lock_event])
[0x0000022b7b33b2d0] Threads_lock - owner thread: 0x0000022b7eba6b10
[0x0000022b7b33a5e0] Heap_lock - owner thread: 0x0000022b219d2fd0

Heap address: 0x0000000085200000, size: 1966 MB, Compressed Oops mode: 32-bit

CDS archive(s) not mapped
Compressed class space mapped at: 0x0000000100000000-0x0000000140000000, reserved size: 1073741824
Narrow klass base: 0x0000000000000000, Narrow klass shift: 3, Narrow klass range: 0x140000000

GC Precious Log:
 CPUs: 8 total, 8 available
 Memory: 7863M
 Large Page Support: Disabled
 NUMA Support: Disabled
 Compressed Oops: Enabled (32-bit)
 Heap Region Size: 1M
 Heap Min Capacity: 8M
 Heap Initial Capacity: 124M
 Heap Max Capacity: 1966M
 Pre-touch: Disabled
 Parallel Workers: 8
 Concurrent Workers: 2
 Concurrent Refinement Workers: 8
 Periodic GC: Disabled

Heap:
 garbage-first heap   total 267264K, used 129791K [0x0000000085200000, 0x0000000100000000)
  region size 1024K, 7 young (7168K), 7 survivors (7168K)
 Metaspace       used 85269K, committed 86144K, reserved 1130496K
  class space    used 9590K, committed 10048K, reserved 1048576K

Heap Regions: E=young(eden), S=young(survivor), O=old, HS=humongous(starts), HC=humongous(continues), CS=collection set, F=free, OA=open archive, CA=closed archive, TAMS=top-at-mark-start (previous, next)
|   0|0x0000000085200000, 0x0000000085300000, 0x0000000085300000|100%|HS|  |TAMS 0x0000000085300000, 0x0000000085200000| Complete 
|   1|0x0000000085300000, 0x0000000085400000, 0x0000000085400000|100%|HC|  |TAMS 0x0000000085400000, 0x0000000085300000| Complete 
|   2|0x0000000085400000, 0x0000000085500000, 0x0000000085500000|100%|HC|  |TAMS 0x0000000085500000, 0x0000000085400000| Complete 
|   3|0x0000000085500000, 0x0000000085600000, 0x0000000085600000|100%|HC|  |TAMS 0x0000000085600000, 0x0000000085500000| Complete 
|   4|0x0000000085600000, 0x0000000085700000, 0x0000000085700000|100%|HC|  |TAMS 0x0000000085700000, 0x0000000085600000| Complete 
|   5|0x0000000085700000, 0x0000000085800000, 0x0000000085800000|100%| O|  |TAMS 0x0000000085800000, 0x0000000085700000| Untracked 
|   6|0x0000000085800000, 0x0000000085900000, 0x0000000085900000|100%| O|  |TAMS 0x0000000085900000, 0x0000000085800000| Untracked 
|   7|0x0000000085900000, 0x0000000085a00000, 0x0000000085a00000|100%|HS|  |TAMS 0x0000000085a00000, 0x0000000085900000| Complete 
|   8|0x0000000085a00000, 0x0000000085b00000, 0x0000000085b00000|100%| O|  |TAMS 0x0000000085b00000, 0x0000000085a00000| Untracked 
|   9|0x0000000085b00000, 0x0000000085c00000, 0x0000000085c00000|100%| O|  |TAMS 0x0000000085c00000, 0x0000000085b00000| Untracked 
|  10|0x0000000085c00000, 0x0000000085d00000, 0x0000000085d00000|100%| O|  |TAMS 0x0000000085c00000, 0x0000000085c00000| Untracked 
|  11|0x0000000085d00000, 0x0000000085e00000, 0x0000000085e00000|100%| O|  |TAMS 0x0000000085d00000, 0x0000000085d00000| Untracked 
|  12|0x0000000085e00000, 0x0000000085f00000, 0x0000000085f00000|100%| O|  |TAMS 0x0000000085f00000, 0x0000000085e00000| Untracked 
|  13|0x0000000085f00000, 0x0000000086000000, 0x0000000086000000|100%| O|  |TAMS 0x0000000086000000, 0x0000000085f00000| Untracked 
|  14|0x0000000086000000, 0x0000000086100000, 0x0000000086100000|100%| O|  |TAMS 0x0000000086100000, 0x0000000086000000| Untracked 
|  15|0x0000000086100000, 0x0000000086200000, 0x0000000086200000|100%| O|  |TAMS 0x0000000086200000, 0x0000000086100000| Untracked 
|  16|0x0000000086200000, 0x0000000086300000, 0x0000000086300000|100%| O|  |TAMS 0x0000000086300000, 0x0000000086200000| Untracked 
|  17|0x0000000086300000, 0x0000000086400000, 0x0000000086400000|100%| O|  |TAMS 0x0000000086400000, 0x0000000086300000| Untracked 
|  18|0x0000000086400000, 0x0000000086500000, 0x0000000086500000|100%|HS|  |TAMS 0x0000000086500000, 0x0000000086400000| Complete 
|  19|0x0000000086500000, 0x0000000086600000, 0x0000000086600000|100%| O|  |TAMS 0x0000000086600000, 0x0000000086500000| Untracked 
|  20|0x0000000086600000, 0x0000000086700000, 0x0000000086700000|100%| O|  |TAMS 0x0000000086700000, 0x0000000086600000| Untracked 
|  21|0x0000000086700000, 0x0000000086800000, 0x0000000086800000|100%| O|  |TAMS 0x0000000086800000, 0x0000000086700000| Untracked 
|  22|0x0000000086800000, 0x0000000086900000, 0x0000000086900000|100%| O|  |TAMS 0x0000000086900000, 0x0000000086800000| Untracked 
|  23|0x0000000086900000, 0x0000000086a00000, 0x0000000086a00000|100%| O|  |TAMS 0x0000000086a00000, 0x0000000086900000| Untracked 
|  24|0x0000000086a00000, 0x0000000086b00000, 0x0000000086b00000|100%| O|  |TAMS 0x0000000086b00000, 0x0000000086a00000| Untracked 
|  25|0x0000000086b00000, 0x0000000086c00000, 0x0000000086c00000|100%| O|  |TAMS 0x0000000086c00000, 0x0000000086b00000| Untracked 
|  26|0x0000000086c00000, 0x0000000086d00000, 0x0000000086d00000|100%| O|  |TAMS 0x0000000086d00000, 0x0000000086c00000| Untracked 
|  27|0x0000000086d00000, 0x0000000086e00000, 0x0000000086e00000|100%| O|  |TAMS 0x0000000086e00000, 0x0000000086d00000| Untracked 
|  28|0x0000000086e00000, 0x0000000086f00000, 0x0000000086f00000|100%|HS|  |TAMS 0x0000000086f00000, 0x0000000086e00000| Complete 
|  29|0x0000000086f00000, 0x0000000087000000, 0x0000000087000000|100%|HC|  |TAMS 0x0000000087000000, 0x0000000086f00000| Complete 
|  30|0x0000000087000000, 0x0000000087100000, 0x0000000087100000|100%| O|  |TAMS 0x0000000087100000, 0x0000000087000000| Untracked 
|  31|0x0000000087100000, 0x0000000087200000, 0x0000000087200000|100%| O|  |TAMS 0x0000000087200000, 0x0000000087100000| Untracked 
|  32|0x0000000087200000, 0x0000000087300000, 0x0000000087300000|100%| O|  |TAMS 0x0000000087300000, 0x0000000087200000| Untracked 
|  33|0x0000000087300000, 0x0000000087400000, 0x0000000087400000|100%| O|  |TAMS 0x0000000087400000, 0x0000000087300000| Untracked 
|  34|0x0000000087400000, 0x0000000087500000, 0x0000000087500000|100%| O|  |TAMS 0x0000000087500000, 0x0000000087400000| Untracked 
|  35|0x0000000087500000, 0x0000000087600000, 0x0000000087600000|100%|HS|  |TAMS 0x0000000087600000, 0x0000000087500000| Complete 
|  36|0x0000000087600000, 0x0000000087700000, 0x0000000087700000|100%|HC|  |TAMS 0x0000000087700000, 0x0000000087600000| Complete 
|  37|0x0000000087700000, 0x0000000087800000, 0x0000000087800000|100%|HS|  |TAMS 0x0000000087800000, 0x0000000087700000| Complete 
|  38|0x0000000087800000, 0x0000000087900000, 0x0000000087900000|100%|HC|  |TAMS 0x0000000087900000, 0x0000000087800000| Complete 
|  39|0x0000000087900000, 0x0000000087a00000, 0x0000000087a00000|100%|HC|  |TAMS 0x0000000087a00000, 0x0000000087900000| Complete 
|  40|0x0000000087a00000, 0x0000000087b00000, 0x0000000087b00000|100%| O|  |TAMS 0x0000000087b00000, 0x0000000087a00000| Untracked 
|  41|0x0000000087b00000, 0x0000000087c00000, 0x0000000087c00000|100%|HS|  |TAMS 0x0000000087c00000, 0x0000000087b00000| Complete 
|  42|0x0000000087c00000, 0x0000000087d00000, 0x0000000087d00000|100%|HC|  |TAMS 0x0000000087d00000, 0x0000000087c00000| Complete 
|  43|0x0000000087d00000, 0x0000000087e00000, 0x0000000087e00000|100%|HC|  |TAMS 0x0000000087e00000, 0x0000000087d00000| Complete 
|  44|0x0000000087e00000, 0x0000000087f00000, 0x0000000087f00000|100%|HS|  |TAMS 0x0000000087f00000, 0x0000000087e00000| Complete 
|  45|0x0000000087f00000, 0x0000000088000000, 0x0000000088000000|100%|HC|  |TAMS 0x0000000088000000, 0x0000000087f00000| Complete 
|  46|0x0000000088000000, 0x0000000088100000, 0x0000000088100000|100%|HC|  |TAMS 0x0000000088100000, 0x0000000088000000| Complete 
|  47|0x0000000088100000, 0x0000000088200000, 0x0000000088200000|100%|HS|  |TAMS 0x0000000088200000, 0x0000000088100000| Complete 
|  48|0x0000000088200000, 0x0000000088300000, 0x0000000088300000|100%|HC|  |TAMS 0x0000000088300000, 0x0000000088200000| Complete 
|  49|0x0000000088300000, 0x0000000088400000, 0x0000000088400000|100%|HC|  |TAMS 0x0000000088400000, 0x0000000088300000| Complete 
|  50|0x0000000088400000, 0x0000000088500000, 0x0000000088500000|100%|HS|  |TAMS 0x0000000088500000, 0x0000000088400000| Complete 
|  51|0x0000000088500000, 0x0000000088600000, 0x0000000088600000|100%|HC|  |TAMS 0x0000000088600000, 0x0000000088500000| Complete 
|  52|0x0000000088600000, 0x0000000088700000, 0x0000000088700000|100%|HC|  |TAMS 0x0000000088700000, 0x0000000088600000| Complete 
|  53|0x0000000088700000, 0x0000000088800000, 0x0000000088800000|100%|HS|  |TAMS 0x0000000088800000, 0x0000000088700000| Complete 
|  54|0x0000000088800000, 0x0000000088900000, 0x0000000088900000|100%|HC|  |TAMS 0x0000000088900000, 0x0000000088800000| Complete 
|  55|0x0000000088900000, 0x0000000088a00000, 0x0000000088a00000|100%|HC|  |TAMS 0x0000000088a00000, 0x0000000088900000| Complete 
|  56|0x0000000088a00000, 0x0000000088b00000, 0x0000000088b00000|100%|HC|  |TAMS 0x0000000088b00000, 0x0000000088a00000| Complete 
|  57|0x0000000088b00000, 0x0000000088c00000, 0x0000000088c00000|100%|HS|  |TAMS 0x0000000088c00000, 0x0000000088b00000| Complete 
|  58|0x0000000088c00000, 0x0000000088d00000, 0x0000000088d00000|100%|HC|  |TAMS 0x0000000088d00000, 0x0000000088c00000| Complete 
|  59|0x0000000088d00000, 0x0000000088e00000, 0x0000000088e00000|100%|HC|  |TAMS 0x0000000088e00000, 0x0000000088d00000| Complete 
|  60|0x0000000088e00000, 0x0000000088f00000, 0x0000000088f00000|100%|HC|  |TAMS 0x0000000088f00000, 0x0000000088e00000| Complete 
|  61|0x0000000088f00000, 0x0000000089000000, 0x0000000089000000|100%|HS|  |TAMS 0x0000000089000000, 0x0000000088f00000| Complete 
|  62|0x0000000089000000, 0x0000000089100000, 0x0000000089100000|100%|HC|  |TAMS 0x0000000089100000, 0x0000000089000000| Complete 
|  63|0x0000000089100000, 0x0000000089200000, 0x0000000089200000|100%|HC|  |TAMS 0x0000000089200000, 0x0000000089100000| Complete 
|  64|0x0000000089200000, 0x0000000089300000, 0x0000000089300000|100%|HC|  |TAMS 0x0000000089300000, 0x0000000089200000| Complete 
|  65|0x0000000089300000, 0x0000000089400000, 0x0000000089400000|100%|HS|  |TAMS 0x0000000089400000, 0x0000000089300000| Complete 
|  66|0x0000000089400000, 0x0000000089500000, 0x0000000089500000|100%|HC|  |TAMS 0x0000000089500000, 0x0000000089400000| Complete 
|  67|0x0000000089500000, 0x0000000089600000, 0x0000000089600000|100%|HC|  |TAMS 0x0000000089600000, 0x0000000089500000| Complete 
|  68|0x0000000089600000, 0x0000000089700000, 0x0000000089700000|100%|HC|  |TAMS 0x0000000089700000, 0x0000000089600000| Complete 
|  69|0x0000000089700000, 0x0000000089800000, 0x0000000089800000|100%|HS|  |TAMS 0x0000000089800000, 0x0000000089700000| Complete 
|  70|0x0000000089800000, 0x0000000089900000, 0x0000000089900000|100%|HC|  |TAMS 0x0000000089900000, 0x0000000089800000| Complete 
|  71|0x0000000089900000, 0x0000000089a00000, 0x0000000089a00000|100%|HC|  |TAMS 0x0000000089a00000, 0x0000000089900000| Complete 
|  72|0x0000000089a00000, 0x0000000089b00000, 0x0000000089b00000|100%|HC|  |TAMS 0x0000000089b00000, 0x0000000089a00000| Complete 
|  73|0x0000000089b00000, 0x0000000089c00000, 0x0000000089c00000|100%| O|  |TAMS 0x0000000089c00000, 0x0000000089b00000| Untracked 
|  74|0x0000000089c00000, 0x0000000089d00000, 0x0000000089d00000|100%| O|  |TAMS 0x0000000089d00000, 0x0000000089c00000| Untracked 
|  75|0x0000000089d00000, 0x0000000089e00000, 0x0000000089e00000|100%| O|  |TAMS 0x0000000089e00000, 0x0000000089d00000| Untracked 
|  76|0x0000000089e00000, 0x0000000089f00000, 0x0000000089f00000|100%| O|  |TAMS 0x0000000089f00000, 0x0000000089e00000| Untracked 
|  77|0x0000000089f00000, 0x000000008a000000, 0x000000008a000000|100%| O|  |TAMS 0x000000008a000000, 0x0000000089f00000| Untracked 
|  78|0x000000008a000000, 0x000000008a100000, 0x000000008a100000|100%| O|  |TAMS 0x000000008a100000, 0x000000008a000000| Untracked 
|  79|0x000000008a100000, 0x000000008a200000, 0x000000008a200000|100%| O|  |TAMS 0x000000008a200000, 0x000000008a100000| Untracked 
|  80|0x000000008a200000, 0x000000008a300000, 0x000000008a300000|100%| O|  |TAMS 0x000000008a200000, 0x000000008a200000| Untracked 
|  81|0x000000008a300000, 0x000000008a400000, 0x000000008a400000|100%| O|  |TAMS 0x000000008a400000, 0x000000008a300000| Untracked 
|  82|0x000000008a400000, 0x000000008a500000, 0x000000008a500000|100%| O|  |TAMS 0x000000008a500000, 0x000000008a400000| Untracked 
|  83|0x000000008a500000, 0x000000008a600000, 0x000000008a600000|100%| O|  |TAMS 0x000000008a600000, 0x000000008a500000| Untracked 
|  84|0x000000008a600000, 0x000000008a700000, 0x000000008a700000|100%| O|  |TAMS 0x000000008a700000, 0x000000008a600000| Untracked 
|  85|0x000000008a700000, 0x000000008a800000, 0x000000008a800000|100%| O|  |TAMS 0x000000008a800000, 0x000000008a700000| Untracked 
|  86|0x000000008a800000, 0x000000008a900000, 0x000000008a900000|100%| O|  |TAMS 0x000000008a900000, 0x000000008a800000| Untracked 
|  87|0x000000008a900000, 0x000000008aa00000, 0x000000008aa00000|100%| O|  |TAMS 0x000000008aa00000, 0x000000008a900000| Untracked 
|  88|0x000000008aa00000, 0x000000008ab00000, 0x000000008ab00000|100%| O|  |TAMS 0x000000008ab00000, 0x000000008aa00000| Untracked 
|  89|0x000000008ab00000, 0x000000008ac00000, 0x000000008ac00000|100%| O|  |TAMS 0x000000008ac00000, 0x000000008ab00000| Untracked 
|  90|0x000000008ac00000, 0x000000008ad00000, 0x000000008ad00000|100%| O|  |TAMS 0x000000008ad00000, 0x000000008ac00000| Untracked 
|  91|0x000000008ad00000, 0x000000008ae00000, 0x000000008ae00000|100%| O|  |TAMS 0x000000008ae00000, 0x000000008ad00000| Untracked 
|  92|0x000000008ae00000, 0x000000008af00000, 0x000000008af00000|100%| O|  |TAMS 0x000000008af00000, 0x000000008ae00000| Untracked 
|  93|0x000000008af00000, 0x000000008b000000, 0x000000008b000000|100%| O|  |TAMS 0x000000008b000000, 0x000000008af00000| Untracked 
|  94|0x000000008b000000, 0x000000008b100000, 0x000000008b100000|100%| O|  |TAMS 0x000000008b100000, 0x000000008b000000| Untracked 
|  95|0x000000008b100000, 0x000000008b200000, 0x000000008b200000|100%| O|  |TAMS 0x000000008b100000, 0x000000008b100000| Untracked 
|  96|0x000000008b200000, 0x000000008b300000, 0x000000008b300000|100%| O|  |TAMS 0x000000008b200000, 0x000000008b200000| Untracked 
|  97|0x000000008b300000, 0x000000008b400000, 0x000000008b400000|100%| O|  |TAMS 0x000000008b300000, 0x000000008b300000| Untracked 
|  98|0x000000008b400000, 0x000000008b500000, 0x000000008b500000|100%| O|  |TAMS 0x000000008b400000, 0x000000008b400000| Untracked 
|  99|0x000000008b500000, 0x000000008b600000, 0x000000008b600000|100%| O|  |TAMS 0x000000008b500000, 0x000000008b500000| Untracked 
| 100|0x000000008b600000, 0x000000008b700000, 0x000000008b700000|100%| O|  |TAMS 0x000000008b700000, 0x000000008b600000| Untracked 
| 101|0x000000008b700000, 0x000000008b800000, 0x000000008b800000|100%| O|  |TAMS 0x000000008b700000, 0x000000008b700000| Untracked 
| 102|0x000000008b800000, 0x000000008b900000, 0x000000008b900000|100%| O|  |TAMS 0x000000008b800000, 0x000000008b800000| Untracked 
| 103|0x000000008b900000, 0x000000008ba00000, 0x000000008ba00000|100%| O|  |TAMS 0x000000008b900000, 0x000000008b900000| Untracked 
| 104|0x000000008ba00000, 0x000000008bb00000, 0x000000008bb00000|100%| O|  |TAMS 0x000000008ba00000, 0x000000008ba00000| Untracked 
| 105|0x000000008bb00000, 0x000000008bc00000, 0x000000008bc00000|100%| O|  |TAMS 0x000000008bb00000, 0x000000008bb00000| Untracked 
| 106|0x000000008bc00000, 0x000000008bd00000, 0x000000008bd00000|100%| O|  |TAMS 0x000000008bd00000, 0x000000008bc00000| Untracked 
| 107|0x000000008bd00000, 0x000000008be00000, 0x000000008be00000|100%|HS|  |TAMS 0x000000008be00000, 0x000000008bd00000| Complete 
| 108|0x000000008be00000, 0x000000008bf00000, 0x000000008bf00000|100%|HC|  |TAMS 0x000000008bf00000, 0x000000008be00000| Complete 
| 109|0x000000008bf00000, 0x000000008c000000, 0x000000008c000000|100%|HC|  |TAMS 0x000000008c000000, 0x000000008bf00000| Complete 
| 110|0x000000008c000000, 0x000000008c100000, 0x000000008c100000|100%| O|  |TAMS 0x000000008c100000, 0x000000008c000000| Untracked 
| 111|0x000000008c100000, 0x000000008c200000, 0x000000008c200000|100%| O|  |TAMS 0x000000008c200000, 0x000000008c100000| Untracked 
| 112|0x000000008c200000, 0x000000008c300000, 0x000000008c300000|100%| O|  |TAMS 0x000000008c300000, 0x000000008c200000| Untracked 
| 113|0x000000008c300000, 0x000000008c400000, 0x000000008c400000|100%| O|  |TAMS 0x000000008c400000, 0x000000008c300000| Untracked 
| 114|0x000000008c400000, 0x000000008c500000, 0x000000008c500000|100%| O|  |TAMS 0x000000008c500000, 0x000000008c400000| Untracked 
| 115|0x000000008c500000, 0x000000008c600000, 0x000000008c600000|100%| O|  |TAMS 0x000000008c600000, 0x000000008c500000| Untracked 
| 116|0x000000008c600000, 0x000000008c700000, 0x000000008c700000|100%| O|  |TAMS 0x000000008c700000, 0x000000008c600000| Untracked 
| 117|0x000000008c700000, 0x000000008c800000, 0x000000008c800000|100%| O|  |TAMS 0x000000008c800000, 0x000000008c700000| Untracked 
| 118|0x000000008c800000, 0x000000008c900000, 0x000000008c900000|100%| O|  |TAMS 0x000000008c8d6400, 0x000000008c800000| Untracked 
| 119|0x000000008c900000, 0x000000008c9bfc00, 0x000000008ca00000| 74%| O|  |TAMS 0x000000008c900000, 0x000000008c900000| Untracked 
| 120|0x000000008ca00000, 0x000000008ca00000, 0x000000008cb00000|  0%| F|  |TAMS 0x000000008ca00000, 0x000000008ca00000| Untracked 
| 121|0x000000008cb00000, 0x000000008cb00000, 0x000000008cc00000|  0%| F|  |TAMS 0x000000008cb00000, 0x000000008cb00000| Untracked 
| 122|0x000000008cc00000, 0x000000008cc00000, 0x000000008cd00000|  0%| F|  |TAMS 0x000000008cc00000, 0x000000008cc00000| Untracked 
| 123|0x000000008cd00000, 0x000000008cd00000, 0x000000008ce00000|  0%| F|  |TAMS 0x000000008cd00000, 0x000000008cd00000| Untracked 
| 124|0x000000008ce00000, 0x000000008ce00000, 0x000000008cf00000|  0%| F|  |TAMS 0x000000008ce00000, 0x000000008ce00000| Untracked 
| 125|0x000000008cf00000, 0x000000008cf00000, 0x000000008d000000|  0%| F|  |TAMS 0x000000008cf00000, 0x000000008cf00000| Untracked 
| 126|0x000000008d000000, 0x000000008d000000, 0x000000008d100000|  0%| F|  |TAMS 0x000000008d000000, 0x000000008d000000| Untracked 
| 127|0x000000008d100000, 0x000000008d100000, 0x000000008d200000|  0%| F|  |TAMS 0x000000008d100000, 0x000000008d100000| Untracked 
| 128|0x000000008d200000, 0x000000008d200000, 0x000000008d300000|  0%| F|  |TAMS 0x000000008d200000, 0x000000008d200000| Untracked 
| 129|0x000000008d300000, 0x000000008d300000, 0x000000008d400000|  0%| F|  |TAMS 0x000000008d300000, 0x000000008d300000| Untracked 
| 130|0x000000008d400000, 0x000000008d400000, 0x000000008d500000|  0%| F|  |TAMS 0x000000008d400000, 0x000000008d400000| Untracked 
| 131|0x000000008d500000, 0x000000008d500000, 0x000000008d600000|  0%| F|  |TAMS 0x000000008d500000, 0x000000008d500000| Untracked 
| 132|0x000000008d600000, 0x000000008d600000, 0x000000008d700000|  0%| F|  |TAMS 0x000000008d600000, 0x000000008d600000| Untracked 
| 133|0x000000008d700000, 0x000000008d700000, 0x000000008d800000|  0%| F|  |TAMS 0x000000008d700000, 0x000000008d700000| Untracked 
| 134|0x000000008d800000, 0x000000008d800000, 0x000000008d900000|  0%| F|  |TAMS 0x000000008d800000, 0x000000008d800000| Untracked 
| 135|0x000000008d900000, 0x000000008d900000, 0x000000008da00000|  0%| F|  |TAMS 0x000000008d900000, 0x000000008d900000| Untracked 
| 136|0x000000008da00000, 0x000000008da00000, 0x000000008db00000|  0%| F|  |TAMS 0x000000008da00000, 0x000000008da00000| Untracked 
| 137|0x000000008db00000, 0x000000008db00000, 0x000000008dc00000|  0%| F|  |TAMS 0x000000008db00000, 0x000000008db00000| Untracked 
| 138|0x000000008dc00000, 0x000000008dc00000, 0x000000008dd00000|  0%| F|  |TAMS 0x000000008dc00000, 0x000000008dc00000| Untracked 
| 139|0x000000008dd00000, 0x000000008dd00000, 0x000000008de00000|  0%| F|  |TAMS 0x000000008dd00000, 0x000000008dd00000| Untracked 
| 140|0x000000008de00000, 0x000000008de00000, 0x000000008df00000|  0%| F|  |TAMS 0x000000008de00000, 0x000000008de00000| Untracked 
| 141|0x000000008df00000, 0x000000008df00000, 0x000000008e000000|  0%| F|  |TAMS 0x000000008df00000, 0x000000008df00000| Untracked 
| 142|0x000000008e000000, 0x000000008e000000, 0x000000008e100000|  0%| F|  |TAMS 0x000000008e000000, 0x000000008e000000| Untracked 
| 143|0x000000008e100000, 0x000000008e100000, 0x000000008e200000|  0%| F|  |TAMS 0x000000008e100000, 0x000000008e100000| Untracked 
| 144|0x000000008e200000, 0x000000008e200000, 0x000000008e300000|  0%| F|  |TAMS 0x000000008e200000, 0x000000008e200000| Untracked 
| 145|0x000000008e300000, 0x000000008e300000, 0x000000008e400000|  0%| F|  |TAMS 0x000000008e300000, 0x000000008e300000| Untracked 
| 146|0x000000008e400000, 0x000000008e400000, 0x000000008e500000|  0%| F|  |TAMS 0x000000008e400000, 0x000000008e400000| Untracked 
| 147|0x000000008e500000, 0x000000008e500000, 0x000000008e600000|  0%| F|  |TAMS 0x000000008e500000, 0x000000008e500000| Untracked 
| 148|0x000000008e600000, 0x000000008e600000, 0x000000008e700000|  0%| F|  |TAMS 0x000000008e600000, 0x000000008e600000| Untracked 
| 149|0x000000008e700000, 0x000000008e700000, 0x000000008e800000|  0%| F|  |TAMS 0x000000008e700000, 0x000000008e700000| Untracked 
| 150|0x000000008e800000, 0x000000008e800000, 0x000000008e900000|  0%| F|  |TAMS 0x000000008e800000, 0x000000008e800000| Untracked 
| 151|0x000000008e900000, 0x000000008e900000, 0x000000008ea00000|  0%| F|  |TAMS 0x000000008e900000, 0x000000008e900000| Untracked 
| 152|0x000000008ea00000, 0x000000008ea00000, 0x000000008eb00000|  0%| F|  |TAMS 0x000000008ea00000, 0x000000008ea00000| Untracked 
| 153|0x000000008eb00000, 0x000000008eb00000, 0x000000008ec00000|  0%| F|  |TAMS 0x000000008eb00000, 0x000000008eb00000| Untracked 
| 154|0x000000008ec00000, 0x000000008ec00000, 0x000000008ed00000|  0%| F|  |TAMS 0x000000008ec00000, 0x000000008ec00000| Untracked 
| 155|0x000000008ed00000, 0x000000008ed00000, 0x000000008ee00000|  0%| F|  |TAMS 0x000000008ed00000, 0x000000008ed00000| Untracked 
| 156|0x000000008ee00000, 0x000000008ef00000, 0x000000008ef00000|100%| S|CS|TAMS 0x000000008ee00000, 0x000000008ee00000| Complete 
| 157|0x000000008ef00000, 0x000000008ef00000, 0x000000008f000000|  0%| F|  |TAMS 0x000000008ef00000, 0x000000008ef00000| Untracked 
| 158|0x000000008f000000, 0x000000008f000000, 0x000000008f100000|  0%| F|  |TAMS 0x000000008f000000, 0x000000008f000000| Untracked 
| 159|0x000000008f100000, 0x000000008f200000, 0x000000008f200000|100%| S|CS|TAMS 0x000000008f100000, 0x000000008f100000| Complete 
| 160|0x000000008f200000, 0x000000008f300000, 0x000000008f300000|100%| S|CS|TAMS 0x000000008f200000, 0x000000008f200000| Complete 
| 161|0x000000008f300000, 0x000000008f400000, 0x000000008f400000|100%| S|CS|TAMS 0x000000008f300000, 0x000000008f300000| Complete 
| 162|0x000000008f400000, 0x000000008f500000, 0x000000008f500000|100%| S|CS|TAMS 0x000000008f400000, 0x000000008f400000| Complete 
| 163|0x000000008f500000, 0x000000008f600000, 0x000000008f600000|100%| S|CS|TAMS 0x000000008f500000, 0x000000008f500000| Complete 
| 164|0x000000008f600000, 0x000000008f700000, 0x000000008f700000|100%| S|CS|TAMS 0x000000008f600000, 0x000000008f600000| Complete 
| 165|0x000000008f700000, 0x000000008f700000, 0x000000008f800000|  0%| F|  |TAMS 0x000000008f700000, 0x000000008f700000| Untracked 
| 166|0x000000008f800000, 0x000000008f800000, 0x000000008f900000|  0%| F|  |TAMS 0x000000008f800000, 0x000000008f800000| Untracked 
| 167|0x000000008f900000, 0x000000008f900000, 0x000000008fa00000|  0%| F|  |TAMS 0x000000008f900000, 0x000000008f900000| Untracked 
| 168|0x000000008fa00000, 0x000000008fa00000, 0x000000008fb00000|  0%| F|  |TAMS 0x000000008fa00000, 0x000000008fa00000| Untracked 
| 169|0x000000008fb00000, 0x000000008fb00000, 0x000000008fc00000|  0%| F|  |TAMS 0x000000008fb00000, 0x000000008fb00000| Untracked 
| 170|0x000000008fc00000, 0x000000008fc00000, 0x000000008fd00000|  0%| F|  |TAMS 0x000000008fc00000, 0x000000008fc00000| Untracked 
| 171|0x000000008fd00000, 0x000000008fd00000, 0x000000008fe00000|  0%| F|  |TAMS 0x000000008fd00000, 0x000000008fd00000| Untracked 
| 172|0x000000008fe00000, 0x000000008fe00000, 0x000000008ff00000|  0%| F|  |TAMS 0x000000008fe00000, 0x000000008fe00000| Untracked 
| 173|0x000000008ff00000, 0x000000008ff00000, 0x0000000090000000|  0%| F|  |TAMS 0x000000008ff00000, 0x000000008ff00000| Untracked 
| 174|0x0000000090000000, 0x0000000090000000, 0x0000000090100000|  0%| F|  |TAMS 0x0000000090000000, 0x0000000090000000| Untracked 
| 175|0x0000000090100000, 0x0000000090100000, 0x0000000090200000|  0%| F|  |TAMS 0x0000000090100000, 0x0000000090100000| Untracked 
| 176|0x0000000090200000, 0x0000000090200000, 0x0000000090300000|  0%| F|  |TAMS 0x0000000090200000, 0x0000000090200000| Untracked 
| 177|0x0000000090300000, 0x0000000090300000, 0x0000000090400000|  0%| F|  |TAMS 0x0000000090300000, 0x0000000090300000| Untracked 
| 178|0x0000000090400000, 0x0000000090400000, 0x0000000090500000|  0%| F|  |TAMS 0x0000000090400000, 0x0000000090400000| Untracked 
| 179|0x0000000090500000, 0x0000000090500000, 0x0000000090600000|  0%| F|  |TAMS 0x0000000090500000, 0x0000000090500000| Untracked 
| 180|0x0000000090600000, 0x0000000090600000, 0x0000000090700000|  0%| F|  |TAMS 0x0000000090600000, 0x0000000090600000| Untracked 
| 181|0x0000000090700000, 0x0000000090700000, 0x0000000090800000|  0%| F|  |TAMS 0x0000000090700000, 0x0000000090700000| Untracked 
| 182|0x0000000090800000, 0x0000000090800000, 0x0000000090900000|  0%| F|  |TAMS 0x0000000090800000, 0x0000000090800000| Untracked 
| 183|0x0000000090900000, 0x0000000090900000, 0x0000000090a00000|  0%| F|  |TAMS 0x0000000090900000, 0x0000000090900000| Untracked 
| 184|0x0000000090a00000, 0x0000000090a00000, 0x0000000090b00000|  0%| F|  |TAMS 0x0000000090a00000, 0x0000000090a00000| Untracked 
| 185|0x0000000090b00000, 0x0000000090b00000, 0x0000000090c00000|  0%| F|  |TAMS 0x0000000090b00000, 0x0000000090b00000| Untracked 
| 186|0x0000000090c00000, 0x0000000090c00000, 0x0000000090d00000|  0%| F|  |TAMS 0x0000000090c00000, 0x0000000090c00000| Untracked 
| 187|0x0000000090d00000, 0x0000000090d00000, 0x0000000090e00000|  0%| F|  |TAMS 0x0000000090d00000, 0x0000000090d00000| Untracked 
| 188|0x0000000090e00000, 0x0000000090e00000, 0x0000000090f00000|  0%| F|  |TAMS 0x0000000090e00000, 0x0000000090e00000| Untracked 
| 189|0x0000000090f00000, 0x0000000090f00000, 0x0000000091000000|  0%| F|  |TAMS 0x0000000090f00000, 0x0000000090f00000| Untracked 
| 190|0x0000000091000000, 0x0000000091000000, 0x0000000091100000|  0%| F|  |TAMS 0x0000000091000000, 0x0000000091000000| Untracked 
| 191|0x0000000091100000, 0x0000000091100000, 0x0000000091200000|  0%| F|  |TAMS 0x0000000091100000, 0x0000000091100000| Untracked 
| 192|0x0000000091200000, 0x0000000091200000, 0x0000000091300000|  0%| F|  |TAMS 0x0000000091200000, 0x0000000091200000| Untracked 
| 193|0x0000000091300000, 0x0000000091300000, 0x0000000091400000|  0%| F|  |TAMS 0x0000000091300000, 0x0000000091300000| Untracked 
| 194|0x0000000091400000, 0x0000000091400000, 0x0000000091500000|  0%| F|  |TAMS 0x0000000091400000, 0x0000000091400000| Untracked 
| 195|0x0000000091500000, 0x0000000091500000, 0x0000000091600000|  0%| F|  |TAMS 0x0000000091500000, 0x0000000091500000| Untracked 
| 196|0x0000000091600000, 0x0000000091600000, 0x0000000091700000|  0%| F|  |TAMS 0x0000000091600000, 0x0000000091600000| Untracked 
| 197|0x0000000091700000, 0x0000000091700000, 0x0000000091800000|  0%| F|  |TAMS 0x0000000091700000, 0x0000000091700000| Untracked 
| 198|0x0000000091800000, 0x0000000091800000, 0x0000000091900000|  0%| F|  |TAMS 0x0000000091800000, 0x0000000091800000| Untracked 
| 199|0x0000000091900000, 0x0000000091900000, 0x0000000091a00000|  0%| F|  |TAMS 0x0000000091900000, 0x0000000091900000| Untracked 
| 200|0x0000000091a00000, 0x0000000091a00000, 0x0000000091b00000|  0%| F|  |TAMS 0x0000000091a00000, 0x0000000091a00000| Untracked 
| 201|0x0000000091b00000, 0x0000000091b00000, 0x0000000091c00000|  0%| F|  |TAMS 0x0000000091b00000, 0x0000000091b00000| Untracked 
| 202|0x0000000091c00000, 0x0000000091c00000, 0x0000000091d00000|  0%| F|  |TAMS 0x0000000091c00000, 0x0000000091c00000| Untracked 
| 203|0x0000000091d00000, 0x0000000091d00000, 0x0000000091e00000|  0%| F|  |TAMS 0x0000000091d00000, 0x0000000091d00000| Untracked 
| 204|0x0000000091e00000, 0x0000000091e00000, 0x0000000091f00000|  0%| F|  |TAMS 0x0000000091e00000, 0x0000000091e00000| Untracked 
| 205|0x0000000091f00000, 0x0000000091f00000, 0x0000000092000000|  0%| F|  |TAMS 0x0000000091f00000, 0x0000000091f00000| Untracked 
| 206|0x0000000092000000, 0x0000000092000000, 0x0000000092100000|  0%| F|  |TAMS 0x0000000092000000, 0x0000000092000000| Untracked 
| 207|0x0000000092100000, 0x0000000092100000, 0x0000000092200000|  0%| F|  |TAMS 0x0000000092100000, 0x0000000092100000| Untracked 
| 208|0x0000000092200000, 0x0000000092200000, 0x0000000092300000|  0%| F|  |TAMS 0x0000000092200000, 0x0000000092200000| Untracked 
| 209|0x0000000092300000, 0x0000000092300000, 0x0000000092400000|  0%| F|  |TAMS 0x0000000092300000, 0x0000000092300000| Untracked 
| 210|0x0000000092400000, 0x0000000092400000, 0x0000000092500000|  0%| F|  |TAMS 0x0000000092400000, 0x0000000092400000| Untracked 
| 211|0x0000000092500000, 0x0000000092500000, 0x0000000092600000|  0%| F|  |TAMS 0x0000000092500000, 0x0000000092500000| Untracked 
| 212|0x0000000092600000, 0x0000000092600000, 0x0000000092700000|  0%| F|  |TAMS 0x0000000092600000, 0x0000000092600000| Untracked 
| 213|0x0000000092700000, 0x0000000092700000, 0x0000000092800000|  0%| F|  |TAMS 0x0000000092700000, 0x0000000092700000| Untracked 
| 214|0x0000000092800000, 0x0000000092800000, 0x0000000092900000|  0%| F|  |TAMS 0x0000000092800000, 0x0000000092800000| Untracked 
| 215|0x0000000092900000, 0x0000000092900000, 0x0000000092a00000|  0%| F|  |TAMS 0x0000000092900000, 0x0000000092900000| Untracked 
| 216|0x0000000092a00000, 0x0000000092a00000, 0x0000000092b00000|  0%| F|  |TAMS 0x0000000092a00000, 0x0000000092a00000| Untracked 
| 217|0x0000000092b00000, 0x0000000092b00000, 0x0000000092c00000|  0%| F|  |TAMS 0x0000000092b00000, 0x0000000092b00000| Untracked 
| 218|0x0000000092c00000, 0x0000000092c00000, 0x0000000092d00000|  0%| F|  |TAMS 0x0000000092c00000, 0x0000000092c00000| Untracked 
| 219|0x0000000092d00000, 0x0000000092d00000, 0x0000000092e00000|  0%| F|  |TAMS 0x0000000092d00000, 0x0000000092d00000| Untracked 
| 220|0x0000000092e00000, 0x0000000092e00000, 0x0000000092f00000|  0%| F|  |TAMS 0x0000000092e00000, 0x0000000092e00000| Untracked 
| 221|0x0000000092f00000, 0x0000000092f00000, 0x0000000093000000|  0%| F|  |TAMS 0x0000000092f00000, 0x0000000092f00000| Untracked 
| 222|0x0000000093000000, 0x0000000093000000, 0x0000000093100000|  0%| F|  |TAMS 0x0000000093000000, 0x0000000093000000| Untracked 
| 223|0x0000000093100000, 0x0000000093100000, 0x0000000093200000|  0%| F|  |TAMS 0x0000000093100000, 0x0000000093100000| Untracked 
| 224|0x0000000093200000, 0x0000000093200000, 0x0000000093300000|  0%| F|  |TAMS 0x0000000093200000, 0x0000000093200000| Untracked 
| 225|0x0000000093300000, 0x0000000093300000, 0x0000000093400000|  0%| F|  |TAMS 0x0000000093300000, 0x0000000093300000| Untracked 
| 226|0x0000000093400000, 0x0000000093400000, 0x0000000093500000|  0%| F|  |TAMS 0x0000000093400000, 0x0000000093400000| Untracked 
| 227|0x0000000093500000, 0x0000000093500000, 0x0000000093600000|  0%| F|  |TAMS 0x0000000093500000, 0x0000000093500000| Untracked 
| 228|0x0000000093600000, 0x0000000093600000, 0x0000000093700000|  0%| F|  |TAMS 0x0000000093600000, 0x0000000093600000| Untracked 
| 229|0x0000000093700000, 0x0000000093700000, 0x0000000093800000|  0%| F|  |TAMS 0x0000000093700000, 0x0000000093700000| Untracked 
| 230|0x0000000093800000, 0x0000000093800000, 0x0000000093900000|  0%| F|  |TAMS 0x0000000093800000, 0x0000000093800000| Untracked 
| 231|0x0000000093900000, 0x0000000093900000, 0x0000000093a00000|  0%| F|  |TAMS 0x0000000093900000, 0x0000000093900000| Untracked 
| 232|0x0000000093a00000, 0x0000000093a00000, 0x0000000093b00000|  0%| F|  |TAMS 0x0000000093a00000, 0x0000000093a00000| Untracked 
| 233|0x0000000093b00000, 0x0000000093b00000, 0x0000000093c00000|  0%| F|  |TAMS 0x0000000093b00000, 0x0000000093b00000| Untracked 
| 234|0x0000000093c00000, 0x0000000093c00000, 0x0000000093d00000|  0%| F|  |TAMS 0x0000000093c00000, 0x0000000093c00000| Untracked 
| 235|0x0000000093d00000, 0x0000000093d00000, 0x0000000093e00000|  0%| F|  |TAMS 0x0000000093d00000, 0x0000000093d00000| Untracked 
| 236|0x0000000093e00000, 0x0000000093e00000, 0x0000000093f00000|  0%| F|  |TAMS 0x0000000093e00000, 0x0000000093e00000| Untracked 
| 237|0x0000000093f00000, 0x0000000093f00000, 0x0000000094000000|  0%| F|  |TAMS 0x0000000093f00000, 0x0000000093f00000| Untracked 
| 238|0x0000000094000000, 0x0000000094000000, 0x0000000094100000|  0%| F|  |TAMS 0x0000000094000000, 0x0000000094000000| Untracked 
| 239|0x0000000094100000, 0x0000000094100000, 0x0000000094200000|  0%| F|  |TAMS 0x0000000094100000, 0x0000000094100000| Untracked 
| 240|0x0000000094200000, 0x0000000094200000, 0x0000000094300000|  0%| F|  |TAMS 0x0000000094200000, 0x0000000094200000| Untracked 
| 241|0x0000000094300000, 0x0000000094300000, 0x0000000094400000|  0%| F|  |TAMS 0x0000000094300000, 0x0000000094300000| Untracked 
| 242|0x0000000094400000, 0x0000000094400000, 0x0000000094500000|  0%| F|  |TAMS 0x0000000094400000, 0x0000000094400000| Untracked 
| 243|0x0000000094500000, 0x0000000094500000, 0x0000000094600000|  0%| F|  |TAMS 0x0000000094500000, 0x0000000094500000| Untracked 
| 244|0x0000000094600000, 0x0000000094600000, 0x0000000094700000|  0%| F|  |TAMS 0x0000000094600000, 0x0000000094600000| Untracked 
| 245|0x0000000094700000, 0x0000000094700000, 0x0000000094800000|  0%| F|  |TAMS 0x0000000094700000, 0x0000000094700000| Untracked 
| 246|0x0000000094800000, 0x0000000094800000, 0x0000000094900000|  0%| F|  |TAMS 0x0000000094800000, 0x0000000094800000| Untracked 
| 247|0x0000000094900000, 0x0000000094900000, 0x0000000094a00000|  0%| F|  |TAMS 0x0000000094900000, 0x0000000094900000| Untracked 
| 248|0x0000000094a00000, 0x0000000094a00000, 0x0000000094b00000|  0%| F|  |TAMS 0x0000000094a00000, 0x0000000094a00000| Untracked 
| 249|0x0000000094b00000, 0x0000000094b00000, 0x0000000094c00000|  0%| F|  |TAMS 0x0000000094b00000, 0x0000000094b00000| Untracked 
| 250|0x0000000094c00000, 0x0000000094c00000, 0x0000000094d00000|  0%| F|  |TAMS 0x0000000094c00000, 0x0000000094c00000| Untracked 
| 251|0x0000000094d00000, 0x0000000094d00000, 0x0000000094e00000|  0%| F|  |TAMS 0x0000000094d00000, 0x0000000094d00000| Untracked 
| 252|0x0000000094e00000, 0x0000000094e00000, 0x0000000094f00000|  0%| F|  |TAMS 0x0000000094e00000, 0x0000000094e00000| Untracked 
| 253|0x0000000094f00000, 0x0000000094f00000, 0x0000000095000000|  0%| F|  |TAMS 0x0000000094f00000, 0x0000000094f00000| Untracked 
| 254|0x0000000095000000, 0x0000000095000000, 0x0000000095100000|  0%| F|  |TAMS 0x0000000095000000, 0x0000000095000000| Untracked 
| 255|0x0000000095100000, 0x0000000095100000, 0x0000000095200000|  0%| F|  |TAMS 0x0000000095100000, 0x0000000095100000| Untracked 
| 256|0x0000000095200000, 0x0000000095200000, 0x0000000095300000|  0%| F|  |TAMS 0x0000000095200000, 0x0000000095200000| Untracked 
| 257|0x0000000095300000, 0x0000000095300000, 0x0000000095400000|  0%| F|  |TAMS 0x0000000095300000, 0x0000000095300000| Untracked 
| 258|0x0000000095400000, 0x0000000095400000, 0x0000000095500000|  0%| F|  |TAMS 0x0000000095400000, 0x0000000095400000| Untracked 
| 259|0x0000000095500000, 0x0000000095500000, 0x0000000095600000|  0%| F|  |TAMS 0x0000000095500000, 0x0000000095500000| Untracked 
| 260|0x0000000095600000, 0x0000000095600000, 0x0000000095700000|  0%| F|  |TAMS 0x0000000095600000, 0x0000000095600000| Untracked 

Card table byte_map: [0x0000022b7baf0000,0x0000022b7bed0000] _byte_map_base: 0x0000022b7b6c7000

Marking Bits (Prev, Next): (CMBitMap*) 0x0000022b7b398620, (CMBitMap*) 0x0000022b7b398660
 Prev Bits: [0x0000022b7c2b0000, 0x0000022b7e168000)
 Next Bits: [0x0000022b17170000, 0x0000022b19028000)

Polling page: 0x0000022b792c0000

Metaspace:

Usage:
  Non-class:     73.90 MB used.
      Class:      9.37 MB used.
       Both:     83.27 MB used.

Virtual space:
  Non-class space:       80.00 MB reserved,      74.31 MB ( 93%) committed,  10 nodes.
      Class space:        1.00 GB reserved,       9.81 MB ( <1%) committed,  1 nodes.
             Both:        1.08 GB reserved,      84.12 MB (  8%) committed. 

Chunk freelists:
   Non-Class:  1.39 MB
       Class:  2.11 MB
        Both:  3.50 MB

MaxMetaspaceSize: unlimited
CompressedClassSpaceSize: 1.00 GB
Initial GC threshold: 21.00 MB
Current GC threshold: 138.12 MB
CDS: off
MetaspaceReclaimPolicy: balanced
 - commit_granule_bytes: 65536.
 - commit_granule_words: 8192.
 - virtual_space_node_default_size: 1048576.
 - enlarge_chunks_in_place: 1.
 - new_chunks_are_fully_committed: 0.
 - uncommit_free_chunks: 1.
 - use_allocation_guard: 0.
 - handle_deallocations: 1.


Internal statistics:

num_allocs_failed_limit: 9.
num_arena_births: 784.
num_arena_deaths: 0.
num_vsnodes_births: 11.
num_vsnodes_deaths: 0.
num_space_committed: 1346.
num_space_uncommitted: 0.
num_chunks_returned_to_freelist: 9.
num_chunks_taken_from_freelist: 2999.
num_chunk_merges: 6.
num_chunk_splits: 2161.
num_chunks_enlarged: 1617.
num_purges: 2.
num_inconsistent_stats: 0.

CodeHeap 'non-profiled nmethods': size=120000Kb used=5233Kb max_used=5233Kb free=114766Kb
 bounds [0x0000022b0fc40000, 0x0000022b10160000, 0x0000022b17170000]
CodeHeap 'profiled nmethods': size=120000Kb used=14775Kb max_used=15091Kb free=105224Kb
 bounds [0x0000022b08170000, 0x0000022b09060000, 0x0000022b0f6a0000]
CodeHeap 'non-nmethods': size=5760Kb used=1490Kb max_used=1560Kb free=4269Kb
 bounds [0x0000022b0f6a0000, 0x0000022b0f910000, 0x0000022b0fc40000]
 total_blobs=8070 nmethods=7201 adapters=781
 compilation: enabled
              stopped_count=0, restarted_count=0
 full_count=0

Compilation events (20 events):
Event: 15.507 Thread 0x0000022b7f45fb50 8677       1       com.st.microxplorer.plugins.thirdparty.db.solver.condition.EvaluatedConditionItem::dealsWithComponents (2 bytes)
Event: 15.507 Thread 0x0000022b7f45fb50 nmethod 8677 0x0000022b10072b10 code [0x0000022b10072ca0, 0x0000022b10072d78]
Event: 15.508 Thread 0x0000022b7f45fb50 8678       3       com.st.microxplorer.plugins.thirdparty.model.ModelComponent::resolvevApi (16 bytes)
Event: 15.509 Thread 0x0000022b7f45fb50 nmethod 8678 0x0000022b08955c90 code [0x0000022b08955e40, 0x0000022b08955fc8]
Event: 15.513 Thread 0x0000022b7f45fb50 8680       3       com.st.microxplorer.plugins.thirdparty.db.solver.condition.RealEvaluatedCondition::checkDealsWithComponents (89 bytes)
Event: 15.514 Thread 0x0000022b7f45fb50 nmethod 8680 0x0000022b08c6a310 code [0x0000022b08c6a560, 0x0000022b08c6b018]
Event: 15.514 Thread 0x0000022b7f45fb50 8679       3       com.st.microxplorer.plugins.thirdparty.db.solver.condition.RealEvaluatedCondition::buildExternalMatchings (33 bytes)
Event: 15.515 Thread 0x0000022b7f45fb50 nmethod 8679 0x0000022b08c68990 code [0x0000022b08c68c60, 0x0000022b08c69c98]
Event: 15.521 Thread 0x0000022b7f45fb50 8681       3       com.st.microxplorer.plugins.thirdparty.db.solver.matcher.ApiMatcher::matches (20 bytes)
Event: 15.521 Thread 0x0000022b7f45fb50 nmethod 8681 0x0000022b08955710 code [0x0000022b089558c0, 0x0000022b08955b58]
Event: 15.521 Thread 0x0000022b7f45fb50 8682       3       com.st.microxplorer.plugins.thirdparty.model.ModelComponent$VirtualApiCondition::matches (44 bytes)
Event: 15.522 Thread 0x0000022b7f45fb50 nmethod 8682 0x0000022b08182a90 code [0x0000022b08182ca0, 0x0000022b08183408]
Event: 15.522 Thread 0x0000022b7f45fb50 8683       3       com.st.microxplorer.plugins.thirdparty.db.solver.getter.api.ApiClassGetter::getValue (5 bytes)
Event: 15.522 Thread 0x0000022b7f45fb50 nmethod 8683 0x0000022b08955110 code [0x0000022b089552c0, 0x0000022b08955478]
Event: 15.523 Thread 0x0000022b7f45fb50 8684       3       com.st.components.util.VersionDescriptor::<init> (274 bytes)
Event: 15.525 Thread 0x0000022b7f45fb50 nmethod 8684 0x0000022b08f3ba10 code [0x0000022b08f3be40, 0x0000022b08f3d828]
Event: 15.528 Thread 0x0000022b7f45fb50 8686       3       com.st.microxplorer.plugins.thirdparty.db.solver.condition.EvaluatedConditionItem::buildExternalMatchings (1 bytes)
Event: 15.528 Thread 0x0000022b7f45fb50 nmethod 8686 0x0000022b08f3b690 code [0x0000022b08f3b820, 0x0000022b08f3b938]
Event: 15.528 Thread 0x0000022b7f45fb50 8685       1       com.st.microxplorer.plugins.thirdparty.db.solver.condition.RealEvaluatedCondition::dealsWithComponents (5 bytes)
Event: 15.528 Thread 0x0000022b7f45fb50 nmethod 8685 0x0000022b10072810 code [0x0000022b100729a0, 0x0000022b10072a78]

GC Heap History (20 events):
Event: 13.660 GC heap after
{Heap after GC invocations=56 (full 0):
 garbage-first heap   total 267264K, used 127777K [0x0000000085200000, 0x0000000100000000)
  region size 1024K, 6 young (6144K), 6 survivors (6144K)
 Metaspace       used 83956K, committed 84864K, reserved 1130496K
  class space    used 9493K, committed 9920K, reserved 1048576K
}
Event: 13.789 GC heap before
{Heap before GC invocations=56 (full 0):
 garbage-first heap   total 267264K, used 225057K [0x0000000085200000, 0x0000000100000000)
  region size 1024K, 101 young (103424K), 6 survivors (6144K)
 Metaspace       used 83957K, committed 84864K, reserved 1130496K
  class space    used 9493K, committed 9920K, reserved 1048576K
}
Event: 13.792 GC heap after
{Heap after GC invocations=57 (full 0):
 garbage-first heap   total 267264K, used 128704K [0x0000000085200000, 0x0000000100000000)
  region size 1024K, 7 young (7168K), 7 survivors (7168K)
 Metaspace       used 83957K, committed 84864K, reserved 1130496K
  class space    used 9493K, committed 9920K, reserved 1048576K
}
Event: 13.951 GC heap before
{Heap before GC invocations=58 (full 0):
 garbage-first heap   total 267264K, used 217792K [0x0000000085200000, 0x0000000100000000)
  region size 1024K, 102 young (104448K), 7 survivors (7168K)
 Metaspace       used 83959K, committed 84864K, reserved 1130496K
  class space    used 9493K, committed 9920K, reserved 1048576K
}
Event: 13.954 GC heap after
{Heap after GC invocations=59 (full 0):
 garbage-first heap   total 267264K, used 122000K [0x0000000085200000, 0x0000000100000000)
  region size 1024K, 9 young (9216K), 9 survivors (9216K)
 Metaspace       used 83959K, committed 84864K, reserved 1130496K
  class space    used 9493K, committed 9920K, reserved 1048576K
}
Event: 13.958 GC heap before
{Heap before GC invocations=59 (full 0):
 garbage-first heap   total 267264K, used 126096K [0x0000000085200000, 0x0000000100000000)
  region size 1024K, 13 young (13312K), 9 survivors (9216K)
 Metaspace       used 83959K, committed 84864K, reserved 1130496K
  class space    used 9493K, committed 9920K, reserved 1048576K
}
Event: 13.962 GC heap after
{Heap after GC invocations=60 (full 0):
 garbage-first heap   total 267264K, used 117015K [0x0000000085200000, 0x0000000100000000)
  region size 1024K, 1 young (1024K), 1 survivors (1024K)
 Metaspace       used 83959K, committed 84864K, reserved 1130496K
  class space    used 9493K, committed 9920K, reserved 1048576K
}
Event: 14.117 GC heap before
{Heap before GC invocations=60 (full 0):
 garbage-first heap   total 267264K, used 224535K [0x0000000085200000, 0x0000000100000000)
  region size 1024K, 106 young (108544K), 1 survivors (1024K)
 Metaspace       used 83959K, committed 84864K, reserved 1130496K
  class space    used 9493K, committed 9920K, reserved 1048576K
}
Event: 14.119 GC heap after
{Heap after GC invocations=61 (full 0):
 garbage-first heap   total 267264K, used 119239K [0x0000000085200000, 0x0000000100000000)
  region size 1024K, 3 young (3072K), 3 survivors (3072K)
 Metaspace       used 83959K, committed 84864K, reserved 1130496K
  class space    used 9493K, committed 9920K, reserved 1048576K
}
Event: 14.334 GC heap before
{Heap before GC invocations=61 (full 0):
 garbage-first heap   total 267264K, used 225735K [0x0000000085200000, 0x0000000100000000)
  region size 1024K, 107 young (109568K), 3 survivors (3072K)
 Metaspace       used 84281K, committed 85248K, reserved 1130496K
  class space    used 9529K, committed 9984K, reserved 1048576K
}
Event: 14.336 GC heap after
{Heap after GC invocations=62 (full 0):
 garbage-first heap   total 267264K, used 120191K [0x0000000085200000, 0x0000000100000000)
  region size 1024K, 4 young (4096K), 4 survivors (4096K)
 Metaspace       used 84281K, committed 85248K, reserved 1130496K
  class space    used 9529K, committed 9984K, reserved 1048576K
}
Event: 14.537 GC heap before
{Heap before GC invocations=62 (full 0):
 garbage-first heap   total 267264K, used 226687K [0x0000000085200000, 0x0000000100000000)
  region size 1024K, 108 young (110592K), 4 survivors (4096K)
 Metaspace       used 84554K, committed 85440K, reserved 1130496K
  class space    used 9532K, committed 9984K, reserved 1048576K
}
Event: 14.539 GC heap after
{Heap after GC invocations=63 (full 0):
 garbage-first heap   total 267264K, used 121429K [0x0000000085200000, 0x0000000100000000)
  region size 1024K, 5 young (5120K), 5 survivors (5120K)
 Metaspace       used 84554K, committed 85440K, reserved 1130496K
  class space    used 9532K, committed 9984K, reserved 1048576K
}
Event: 14.671 GC heap before
{Heap before GC invocations=63 (full 0):
 garbage-first heap   total 267264K, used 228949K [0x0000000085200000, 0x0000000100000000)
  region size 1024K, 110 young (112640K), 5 survivors (5120K)
 Metaspace       used 84560K, committed 85440K, reserved 1130496K
  class space    used 9532K, committed 9984K, reserved 1048576K
}
Event: 14.675 GC heap after
{Heap after GC invocations=64 (full 0):
 garbage-first heap   total 267264K, used 123029K [0x0000000085200000, 0x0000000100000000)
  region size 1024K, 7 young (7168K), 7 survivors (7168K)
 Metaspace       used 84560K, committed 85440K, reserved 1130496K
  class space    used 9532K, committed 9984K, reserved 1048576K
}
Event: 15.097 GC heap before
{Heap before GC invocations=64 (full 0):
 garbage-first heap   total 267264K, used 229525K [0x0000000085200000, 0x0000000100000000)
  region size 1024K, 111 young (113664K), 7 survivors (7168K)
 Metaspace       used 85158K, committed 86080K, reserved 1130496K
  class space    used 9584K, committed 10048K, reserved 1048576K
}
Event: 15.103 GC heap after
{Heap after GC invocations=65 (full 0):
 garbage-first heap   total 267264K, used 125506K [0x0000000085200000, 0x0000000100000000)
  region size 1024K, 9 young (9216K), 9 survivors (9216K)
 Metaspace       used 85158K, committed 86080K, reserved 1130496K
  class space    used 9584K, committed 10048K, reserved 1048576K
}
Event: 15.322 GC heap before
{Heap before GC invocations=65 (full 0):
 garbage-first heap   total 267264K, used 229954K [0x0000000085200000, 0x0000000100000000)
  region size 1024K, 111 young (113664K), 9 survivors (9216K)
 Metaspace       used 85212K, committed 86144K, reserved 1130496K
  class space    used 9587K, committed 10048K, reserved 1048576K
}
Event: 15.327 GC heap after
{Heap after GC invocations=66 (full 0):
 garbage-first heap   total 267264K, used 129033K [0x0000000085200000, 0x0000000100000000)
  region size 1024K, 11 young (11264K), 11 survivors (11264K)
 Metaspace       used 85212K, committed 86144K, reserved 1130496K
  class space    used 9587K, committed 10048K, reserved 1048576K
}
Event: 15.530 GC heap before
{Heap before GC invocations=66 (full 0):
 garbage-first heap   total 267264K, used 227337K [0x0000000085200000, 0x0000000100000000)
  region size 1024K, 107 young (109568K), 11 survivors (11264K)
 Metaspace       used 85269K, committed 86144K, reserved 1130496K
  class space    used 9590K, committed 10048K, reserved 1048576K
}

Dll operation events (19 events):
Event: 0.008 Loaded shared library C:\Program Files\STMicroelectronics\STM32Cube\STM32CubeMX\jre\bin\java.dll
Event: 0.028 Loaded shared library C:\Program Files\STMicroelectronics\STM32Cube\STM32CubeMX\jre\bin\jsvml.dll
Event: 0.088 Loaded shared library C:\Program Files\STMicroelectronics\STM32Cube\STM32CubeMX\jre\bin\net.dll
Event: 0.089 Loaded shared library C:\Program Files\STMicroelectronics\STM32Cube\STM32CubeMX\jre\bin\nio.dll
Event: 0.111 Loaded shared library C:\Program Files\STMicroelectronics\STM32Cube\STM32CubeMX\jre\bin\zip.dll
Event: 0.145 Loaded shared library C:\Program Files\STMicroelectronics\STM32Cube\STM32CubeMX\jre\bin\jimage.dll
Event: 0.336 Loaded shared library C:\Program Files\STMicroelectronics\STM32Cube\STM32CubeMX\jre\bin\management.dll
Event: 0.341 Loaded shared library C:\Program Files\STMicroelectronics\STM32Cube\STM32CubeMX\jre\bin\management_ext.dll
Event: 1.071 Loaded shared library C:\Program Files\STMicroelectronics\STM32Cube\STM32CubeMX\jre\bin\awt.dll
Event: 1.389 Loaded shared library C:\Program Files\STMicroelectronics\STM32Cube\STM32CubeMX\jre\bin\freetype.dll
Event: 1.390 Loaded shared library C:\Program Files\STMicroelectronics\STM32Cube\STM32CubeMX\jre\bin\fontmanager.dll
Event: 1.543 Loaded shared library C:\Program Files\STMicroelectronics\STM32Cube\STM32CubeMX\jre\bin\verify.dll
Event: 1.646 Loaded shared library C:\Program Files\STMicroelectronics\STM32Cube\STM32CubeMX\jre\bin\prefs.dll
Event: 5.005 Loaded shared library C:\Program Files\STMicroelectronics\STM32Cube\STM32CubeMX\jre\bin\sunmscapi.dll
Event: 6.567 Loaded shared library C:\Program Files\STMicroelectronics\STM32Cube\STM32CubeMX\jre\bin\javajpeg.dll
Event: 7.796 Loaded shared library C:\Users\oluwa\.stm32cubemx\.jxbrowser-7.30.2\Chromium\toolkit64.dll
Event: 8.016 Loaded shared library C:\Users\oluwa\.stm32cubemx\.jxbrowser-7.30.2\Chromium\ipc64.dll
Event: 12.101 Loaded shared library C:\Program Files\STMicroelectronics\STM32Cube\STM32CubeMX\jre\bin\jawt.dll
Event: 12.104 Loaded shared library C:\Users\oluwa\.stm32cubemx\.jxbrowser-7.30.2\Chromium\awt_toolkit64.dll

Deoptimization events (20 events):
Event: 15.462 Thread 0x0000022b219d2fd0 Uncommon trap: trap_request=0xffffffde fr.pc=0x0000022b0ff5c12c relative=0x0000000000000a2c
Event: 15.462 Thread 0x0000022b219d2fd0 Uncommon trap: reason=class_check action=maybe_recompile pc=0x0000022b0ff5c12c method=com.st.microxplorer.plugins.thirdparty.db.solver.condition.EvaluatedConditionComponentItem.hasSolutions(Ljava/util/Set;)Z @ 22 c2
Event: 15.462 Thread 0x0000022b219d2fd0 DEOPT PACKING pc=0x0000022b0ff5c12c sp=0x000000ca04afe4c0
Event: 15.462 Thread 0x0000022b219d2fd0 DEOPT UNPACKING pc=0x0000022b0f6f69a3 sp=0x000000ca04afe488 mode 2
Event: 15.462 Thread 0x0000022b219d2fd0 Uncommon trap: trap_request=0xffffffde fr.pc=0x0000022b0ff5c12c relative=0x0000000000000a2c
Event: 15.462 Thread 0x0000022b219d2fd0 Uncommon trap: reason=class_check action=maybe_recompile pc=0x0000022b0ff5c12c method=com.st.microxplorer.plugins.thirdparty.db.solver.condition.EvaluatedConditionComponentItem.hasSolutions(Ljava/util/Set;)Z @ 22 c2
Event: 15.462 Thread 0x0000022b219d2fd0 DEOPT PACKING pc=0x0000022b0ff5c12c sp=0x000000ca04afe4c0
Event: 15.462 Thread 0x0000022b219d2fd0 DEOPT UNPACKING pc=0x0000022b0f6f69a3 sp=0x000000ca04afe488 mode 2
Event: 15.462 Thread 0x0000022b219d2fd0 Uncommon trap: trap_request=0xffffffde fr.pc=0x0000022b0ff5c12c relative=0x0000000000000a2c
Event: 15.462 Thread 0x0000022b219d2fd0 Uncommon trap: reason=class_check action=maybe_recompile pc=0x0000022b0ff5c12c method=com.st.microxplorer.plugins.thirdparty.db.solver.condition.EvaluatedConditionComponentItem.hasSolutions(Ljava/util/Set;)Z @ 22 c2
Event: 15.462 Thread 0x0000022b219d2fd0 DEOPT PACKING pc=0x0000022b0ff5c12c sp=0x000000ca04afe4c0
Event: 15.462 Thread 0x0000022b219d2fd0 DEOPT UNPACKING pc=0x0000022b0f6f69a3 sp=0x000000ca04afe488 mode 2
Event: 15.466 Thread 0x0000022b219d2fd0 Uncommon trap: trap_request=0xffffff45 fr.pc=0x0000022b0ff598ec relative=0x000000000000018c
Event: 15.466 Thread 0x0000022b219d2fd0 Uncommon trap: reason=unstable_if action=reinterpret pc=0x0000022b0ff598ec method=com.st.microxplorer.plugins.thirdparty.db.solver.condition.EvaluatedConditionComponentItem.getDependencyStatusFromInternalsOrExternals()Lcom/st/microxplorer/plugins/thirdpar
Event: 15.466 Thread 0x0000022b219d2fd0 DEOPT PACKING pc=0x0000022b0ff598ec sp=0x000000ca04afe5c0
Event: 15.466 Thread 0x0000022b219d2fd0 DEOPT UNPACKING pc=0x0000022b0f6f69a3 sp=0x000000ca04afe4f0 mode 2
Event: 15.467 Thread 0x0000022b219d2fd0 Uncommon trap: trap_request=0xffffff45 fr.pc=0x0000022b0ff5abd0 relative=0x00000000000009d0
Event: 15.467 Thread 0x0000022b219d2fd0 Uncommon trap: reason=unstable_if action=reinterpret pc=0x0000022b0ff5abd0 method=com.st.microxplorer.plugins.thirdparty.db.solver.condition.EvaluatedConditionComponentItem.getDependencyStatusFromInternalsOrExternals()Lcom/st/microxplorer/plugins/thirdpar
Event: 15.467 Thread 0x0000022b219d2fd0 DEOPT PACKING pc=0x0000022b0ff5abd0 sp=0x000000ca04afe500
Event: 15.467 Thread 0x0000022b219d2fd0 DEOPT UNPACKING pc=0x0000022b0f6f69a3 sp=0x000000ca04afe4e0 mode 2

Classes unloaded (0 events):
No events

Classes redefined (0 events):
No events

Internal exceptions (20 events):
Event: 15.168 Thread 0x0000022b219d2fd0 Exception <a 'java/io/IOException'{0x0000000093777618}> (0x0000000093777618) 
thrown [s\src\hotspot\share\prims\jni.cpp, line 516]
Event: 15.168 Thread 0x0000022b219d2fd0 Exception <a 'java/io/IOException'{0x0000000093777bd0}> (0x0000000093777bd0) 
thrown [s\src\hotspot\share\prims\jni.cpp, line 516]
Event: 15.168 Thread 0x0000022b219d2fd0 Exception <a 'java/io/IOException'{0x00000000937792e8}> (0x00000000937792e8) 
thrown [s\src\hotspot\share\prims\jni.cpp, line 516]
Event: 15.168 Thread 0x0000022b219d2fd0 Exception <a 'java/io/IOException'{0x00000000937798a0}> (0x00000000937798a0) 
thrown [s\src\hotspot\share\prims\jni.cpp, line 516]
Event: 15.168 Thread 0x0000022b219d2fd0 Exception <a 'java/io/IOException'{0x000000009377ad98}> (0x000000009377ad98) 
thrown [s\src\hotspot\share\prims\jni.cpp, line 516]
Event: 15.168 Thread 0x0000022b219d2fd0 Exception <a 'java/io/IOException'{0x000000009377b350}> (0x000000009377b350) 
thrown [s\src\hotspot\share\prims\jni.cpp, line 516]
Event: 15.169 Thread 0x0000022b219d2fd0 Exception <a 'java/io/IOException'{0x000000009377c848}> (0x000000009377c848) 
thrown [s\src\hotspot\share\prims\jni.cpp, line 516]
Event: 15.169 Thread 0x0000022b219d2fd0 Exception <a 'java/io/IOException'{0x000000009377ce00}> (0x000000009377ce00) 
thrown [s\src\hotspot\share\prims\jni.cpp, line 516]
Event: 15.169 Thread 0x0000022b219d2fd0 Exception <a 'java/io/IOException'{0x000000009377e2f8}> (0x000000009377e2f8) 
thrown [s\src\hotspot\share\prims\jni.cpp, line 516]
Event: 15.169 Thread 0x0000022b219d2fd0 Exception <a 'java/io/IOException'{0x000000009377e8b0}> (0x000000009377e8b0) 
thrown [s\src\hotspot\share\prims\jni.cpp, line 516]
Event: 15.169 Thread 0x0000022b219d2fd0 Exception <a 'java/io/IOException'{0x000000009377fe60}> (0x000000009377fe60) 
thrown [s\src\hotspot\share\prims\jni.cpp, line 516]
Event: 15.169 Thread 0x0000022b219d2fd0 Exception <a 'java/io/IOException'{0x0000000093780418}> (0x0000000093780418) 
thrown [s\src\hotspot\share\prims\jni.cpp, line 516]
Event: 15.169 Thread 0x0000022b219d2fd0 Exception <a 'java/io/IOException'{0x0000000093781bc8}> (0x0000000093781bc8) 
thrown [s\src\hotspot\share\prims\jni.cpp, line 516]
Event: 15.169 Thread 0x0000022b219d2fd0 Exception <a 'java/io/IOException'{0x0000000093782180}> (0x0000000093782180) 
thrown [s\src\hotspot\share\prims\jni.cpp, line 516]
Event: 15.169 Thread 0x0000022b219d2fd0 Exception <a 'java/io/IOException'{0x0000000093783678}> (0x0000000093783678) 
thrown [s\src\hotspot\share\prims\jni.cpp, line 516]
Event: 15.169 Thread 0x0000022b219d2fd0 Exception <a 'java/io/IOException'{0x0000000093783c30}> (0x0000000093783c30) 
thrown [s\src\hotspot\share\prims\jni.cpp, line 516]
Event: 15.170 Thread 0x0000022b219d2fd0 Exception <a 'java/io/IOException'{0x0000000093785128}> (0x0000000093785128) 
thrown [s\src\hotspot\share\prims\jni.cpp, line 516]
Event: 15.170 Thread 0x0000022b219d2fd0 Exception <a 'java/io/IOException'{0x00000000937856e0}> (0x00000000937856e0) 
thrown [s\src\hotspot\share\prims\jni.cpp, line 516]
Event: 15.462 Thread 0x0000022b219d2fd0 Exception <a 'java/io/IOException'{0x00000000922840b0}> (0x00000000922840b0) 
thrown [s\src\hotspot\share\prims\jni.cpp, line 516]
Event: 15.462 Thread 0x0000022b219d2fd0 Exception <a 'java/io/IOException'{0x0000000092284668}> (0x0000000092284668) 
thrown [s\src\hotspot\share\prims\jni.cpp, line 516]

VM Operations (20 events):
Event: 14.303 Executing VM operation: HandshakeAllThreads done
Event: 14.307 Executing VM operation: HandshakeAllThreads
Event: 14.307 Executing VM operation: HandshakeAllThreads done
Event: 14.316 Executing VM operation: HandshakeAllThreads
Event: 14.316 Executing VM operation: HandshakeAllThreads done
Event: 14.333 Executing VM operation: G1CollectForAllocation
Event: 14.336 Executing VM operation: G1CollectForAllocation done
Event: 14.354 Executing VM operation: HandshakeAllThreads
Event: 14.354 Executing VM operation: HandshakeAllThreads done
Event: 14.536 Executing VM operation: G1CollectForAllocation
Event: 14.539 Executing VM operation: G1CollectForAllocation done
Event: 14.671 Executing VM operation: G1CollectForAllocation
Event: 14.675 Executing VM operation: G1CollectForAllocation done
Event: 15.097 Executing VM operation: G1CollectForAllocation
Event: 15.103 Executing VM operation: G1CollectForAllocation done
Event: 15.321 Executing VM operation: G1CollectForAllocation
Event: 15.328 Executing VM operation: G1CollectForAllocation done
Event: 15.407 Executing VM operation: HandshakeAllThreads
Event: 15.407 Executing VM operation: HandshakeAllThreads done
Event: 15.530 Executing VM operation: G1CollectForAllocation

Events (20 events):
Event: 14.365 Thread 0x0000022b7f49a870 flushing nmethod 0x0000022b08f4f710
Event: 14.365 Thread 0x0000022b7f49a870 flushing nmethod 0x0000022b08f55a90
Event: 14.365 Thread 0x0000022b7f49a870 flushing nmethod 0x0000022b08f55e90
Event: 14.365 Thread 0x0000022b7f49a870 flushing nmethod 0x0000022b08f58510
Event: 14.365 Thread 0x0000022b7f49a870 flushing nmethod 0x0000022b08f59010
Event: 14.365 Thread 0x0000022b7f49a870 flushing nmethod 0x0000022b08f59a10
Event: 14.365 Thread 0x0000022b7f49a870 flushing nmethod 0x0000022b08f59f10
Event: 14.365 Thread 0x0000022b7f49a870 flushing nmethod 0x0000022b08f5aa10
Event: 14.365 Thread 0x0000022b7f49a870 flushing nmethod 0x0000022b08f63090
Event: 14.365 Thread 0x0000022b7f49a870 flushing nmethod 0x0000022b08f6ad10
Event: 14.365 Thread 0x0000022b7f49a870 flushing nmethod 0x0000022b08f72a10
Event: 14.365 Thread 0x0000022b7f49a870 flushing nmethod 0x0000022b08f77610
Event: 14.365 Thread 0x0000022b7f49a870 flushing nmethod 0x0000022b08fa2f90
Event: 14.365 Thread 0x0000022b7f49a870 flushing nmethod 0x0000022b08fa4790
Event: 14.365 Thread 0x0000022b7f49a870 flushing nmethod 0x0000022b08fad490
Event: 14.365 Thread 0x0000022b7f49a870 flushing nmethod 0x0000022b08fc9110
Event: 14.365 Thread 0x0000022b7f49a870 flushing nmethod 0x0000022b08fcd590
Event: 14.365 Thread 0x0000022b7f49a870 flushing nmethod 0x0000022b08fe0110
Event: 14.419 loading class jdk/internal/math/FloatingDecimal$HexFloatPattern
Event: 14.419 loading class jdk/internal/math/FloatingDecimal$HexFloatPattern done


Dynamic libraries:
0x00007ff6c4020000 - 0x00007ff6c402e000 	C:\Program Files\STMicroelectronics\STM32Cube\STM32CubeMX\jre\bin\javaw.exe
0x00007ff876310000 - 0x00007ff876527000 	C:\windows\SYSTEM32\ntdll.dll
0x00007ff875660000 - 0x00007ff875724000 	C:\windows\System32\KERNEL32.DLL
0x00007ff873c00000 - 0x00007ff873fd0000 	C:\windows\System32\KERNELBASE.dll
0x00007ff873ab0000 - 0x00007ff873bc1000 	C:\windows\System32\ucrtbase.dll
0x00007ff841d60000 - 0x00007ff841d77000 	C:\Program Files\STMicroelectronics\STM32Cube\STM32CubeMX\jre\bin\jli.dll
0x00007ff847a20000 - 0x00007ff847a39000 	C:\Program Files\STMicroelectronics\STM32Cube\STM32CubeMX\jre\bin\VCRUNTIME140.dll
0x00007ff875440000 - 0x00007ff8755ee000 	C:\windows\System32\USER32.dll
0x00007ff873fd0000 - 0x00007ff873ff6000 	C:\windows\System32\win32u.dll
0x00007ff8757d0000 - 0x00007ff8757f9000 	C:\windows\System32\GDI32.dll
0x00007ff8737f0000 - 0x00007ff87390b000 	C:\windows\System32\gdi32full.dll
0x00007ff85f6a0000 - 0x00007ff85f932000 	C:\windows\WinSxS\amd64_microsoft.windows.common-controls_6595b64144ccf1df_6.0.22621.4830_none_270fe7d773858e80\COMCTL32.dll
0x00007ff873990000 - 0x00007ff873a2a000 	C:\windows\System32\msvcp_win.dll
0x00007ff875cf0000 - 0x00007ff875d97000 	C:\windows\System32\msvcrt.dll
0x00007ff875350000 - 0x00007ff875381000 	C:\windows\System32\IMM32.DLL
0x000000006f340000 - 0x000000006f34c000 	C:\Program Files (x86)\360\Total Security\safemon\SafeWrapper.dll
0x00007ff876070000 - 0x00007ff876121000 	C:\windows\System32\ADVAPI32.dll
0x00007ff876180000 - 0x00007ff876227000 	C:\windows\System32\sechost.dll
0x00007ff873bd0000 - 0x00007ff873bf8000 	C:\windows\System32\bcrypt.dll
0x00007ff875da0000 - 0x00007ff875eb4000 	C:\windows\System32\RPCRT4.dll
0x00007fffe9ee0000 - 0x00007fffe9f8c000 	C:\Program Files (x86)\360\Total Security\safemon\libzdtp64.dll
0x00007ff874490000 - 0x00007ff874d08000 	C:\windows\System32\SHELL32.dll
0x00007ff874000000 - 0x00007ff87405e000 	C:\windows\System32\SHLWAPI.dll
0x00007ff873130000 - 0x00007ff87313a000 	C:\windows\SYSTEM32\VERSION.dll
0x00007ff85e580000 - 0x00007ff85e58c000 	C:\Program Files\STMicroelectronics\STM32Cube\STM32CubeMX\jre\bin\vcruntime140_1.dll
0x00007ff817560000 - 0x00007ff8175f1000 	C:\Program Files\STMicroelectronics\STM32Cube\STM32CubeMX\jre\bin\msvcp140.dll
0x00007fffc73f0000 - 0x00007fffc8037000 	C:\Program Files\STMicroelectronics\STM32Cube\STM32CubeMX\jre\bin\server\jvm.dll
0x00007ff805320000 - 0x00007ff805329000 	C:\windows\SYSTEM32\WSOCK32.dll
0x00007ff8693c0000 - 0x00007ff8693f4000 	C:\windows\SYSTEM32\WINMM.dll
0x00007ff875730000 - 0x00007ff8757a1000 	C:\windows\System32\WS2_32.dll
0x00007ff872550000 - 0x00007ff872568000 	C:\windows\SYSTEM32\kernel.appcore.dll
0x00007ff85e450000 - 0x00007ff85e45a000 	C:\Program Files\STMicroelectronics\STM32Cube\STM32CubeMX\jre\bin\jimage.dll
0x00007ff870ff0000 - 0x00007ff871222000 	C:\windows\SYSTEM32\DBGHELP.DLL
0x00007ff875960000 - 0x00007ff875cf0000 	C:\windows\System32\combase.dll
0x00007ff874220000 - 0x00007ff8742f7000 	C:\windows\System32\OLEAUT32.dll
0x00007ff867910000 - 0x00007ff867942000 	C:\windows\SYSTEM32\dbgcore.DLL
0x00007ff873a30000 - 0x00007ff873aab000 	C:\windows\System32\bcryptPrimitives.dll
0x00007ff8410f0000 - 0x00007ff841115000 	C:\Program Files\STMicroelectronics\STM32Cube\STM32CubeMX\jre\bin\java.dll
0x00007fffea010000 - 0x00007fffea0e6000 	C:\Program Files\STMicroelectronics\STM32Cube\STM32CubeMX\jre\bin\jsvml.dll
0x00007ff871450000 - 0x00007ff871d60000 	C:\windows\SYSTEM32\windows.storage.dll
0x00007ff871310000 - 0x00007ff87144f000 	C:\windows\SYSTEM32\wintypes.dll
0x00007ff874110000 - 0x00007ff87421a000 	C:\windows\System32\SHCORE.dll
0x00007ff8734f0000 - 0x00007ff87351b000 	C:\windows\SYSTEM32\profapi.dll
0x00007ff8410d0000 - 0x00007ff8410e9000 	C:\Program Files\STMicroelectronics\STM32Cube\STM32CubeMX\jre\bin\net.dll
0x00007ff86ab90000 - 0x00007ff86acbc000 	C:\windows\SYSTEM32\WINHTTP.dll
0x00007ff8729c0000 - 0x00007ff872a2a000 	C:\windows\system32\mswsock.dll
0x00007ff838620000 - 0x00007ff838635000 	C:\Program Files\STMicroelectronics\STM32Cube\STM32CubeMX\jre\bin\nio.dll
0x00007ff817dd0000 - 0x00007ff817de8000 	C:\Program Files\STMicroelectronics\STM32Cube\STM32CubeMX\jre\bin\zip.dll
0x00007ff848180000 - 0x00007ff848189000 	C:\Program Files\STMicroelectronics\STM32Cube\STM32CubeMX\jre\bin\management.dll
0x00007ff847b00000 - 0x00007ff847b0b000 	C:\Program Files\STMicroelectronics\STM32Cube\STM32CubeMX\jre\bin\management_ext.dll
0x00007ff876230000 - 0x00007ff876238000 	C:\windows\System32\PSAPI.DLL
0x00007ff8054c0000 - 0x00007ff8054d7000 	C:\windows\system32\napinsp.dll
0x00007ff8054a0000 - 0x00007ff8054bb000 	C:\windows\system32\pnrpnsp.dll
0x00007ff872030000 - 0x00007ff872132000 	C:\windows\SYSTEM32\DNSAPI.dll
0x00007ff872000000 - 0x00007ff87202d000 	C:\windows\SYSTEM32\IPHLPAPI.DLL
0x00007ff874080000 - 0x00007ff874089000 	C:\windows\System32\NSI.dll
0x00007ff805480000 - 0x00007ff805491000 	C:\windows\System32\winrnr.dll
0x00007ff868d50000 - 0x00007ff868d65000 	C:\windows\system32\wshbth.dll
0x00007ff839050000 - 0x00007ff839077000 	C:\windows\system32\nlansp_c.dll
0x00007ff86a8d0000 - 0x00007ff86a8da000 	C:\Windows\System32\rasadhlp.dll
0x00007ff869640000 - 0x00007ff8696c3000 	C:\windows\System32\fwpuclnt.dll
0x00007fffd8d10000 - 0x00007fffd8e9e000 	C:\Program Files\STMicroelectronics\STM32Cube\STM32CubeMX\jre\bin\awt.dll
0x00007ff86d2d0000 - 0x00007ff86d367000 	C:\windows\SYSTEM32\apphelp.dll
0x00007ff872c60000 - 0x00007ff872c7b000 	C:\windows\SYSTEM32\CRYPTSP.dll
0x00007ff8724b0000 - 0x00007ff8724e5000 	C:\windows\system32\rsaenh.dll
0x00007ff872a60000 - 0x00007ff872a88000 	C:\windows\SYSTEM32\USERENV.dll
0x00007ff872bd0000 - 0x00007ff872bdc000 	C:\windows\SYSTEM32\CRYPTBASE.dll
0x00007ff86aa50000 - 0x00007ff86aa69000 	C:\windows\SYSTEM32\dhcpcsvc6.DLL
0x00007ff86aa30000 - 0x00007ff86aa4f000 	C:\windows\SYSTEM32\dhcpcsvc.DLL
0x00007ff870430000 - 0x00007ff8704e1000 	C:\windows\system32\uxtheme.dll
0x00007ff875800000 - 0x00007ff87595f000 	C:\windows\System32\MSCTF.dll
0x00007ff875ec0000 - 0x00007ff876061000 	C:\windows\System32\ole32.dll
0x00007ff870690000 - 0x00007ff8706bb000 	C:\windows\system32\DWMAPI.DLL
0x00007ff812dc0000 - 0x00007ff812ec0000 	C:\windows\system32\opengl32.dll
0x00007ff85eb00000 - 0x00007ff85eb2d000 	C:\windows\SYSTEM32\GLU32.dll
0x00007ff870540000 - 0x00007ff870577000 	C:\windows\SYSTEM32\dxcore.dll
0x00007ff8174d0000 - 0x00007ff817556000 	C:\Program Files\STMicroelectronics\STM32Cube\STM32CubeMX\jre\bin\freetype.dll
0x00007fffe1510000 - 0x00007fffe15d5000 	C:\Program Files\STMicroelectronics\STM32Cube\STM32CubeMX\jre\bin\fontmanager.dll
0x00007ff847ab0000 - 0x00007ff847ac0000 	C:\Program Files\STMicroelectronics\STM32Cube\STM32CubeMX\jre\bin\verify.dll
0x00007ff847a10000 - 0x00007ff847a19000 	C:\Program Files\STMicroelectronics\STM32Cube\STM32CubeMX\jre\bin\prefs.dll
0x00007ff840c10000 - 0x00007ff840c1e000 	C:\Program Files\STMicroelectronics\STM32Cube\STM32CubeMX\jre\bin\sunmscapi.dll
0x00007ff8735c0000 - 0x00007ff873726000 	C:\windows\System32\CRYPT32.dll
0x00007ff872e20000 - 0x00007ff872e4d000 	C:\windows\SYSTEM32\ncrypt.dll
0x00007ff872de0000 - 0x00007ff872e17000 	C:\windows\SYSTEM32\NTASN1.dll
0x00007ff872cb0000 - 0x00007ff872cc2000 	C:\windows\SYSTEM32\MSASN1.dll
0x00007ff872a30000 - 0x00007ff872a56000 	C:\windows\SYSTEM32\gpapi.dll
0x00007ff817da0000 - 0x00007ff817dcd000 	C:\Program Files\STMicroelectronics\STM32Cube\STM32CubeMX\jre\bin\javajpeg.dll
0x00007ff875390000 - 0x00007ff875440000 	C:\windows\System32\clbcatq.dll
0x00007ff870230000 - 0x00007ff8703e0000 	C:\windows\SYSTEM32\WindowsCodecs.dll
0x00007ff838ff0000 - 0x00007ff83904e000 	C:\windows\system32\dataexchange.dll
0x00007ff85c7a0000 - 0x00007ff85ca45000 	C:\windows\system32\twinapi.appcore.dll
0x00007ff8537a0000 - 0x00007ff8538e6000 	C:\windows\SYSTEM32\textinputframework.dll
0x00007fffd8c10000 - 0x00007fffd8d03000 	C:\Users\oluwa\.stm32cubemx\.jxbrowser-7.30.2\Chromium\toolkit64.dll
0x00007fffd7c90000 - 0x00007fffd7d88000 	C:\Users\oluwa\.stm32cubemx\.jxbrowser-7.30.2\Chromium\ipc64.dll
0x00007ff83dcf0000 - 0x00007ff83dcf7000 	C:\Program Files\STMicroelectronics\STM32Cube\STM32CubeMX\jre\bin\jawt.dll
0x00007fffd7ba0000 - 0x00007fffd7c8f000 	C:\Users\oluwa\.stm32cubemx\.jxbrowser-7.30.2\Chromium\awt_toolkit64.dll
0x00007ff86c4f0000 - 0x00007ff86c625000 	C:\windows\SYSTEM32\CoreMessaging.dll
0x00007ff85c190000 - 0x00007ff85c4fc000 	C:\windows\SYSTEM32\CoreUIComponents.dll

dbghelp: loaded successfully - version: 4.0.5 - missing functions: none
symbol engine: initialized successfully - sym options: 0x614 - pdb path: .;C:\Program Files\STMicroelectronics\STM32Cube\STM32CubeMX\jre\bin;C:\windows\SYSTEM32;C:\windows\WinSxS\amd64_microsoft.windows.common-controls_6595b64144ccf1df_6.0.22621.4830_none_270fe7d773858e80;C:\Program Files (x86)\360\Total Security\safemon;C:\Program Files\STMicroelectronics\STM32Cube\STM32CubeMX\jre\bin\server;C:\Users\oluwa\.stm32cubemx\.jxbrowser-7.30.2\Chromium

VM Arguments:
jvm_args: -Djavax.net.ssl.trustStoreType=WINDOWS-ROOT 
java_command: com.st.microxplorer.maingui.STM32CubeMX C:\gitproj_recter\recterBoard\recterfuel2\recterAdapter_and_master_test2.ioc
java_class_path (initial): C:\Program Files\STMicroelectronics\STM32Cube\STM32CubeMX\STM32CubeMX.exe;anything
Launcher Type: SUN_STANDARD

[Global flags]
     intx CICompilerCount                          = 4                                         {product} {ergonomic}
     uint ConcGCThreads                            = 2                                         {product} {ergonomic}
     uint G1ConcRefinementThreads                  = 8                                         {product} {ergonomic}
   size_t G1HeapRegionSize                         = 1048576                                   {product} {ergonomic}
    uintx GCDrainStackTargetSize                   = 64                                        {product} {ergonomic}
   size_t InitialHeapSize                          = 130023424                                 {product} {ergonomic}
   size_t MarkStackSize                            = 4194304                                   {product} {ergonomic}
   size_t MaxHeapSize                              = 2061500416                                {product} {ergonomic}
   size_t MaxNewSize                               = 1236271104                                {product} {ergonomic}
   size_t MinHeapDeltaBytes                        = 1048576                                   {product} {ergonomic}
   size_t MinHeapSize                              = 8388608                                   {product} {ergonomic}
    uintx NonNMethodCodeHeapSize                   = 5839372                                {pd product} {ergonomic}
    uintx NonProfiledCodeHeapSize                  = 122909434                              {pd product} {ergonomic}
    uintx ProfiledCodeHeapSize                     = 122909434                              {pd product} {ergonomic}
    uintx ReservedCodeCacheSize                    = 251658240                              {pd product} {ergonomic}
     bool SegmentedCodeCache                       = true                                      {product} {ergonomic}
   size_t SoftMaxHeapSize                          = 2061500416                             {manageable} {ergonomic}
     bool UseCompressedClassPointers               = true                           {product lp64_product} {ergonomic}
     bool UseCompressedOops                        = true                           {product lp64_product} {ergonomic}
     bool UseG1GC                                  = true                                      {product} {ergonomic}
     bool UseLargePagesIndividualAllocation        = false                                  {pd product} {ergonomic}

Logging:
Log output configuration:
 #0: stdout all=warning uptime,level,tags
 #1: stderr all=off uptime,level,tags

Environment Variables:
PATH=C:\Program Files\STMicroelectronics\STM32Cube\STM32CubeMX\;C:\Program Files (x86)\Common Files\Oracle\Java\javapath;C:\windows\system32;C:\windows;C:\windows\System32\Wbem;C:\windows\System32\WindowsPowerShell\v1.0\;C:\windows\System32\OpenSSH\;C:\Users\oluwa\AppData\Roaming\nvm;C:\Program Files\nodejs;C:\ESP-IDF\esp-idf-v5.1.2\tools;C:\Users\oluwa\AppData\Local\Programs\Python\Python312\;C:\Program Files\Git\cmd;C:\Users\oluwa\AppData\Local\Programs\Python\Python312\Scripts;C:\Users\oluwa\AppData\Local\Programs\Python\Launcher\;C:\Users\oluwa\AppData\Local\Microsoft\WindowsApps;C:\Users\oluwa\AppData\Roaming\npm;C:\Users\oluwa\AppData\Local\GitHubDesktop\bin;C:\Users\oluwa\AppData\Local\Programs\Microsoft VS Code\bin;C:\msys64\ucrt64\bin;C:\Program Files\STMicroelectronics\STM32Cube\STM32CubeMX\.\jre\\bin
USERNAME=Jheebolar
OS=Windows_NT
PROCESSOR_IDENTIFIER=Intel64 Family 6 Model 154 Stepping 4, GenuineIntel
TMP=C:\Users\oluwa\AppData\Local\Temp
TEMP=C:\Users\oluwa\AppData\Local\Temp



---------------  S Y S T E M  ---------------

OS:
 Windows 11 , 64 bit Build 22621 (10.0.22621.4830)
OS uptime: 0 days 14:21 hours
Hyper-V role detected

CPU: total 8 (initial active 8) (4 cores per cpu, 2 threads per core) family 6 model 154 stepping 4 microcode 0x42c, cx8, cmov, fxsr, ht, mmx, 3dnowpref, sse, sse2, sse3, ssse3, sse4.1, sse4.2, popcnt, lzcnt, tsc, tscinvbit, avx, avx2, aes, erms, clmul, bmi1, bmi2, adx, sha, fma, vzeroupper, clflush, clflushopt, clwb, hv

Memory: 4k page, system-wide physical 7863M (1410M free)
TotalPageFile size 23153M (AvailPageFile size 155M)
current process WorkingSet (physical memory assigned to process): 491M, peak: 507M
current process commit charge ("private bytes"): 526M, peak: 837M

vm_info: OpenJDK 64-Bit Server VM (17.0.6+10) for windows-amd64 JRE (17.0.6+10), built on Jan 18 2023 10:08:59 by "temurin" with MS VC++ 16.7 (VS2019)

END.
