states.c:496:14:operator_Handler	0	static
states.c:2709:14:inactivestate_Handler	0	static
states.c:2782:14:keydown_Handler	4	static
states.c:2836:15:nozzleup_waitingforauthState_Handler	0	static
states.c:3152:14:authorisation_paused_State_Handler	0	static
states.c:3158:14:resume_Handler	0	static
states.c:3194:14:filling_resumed_Handler	0	static
states.c:3282:14:key19_Handler	0	static
states.c:3533:14:keypad_entry_State_Handler	0	static
states.c:3846:14:filling_paused_state_Handler	0	static
states.c:3270:14:tot_error_Handler	8	static
states.c:3164:14:filling_pulse_Handler	32	static
states.c:3233:14:timeout_Handler	8	static
states.c:2701:14:keyup_Handler	8	static
states.c:2719:14:savesettings_State_Handler	32	static
states.c:2790:14:nozzleup_Handler	16	static
states.c:2847:14:authorise_Handler	32	static
states.c:3288:14:keypress_Handler	16	static
states.c:1012:14:error_clear_Handler	24	static
states.c:2666:14:idlestate_Handler	32	static
states.c:299:6:write_v.part.0	4	static
states.c:2817:14:auth_command_Handler	16	static
states.c:3145:14:pause_Handler	0	static
states.c:3181:14:filling_paused_Handler	0	static
states.c:243:7:dp	72	static
states.c:299:6:write_v	4	static
states.c:329:6:reset_timer	8	static
states.c:337:6:start_timer	0	static
states.c:343:6:dec_timer	0	static
states.c:359:6:stop_timer	4	static
states.c:476:6:clear_buffer1	0	static
states.c:503:5:long_press_key	0	static
states.c:531:5:long_press_log	8	static
states.c:552:5:long_press_tot	0	static
states.c:1032:9:key_available	0	static
states.c:1040:8:read_keypad	12	static
states.c:577:14:operator_State_Handler	104	static
states.c:1111:6:clr_screen1	8	static
states.c:1118:14:progstate_Handler	40	static
states.c:2937:10:price2pulser	8	static
states.c:2874:14:authorised_nozzledown_State_Handler	32	static
states.c:2945:10:amt2pulser	8	static
states.c:2952:7:pulser2price	24	static
states.c:2959:7:amt2price	0	static
states.c:2965:7:pulser2amt	24	static
states.c:2971:7:pulser2amt_R	16	static
states.c:2978:6:make_string	56	static
states.c:3040:14:authorised_nozzleup_State_Handler	40	static
states.c:3188:14:filling_paused_State_Handler	0	static
states.c:3671:6:do_calcs	56	static
states.c:3201:14:nozzledown_Handler	24	static
states.c:3541:14:filling_state_Handler	56	static
states.c:3856:6:state_ini	40	static
states.c:3881:6:states	32	static
