stm32f4xx_hal_msp.c:65:6:HAL_MspInit	8	static
stm32f4xx_hal_msp.c:87:6:HAL_ADC_MspInit	40	static
stm32f4xx_hal_msp.c:120:6:HAL_ADC_MspDeInit	0	static
stm32f4xx_hal_msp.c:148:6:HAL_I2C_MspInit	48	static
stm32f4xx_hal_msp.c:184:6:HAL_I2C_MspDeInit	8	static
stm32f4xx_hal_msp.c:215:6:HAL_RTC_MspInit	32	static
stm32f4xx_hal_msp.c:247:6:HAL_RTC_MspDeInit	0	static
stm32f4xx_hal_msp.c:269:6:HAL_SPI_MspInit	48	static
stm32f4xx_hal_msp.c:306:6:HAL_SPI_MspDeInit	0	static
stm32f4xx_hal_msp.c:336:6:HAL_TIM_Encoder_MspInit	48	static
stm32f4xx_hal_msp.c:372:6:HAL_TIM_Encoder_MspDeInit	0	static
stm32f4xx_hal_msp.c:401:6:HAL_UART_MspInit	48	static
stm32f4xx_hal_msp.c:459:6:HAL_UART_MspDeInit	8	static
