stm32f4xx_it.c:76:6:NMI_Handler	0	static
stm32f4xx_it.c:91:6:HardFault_Handler	0	static
stm32f4xx_it.c:106:6:MemManage_Handler	0	static
stm32f4xx_it.c:121:6:BusFault_Handler	0	static
stm32f4xx_it.c:136:6:UsageFault_Handler	0	static
stm32f4xx_it.c:151:6:SVC_Handler	0	static
stm32f4xx_it.c:164:6:DebugMon_Handler	0	static
stm32f4xx_it.c:177:6:PendSV_Handler	0	static
stm32f4xx_it.c:190:6:SysTick_Handler	8	static
stm32f4xx_it.c:213:6:USART1_IRQHandler	0	static
stm32f4xx_it.c:228:6:DMA2_Stream2_IRQHandler	0	static
