Archive member included to satisfy reference by file (symbol)

c:/st/stm32cubeide_1.8.0/stm32cubeide/plugins/com.st.stm32cube.ide.mcu.externaltools.gnu-tools-for-stm32.9-2020-q2-update.win32_2.0.0.202105311346/tools/bin/../lib/gcc/arm-none-eabi/9.3.1/../../../../arm-none-eabi/lib/thumb/v7e-m+fp/hard\libm.a(lib_a-s_floor.o)
                              ./Core/Src/states.o (floor)
c:/st/stm32cubeide_1.8.0/stm32cubeide/plugins/com.st.stm32cube.ide.mcu.externaltools.gnu-tools-for-stm32.9-2020-q2-update.win32_2.0.0.202105311346/tools/bin/../lib/gcc/arm-none-eabi/9.3.1/../../../../arm-none-eabi/lib/thumb/v7e-m+fp/hard\libm.a(lib_a-w_pow.o)
                              ./Core/Src/states.o (pow)
c:/st/stm32cubeide_1.8.0/stm32cubeide/plugins/com.st.stm32cube.ide.mcu.externaltools.gnu-tools-for-stm32.9-2020-q2-update.win32_2.0.0.202105311346/tools/bin/../lib/gcc/arm-none-eabi/9.3.1/../../../../arm-none-eabi/lib/thumb/v7e-m+fp/hard\libm.a(lib_a-e_pow.o)
                              c:/st/stm32cubeide_1.8.0/stm32cubeide/plugins/com.st.stm32cube.ide.mcu.externaltools.gnu-tools-for-stm32.9-2020-q2-update.win32_2.0.0.202105311346/tools/bin/../lib/gcc/arm-none-eabi/9.3.1/../../../../arm-none-eabi/lib/thumb/v7e-m+fp/hard\libm.a(lib_a-w_pow.o) (__ieee754_pow)
c:/st/stm32cubeide_1.8.0/stm32cubeide/plugins/com.st.stm32cube.ide.mcu.externaltools.gnu-tools-for-stm32.9-2020-q2-update.win32_2.0.0.202105311346/tools/bin/../lib/gcc/arm-none-eabi/9.3.1/../../../../arm-none-eabi/lib/thumb/v7e-m+fp/hard\libm.a(lib_a-e_sqrt.o)
                              c:/st/stm32cubeide_1.8.0/stm32cubeide/plugins/com.st.stm32cube.ide.mcu.externaltools.gnu-tools-for-stm32.9-2020-q2-update.win32_2.0.0.202105311346/tools/bin/../lib/gcc/arm-none-eabi/9.3.1/../../../../arm-none-eabi/lib/thumb/v7e-m+fp/hard\libm.a(lib_a-e_pow.o) (__ieee754_sqrt)
c:/st/stm32cubeide_1.8.0/stm32cubeide/plugins/com.st.stm32cube.ide.mcu.externaltools.gnu-tools-for-stm32.9-2020-q2-update.win32_2.0.0.202105311346/tools/bin/../lib/gcc/arm-none-eabi/9.3.1/../../../../arm-none-eabi/lib/thumb/v7e-m+fp/hard\libm.a(lib_a-s_fabs.o)
                              c:/st/stm32cubeide_1.8.0/stm32cubeide/plugins/com.st.stm32cube.ide.mcu.externaltools.gnu-tools-for-stm32.9-2020-q2-update.win32_2.0.0.202105311346/tools/bin/../lib/gcc/arm-none-eabi/9.3.1/../../../../arm-none-eabi/lib/thumb/v7e-m+fp/hard\libm.a(lib_a-e_pow.o) (fabs)
c:/st/stm32cubeide_1.8.0/stm32cubeide/plugins/com.st.stm32cube.ide.mcu.externaltools.gnu-tools-for-stm32.9-2020-q2-update.win32_2.0.0.202105311346/tools/bin/../lib/gcc/arm-none-eabi/9.3.1/../../../../arm-none-eabi/lib/thumb/v7e-m+fp/hard\libm.a(lib_a-s_finite.o)
                              c:/st/stm32cubeide_1.8.0/stm32cubeide/plugins/com.st.stm32cube.ide.mcu.externaltools.gnu-tools-for-stm32.9-2020-q2-update.win32_2.0.0.202105311346/tools/bin/../lib/gcc/arm-none-eabi/9.3.1/../../../../arm-none-eabi/lib/thumb/v7e-m+fp/hard\libm.a(lib_a-w_pow.o) (finite)
c:/st/stm32cubeide_1.8.0/stm32cubeide/plugins/com.st.stm32cube.ide.mcu.externaltools.gnu-tools-for-stm32.9-2020-q2-update.win32_2.0.0.202105311346/tools/bin/../lib/gcc/arm-none-eabi/9.3.1/../../../../arm-none-eabi/lib/thumb/v7e-m+fp/hard\libm.a(lib_a-s_lib_ver.o)
                              c:/st/stm32cubeide_1.8.0/stm32cubeide/plugins/com.st.stm32cube.ide.mcu.externaltools.gnu-tools-for-stm32.9-2020-q2-update.win32_2.0.0.202105311346/tools/bin/../lib/gcc/arm-none-eabi/9.3.1/../../../../arm-none-eabi/lib/thumb/v7e-m+fp/hard\libm.a(lib_a-w_pow.o) (__fdlib_version)
c:/st/stm32cubeide_1.8.0/stm32cubeide/plugins/com.st.stm32cube.ide.mcu.externaltools.gnu-tools-for-stm32.9-2020-q2-update.win32_2.0.0.202105311346/tools/bin/../lib/gcc/arm-none-eabi/9.3.1/../../../../arm-none-eabi/lib/thumb/v7e-m+fp/hard\libm.a(lib_a-s_nan.o)
                              c:/st/stm32cubeide_1.8.0/stm32cubeide/plugins/com.st.stm32cube.ide.mcu.externaltools.gnu-tools-for-stm32.9-2020-q2-update.win32_2.0.0.202105311346/tools/bin/../lib/gcc/arm-none-eabi/9.3.1/../../../../arm-none-eabi/lib/thumb/v7e-m+fp/hard\libm.a(lib_a-e_pow.o) (nan)
c:/st/stm32cubeide_1.8.0/stm32cubeide/plugins/com.st.stm32cube.ide.mcu.externaltools.gnu-tools-for-stm32.9-2020-q2-update.win32_2.0.0.202105311346/tools/bin/../lib/gcc/arm-none-eabi/9.3.1/../../../../arm-none-eabi/lib/thumb/v7e-m+fp/hard\libm.a(lib_a-s_rint.o)
                              c:/st/stm32cubeide_1.8.0/stm32cubeide/plugins/com.st.stm32cube.ide.mcu.externaltools.gnu-tools-for-stm32.9-2020-q2-update.win32_2.0.0.202105311346/tools/bin/../lib/gcc/arm-none-eabi/9.3.1/../../../../arm-none-eabi/lib/thumb/v7e-m+fp/hard\libm.a(lib_a-w_pow.o) (rint)
c:/st/stm32cubeide_1.8.0/stm32cubeide/plugins/com.st.stm32cube.ide.mcu.externaltools.gnu-tools-for-stm32.9-2020-q2-update.win32_2.0.0.202105311346/tools/bin/../lib/gcc/arm-none-eabi/9.3.1/../../../../arm-none-eabi/lib/thumb/v7e-m+fp/hard\libm.a(lib_a-s_scalbn.o)
[...]
Memory Configuration

Name             Origin             Length             Attributes
RAM              0x0000000020000000 0x0000000000010000 xrw
FLASH            0x0000000008000000 0x0000000000040000 xr
*default*        0x0000000000000000 0xffffffffffffffff

Linker script and memory map

LOAD c:/st/stm32cubeide_1.8.0/stm32cubeide/plugins/com.st.stm32cube.ide.mcu.externaltools.gnu-tools-for-stm32.9-2020-q2-update.win32_2.0.0.202105311346/tools/bin/../lib/gcc/arm-none-eabi/9.3.1/thumb/v7e-m+fp/hard/crti.o
LOAD c:/st/stm32cubeide_1.8.0/stm32cubeide/plugins/com.st.stm32cube.ide.mcu.externaltools.gnu-tools-for-stm32.9-2020-q2-update.win32_2.0.0.202105311346/tools/bin/../lib/gcc/arm-none-eabi/9.3.1/thumb/v7e-m+fp/hard/crtbegin.o
LOAD c:/st/stm32cubeide_1.8.0/stm32cubeide/plugins/com.st.stm32cube.ide.mcu.externaltools.gnu-tools-for-stm32.9-2020-q2-update.win32_2.0.0.202105311346/tools/bin/../lib/gcc/arm-none-eabi/9.3.1/../../../../arm-none-eabi/lib/thumb/v7e-m+fp/hard/crt0.o
LOAD ./Core/Src/EEPROM.o
LOAD ./Core/Src/buffer.o
LOAD ./Core/Src/command.o
LOAD ./Core/Src/interrupt_codes.o
LOAD ./Core/Src/keypad_module.o
LOAD ./Core/Src/log.o
LOAD ./Core/Src/main.o
LOAD ./Core/Src/myLibraries.o
LOAD ./Core/Src/settings.o
LOAD ./Core/Src/states.o
LOAD ./Core/Src/stm32f4xx_hal_msp.o
LOAD ./Core/Src/stm32f4xx_it.o
LOAD ./Core/Src/syscalls.o
LOAD ./Core/Src/sysmem.o
LOAD ./Core/Src/system_stm32f4xx.o
LOAD ./Core/Src/thread1.o
LOAD ./Core/Src/write__.o
LOAD ./Core/Startup/startup_stm32f401ccux.o
LOAD ./Core/dart_protocol/drt.o
LOAD ./Core/ds1307/ds1307_for_stm32_hal.o
LOAD ./Core/flash_mem/w25qxx.o
LOAD ./Core/timers/timers.o
LOAD ./Drivers/STM32F4xx_HAL_Driver/Src/stm32f4xx_hal.o
LOAD ./Drivers/STM32F4xx_HAL_Driver/Src/stm32f4xx_hal_adc.o
LOAD ./Drivers/STM32F4xx_HAL_Driver/Src/stm32f4xx_hal_adc_ex.o
LOAD ./Drivers/STM32F4xx_HAL_Driver/Src/stm32f4xx_hal_cortex.o
LOAD ./Drivers/STM32F4xx_HAL_Driver/Src/stm32f4xx_hal_dma.o
LOAD ./Drivers/STM32F4xx_HAL_Driver/Src/stm32f4xx_hal_dma_ex.o
LOAD ./Drivers/STM32F4xx_HAL_Driver/Src/stm32f4xx_hal_exti.o
LOAD ./Drivers/STM32F4xx_HAL_Driver/Src/stm32f4xx_hal_flash.o
LOAD ./Drivers/STM32F4xx_HAL_Driver/Src/stm32f4xx_hal_flash_ex.o
LOAD ./Drivers/STM32F4xx_HAL_Driver/Src/stm32f4xx_hal_flash_ramfunc.o
LOAD ./Drivers/STM32F4xx_HAL_Driver/Src/stm32f4xx_hal_gpio.o
LOAD ./Drivers/STM32F4xx_HAL_Driver/Src/stm32f4xx_hal_i2c.o
LOAD ./Drivers/STM32F4xx_HAL_Driver/Src/stm32f4xx_hal_i2c_ex.o
LOAD ./Drivers/STM32F4xx_HAL_Driver/Src/stm32f4xx_hal_pwr.o
LOAD ./Drivers/STM32F4xx_HAL_Driver/Src/stm32f4xx_hal_pwr_ex.o
LOAD ./Drivers/STM32F4xx_HAL_Driver/Src/stm32f4xx_hal_rcc.o
LOAD ./Drivers/STM32F4xx_HAL_Driver/Src/stm32f4xx_hal_rcc_ex.o
LOAD ./Drivers/STM32F4xx_HAL_Driver/Src/stm32f4xx_hal_rtc.o
LOAD ./Drivers/STM32F4xx_HAL_Driver/Src/stm32f4xx_hal_rtc_ex.o
LOAD ./Drivers/STM32F4xx_HAL_Driver/Src/stm32f4xx_hal_spi.o
LOAD ./Drivers/STM32F4xx_HAL_Driver/Src/stm32f4xx_hal_tim.o
LOAD ./Drivers/STM32F4xx_HAL_Driver/Src/stm32f4xx_hal_tim_ex.o
LOAD ./Drivers/STM32F4xx_HAL_Driver/Src/stm32f4xx_hal_uart.o
LOAD ./Drivers/STM32F4xx_HAL_Driver/Src/stm32f4xx_ll_adc.o
START GROUP
LOAD c:/st/stm32cubeide_1.8.0/stm32cubeide/plugins/com.st.stm32cube.ide.mcu.externaltools.gnu-tools-for-stm32.9-2020-q2-update.win32_2.0.0.202105311346/tools/bin/../lib/gcc/arm-none-eabi/9.3.1/../../../../arm-none-eabi/lib/thumb/v7e-m+fp/hard\libstdc++_nano.a
LOAD c:/st/stm32cubeide_1.8.0/stm32cubeide/plugins/com.st.stm32cube.ide.mcu.externaltools.gnu-tools-for-stm32.9-2020-q2-update.win32_2.0.0.202105311346/tools/bin/../lib/gcc/arm-none-eabi/9.3.1/../../../../arm-none-eabi/lib/thumb/v7e-m+fp/hard\libsupc++_nano.a
END GROUP
LOAD c:/st/stm32cubeide_1.8.0/stm32cubeide/plugins/com.st.stm32cube.ide.mcu.externaltools.gnu-tools-for-stm32.9-2020-q2-update.win32_2.0.0.202105311346/tools/bin/../lib/gcc/arm-none-eabi/9.3.1/../../../../arm-none-eabi/lib/thumb/v7e-m+fp/hard\libstdc++_nano.a
LOAD c:/st/stm32cubeide_1.8.0/stm32cubeide/plugins/com.st.stm32cube.ide.mcu.externaltools.gnu-tools-for-stm32.9-2020-q2-update.win32_2.0.0.202105311346/tools/bin/../lib/gcc/arm-none-eabi/9.3.1/../../../../arm-none-eabi/lib/thumb/v7e-m+fp/hard\libm.a
LOAD c:/st/stm32cubeide_1.8.0/stm32cubeide/plugins/com.st.stm32cube.ide.mcu.externaltools.gnu-tools-for-stm32.9-2020-q2-update.win32_2.0.0.202105311346/tools/bin/../lib/gcc/arm-none-eabi/9.3.1/../../../../arm-none-eabi/lib/thumb/v7e-m+fp/hard\libc_nano.a
START GROUP
LOAD c:/st/stm32cubeide_1.8.0/stm32cubeide/plugins/com.st.stm32cube.ide.mcu.externaltools.gnu-tools-for-stm32.9-2020-q2-update.win32_2.0.0.202105311346/tools/bin/../lib/gcc/arm-none-eabi/9.3.1/thumb/v7e-m+fp/hard\libgcc.a
LOAD c:/st/stm32cubeide_1.8.0/stm32cubeide/plugins/com.st.stm32cube.ide.mcu.externaltools.gnu-tools-for-stm32.9-2020-q2-update.win32_2.0.0.202105311346/tools/bin/../lib/gcc/arm-none-eabi/9.3.1/../../../../arm-none-eabi/lib/thumb/v7e-m+fp/hard\libc_nano.a
END GROUP
START GROUP
LOAD c:/st/stm32cubeide_1.8.0/stm32cubeide/plugins/com.st.stm32cube.ide.mcu.externaltools.gnu-tools-for-stm32.9-2020-q2-update.win32_2.0.0.202105311346/tools/bin/../lib/gcc/arm-none-eabi/9.3.1/thumb/v7e-m+fp/hard\libgcc.a
LOAD c:/st/stm32cubeide_1.8.0/stm32cubeide/plugins/com.st.stm32cube.ide.mcu.externaltools.gnu-tools-for-stm32.9-2020-q2-update.win32_2.0.0.202105311346/tools/bin/../lib/gcc/arm-none-eabi/9.3.1/../../../../arm-none-eabi/lib/thumb/v7e-m+fp/hard\libc_nano.a
LOAD c:/st/stm32cubeide_1.8.0/stm32cubeide/plugins/com.st.stm32cube.ide.mcu.externaltools.gnu-tools-for-stm32.9-2020-q2-update.win32_2.0.0.202105311346/tools/bin/../lib/gcc/arm-none-eabi/9.3.1/../../../../arm-none-eabi/lib/thumb/v7e-m+fp/hard\libnosys.a
END GROUP
START GROUP
LOAD c:/st/stm32cubeide_1.8.0/stm32cubeide/plugins/com.st.stm32cube.ide.mcu.externaltools.gnu-tools-for-stm32.9-2020-q2-update.win32_2.0.0.202105311346/tools/bin/../lib/gcc/arm-none-eabi/9.3.1/thumb/v7e-m+fp/hard\libgcc.a
LOAD c:/st/stm32cubeide_1.8.0/stm32cubeide/plugins/com.st.stm32cube.ide.mcu.externaltools.gnu-tools-for-stm32.9-2020-q2-update.win32_2.0.0.202105311346/tools/bin/../lib/gcc/arm-none-eabi/9.3.1/../../../../arm-none-eabi/lib/thumb/v7e-m+fp/hard\libc_nano.a
LOAD c:/st/stm32cubeide_1.8.0/stm32cubeide/plugins/com.st.stm32cube.ide.mcu.externaltools.gnu-tools-for-stm32.9-2020-q2-update.win32_2.0.0.202105311346/tools/bin/../lib/gcc/arm-none-eabi/9.3.1/../../../../arm-none-eabi/lib/thumb/v7e-m+fp/hard\libnosys.a
END GROUP
LOAD c:/st/stm32cubeide_1.8.0/stm32cubeide/plugins/com.st.stm32cube.ide.mcu.externaltools.gnu-tools-for-stm32.9-2020-q2-update.win32_2.0.0.202105311346/tools/bin/../lib/gcc/arm-none-eabi/9.3.1/thumb/v7e-m+fp/hard/crtend.o
LOAD c:/st/stm32cubeide_1.8.0/stm32cubeide/plugins/com.st.stm32cube.ide.mcu.externaltools.gnu-tools-for-stm32.9-2020-q2-update.win32_2.0.0.202105311346/tools/bin/../lib/gcc/arm-none-eabi/9.3.1/thumb/v7e-m+fp/hard/crtn.o
                0x0000000020010000                _estack = (ORIGIN (RAM) + LENGTH (RAM))
                0x0000000000000200                _Min_Heap_Size = 0x200
                0x0000000000000888                _Min_Stack_Size = 0x888

.isr_vector     0x0000000008000000      0x194
                0x0000000008000000                . = ALIGN (0x4)
 *(.isr_vector)
 .isr_vector    0x0000000008000000      0x194 ./Core/Startup/startup_stm32f401ccux.o
                0x0000000008000000                g_pfnVectors
                0x0000000008000194                . = ALIGN (0x4)

.text           0x00000000080001a0     0xf4a4
                0x00000000080001a0                . = ALIGN (0x4)
 *(.text)
 .text          0x00000000080001a0       0x40 c:/st/stm32cubeide_1.8.0/stm32cubeide/plugins/com.st.stm32cube.ide.mcu.externaltools.gnu-tools-for-stm32.9-2020-q2-update.win32_2.0.0.202105311346/tools/bin/../lib/gcc/arm-none-eabi/9.3.1/thumb/v7e-m+fp/hard/crtbegin.o
 .text          0x00000000080001e0       0x10 c:/st/stm32cubeide_1.8.0/stm32cubeide/plugins/com.st.stm32cube.ide.mcu.externaltools.gnu-tools-for-stm32.9-2020-q2-update.win32_2.0.0.202105311346/tools/bin/../lib/gcc/arm-none-eabi/9.3.1/../../../../arm-none-eabi/lib/thumb/v7e-m+fp/hard\libc_nano.a(lib_a-strlen.o)
                0x00000000080001e0                strlen
 .text          0x00000000080001f0       0xa0 c:/st/stm32cubeide_1.8.0/stm32cubeide/plugins/com.st.stm32cube.ide.mcu.externaltools.gnu-tools-for-stm32.9-2020-q2-update.win32_2.0.0.202105311346/tools/bin/../lib/gcc/arm-none-eabi/9.3.1/../../../../arm-none-eabi/lib/thumb/v7e-m+fp/hard\libc_nano.a(lib_a-memchr.o)
                0x00000000080001f0                memchr
 .text          0x0000000008000290      0x378 c:/st/stm32cubeide_1.8.0/stm32cubeide/plugins/com.st.stm32cube.ide.mcu.externaltools.gnu-tools-for-stm32.9-2020-q2-update.win32_2.0.0.202105311346/tools/bin/../lib/gcc/arm-none-eabi/9.3.1/thumb/v7e-m+fp/hard\libgcc.a(_arm_addsubdf3.o)
                0x0000000008000290                __aeabi_drsub
                0x0000000008000298                __aeabi_dsub
                0x0000000008000298                __subdf3
                0x000000000800029c                __aeabi_dadd
                0x000000000800029c                __adddf3
                0x0000000008000514                __floatunsidf
                0x0000000008000514                __aeabi_ui2d
                0x0000000008000534                __floatsidf
                0x0000000008000534                __aeabi_i2d
                0x0000000008000558                __aeabi_f2d
                0x0000000008000558                __extendsfdf2
                0x000000000800059c                __floatundidf
                0x000000000800059c                __aeabi_ul2d
                0x00000000080005ac                __floatdidf
                0x00000000080005ac                __aeabi_l2d
 .text          0x0000000008000608      0x424 c:/st/stm32cubeide_1.8.0/stm32cubeide/plugins/com.st.stm32cube.ide.mcu.externaltools.gnu-tools-for-stm32.9-2020-q2-update.win32_2.0.0.202105311346/tools/bin/../lib/gcc/arm-none-eabi/9.3.1/thumb/v7e-m+fp/hard\libgcc.a(_arm_muldivdf3.o)
                0x0000000008000608                __aeabi_dmul
                0x0000000008000608                __muldf3
                0x000000000800085c                __divdf3
                0x000000000800085c                __aeabi_ddiv
 .text          0x0000000008000a2c      0x110 c:/st/stm32cubeide_1.8.0/stm32cubeide/plugins/com.st.stm32cube.ide.mcu.externaltools.gnu-tools-for-stm32.9-2020-q2-update.win32_2.0.0.202105311346/tools/bin/../lib/gcc/arm-none-eabi/9.3.1/thumb/v7e-m+fp/hard\libgcc.a(_arm_cmpdf2.o)
                0x0000000008000a2c                __gtdf2
                0x0000000008000a2c                __gedf2
                0x0000000008000a34                __ltdf2
                0x0000000008000a34                __ledf2
                0x0000000008000a3c                __nedf2
                0x0000000008000a3c                __eqdf2
                0x0000000008000a3c                __cmpdf2
                0x0000000008000ab8                __aeabi_cdrcmple
                0x0000000008000ac8                __aeabi_cdcmpeq
                0x0000000008000ac8                __aeabi_cdcmple
                0x0000000008000ad8                __aeabi_dcmpeq
                0x0000000008000aec                __aeabi_dcmplt
                0x0000000008000b00                __aeabi_dcmple
                0x0000000008000b14                __aeabi_dcmpge
                0x0000000008000b28                __aeabi_dcmpgt
 .text          0x0000000008000b3c       0x2c c:/st/stm32cubeide_1.8.0/stm32cubeide/plugins/com.st.stm32cube.ide.mcu.externaltools.gnu-tools-for-stm32.9-2020-q2-update.win32_2.0.0.202105311346/tools/bin/../lib/gcc/arm-none-eabi/9.3.1/thumb/v7e-m+fp/hard\libgcc.a(_arm_unorddf2.o)
                0x0000000008000b3c                __unorddf2
                0x0000000008000b3c                __aeabi_dcmpun
 .text          0x0000000008000b68       0x50 c:/st/stm32cubeide_1.8.0/stm32cubeide/plugins/com.st.stm32cube.ide.mcu.externaltools.gnu-tools-for-stm32.9-2020-q2-update.win32_2.0.0.202105311346/tools/bin/../lib/gcc/arm-none-eabi/9.3.1/thumb/v7e-m+fp/hard\libgcc.a(_arm_fixdfsi.o)
                0x0000000008000b68                __aeabi_d2iz
                0x0000000008000b68                __fixdfsi
 .text          0x0000000008000bb8       0x40 c:/st/stm32cubeide_1.8.0/stm32cubeide/plugins/com.st.stm32cube.ide.mcu.externaltools.gnu-tools-for-stm32.9-2020-q2-update.win32_2.0.0.202105311346/tools/bin/../lib/gcc/arm-none-eabi/9.3.1/thumb/v7e-m+fp/hard\libgcc.a(_arm_fixunsdfsi.o)
                0x0000000008000bb8                __aeabi_d2uiz
                0x0000000008000bb8                __fixunsdfsi
 .text          0x0000000008000bf8       0xa0 c:/st/stm32cubeide_1.8.0/stm32cubeide/plugins/com.st.stm32cube.ide.mcu.externaltools.gnu-tools-for-stm32.9-2020-q2-update.win32_2.0.0.202105311346/tools/bin/../lib/gcc/arm-none-eabi/9.3.1/thumb/v7e-m+fp/hard\libgcc.a(_arm_truncdfsf2.o)
                0x0000000008000bf8                __truncdfsf2
                0x0000000008000bf8                __aeabi_d2f
 .text          0x0000000008000c98       0x30 c:/st/stm32cubeide_1.8.0/stm32cubeide/plugins/com.st.stm32cube.ide.mcu.externaltools.gnu-tools-for-stm32.9-2020-q2-update.win32_2.0.0.202105311346/tools/bin/../lib/gcc/arm-none-eabi/9.3.1/thumb/v7e-m+fp/hard\libgcc.a(_aeabi_uldivmod.o)
                0x0000000008000c98                __aeabi_uldivmod
 .text          0x0000000008000cc8       0x30 c:/st/stm32cubeide_1.8.0/stm32cubeide/plugins/com.st.stm32cube.ide.mcu.externaltools.gnu-tools-for-stm32.9-2020-q2-update.win32_2.0.0.202105311346/tools/bin/../lib/gcc/arm-none-eabi/9.3.1/thumb/v7e-m+fp/hard\libgcc.a(_fixdfdi.o)
                0x0000000008000cc8                __fixdfdi
                0x0000000008000cc8                __aeabi_d2lz
 .text          0x0000000008000cf8       0x3c c:/st/stm32cubeide_1.8.0/stm32cubeide/plugins/com.st.stm32cube.ide.mcu.externaltools.gnu-tools-for-stm32.9-2020-q2-update.win32_2.0.0.202105311346/tools/bin/../lib/gcc/arm-none-eabi/9.3.1/thumb/v7e-m+fp/hard\libgcc.a(_fixunsdfdi.o)
                0x0000000008000cf8                __fixunsdfdi
                0x0000000008000cf8                __aeabi_d2ulz
 .text          0x0000000008000d34      0x2c4 c:/st/stm32cubeide_1.8.0/stm32cubeide/plugins/com.st.stm32cube.ide.mcu.externaltools.gnu-tools-for-stm32.9-2020-q2-update.win32_2.0.0.202105311346/tools/bin/../lib/gcc/arm-none-eabi/9.3.1/thumb/v7e-m+fp/hard\libgcc.a(_udivmoddi4.o)
                0x0000000008000d34                __udivmoddi4
 .text          0x0000000008000ff8        0x4 c:/st/stm32cubeide_1.8.0/stm32cubeide/plugins/com.st.stm32cube.ide.mcu.externaltools.gnu-tools-for-stm32.9-2020-q2-update.win32_2.0.0.202105311346/tools/bin/../lib/gcc/arm-none-eabi/9.3.1/thumb/v7e-m+fp/hard\libgcc.a(_dvmd_tls.o)
                0x0000000008000ff8                __aeabi_idiv0
                0x0000000008000ff8                __aeabi_ldiv0
 *(.text*)
 .text.EEPROM_Write
                0x0000000008000ffc       0x88 ./Core/Src/EEPROM.o
                0x0000000008000ffc                EEPROM_Write
 .text.EEPROM_Read
                0x0000000008001084       0x80 ./Core/Src/EEPROM.o
                0x0000000008001084                EEPROM_Read
 .text.buffer_init
                0x0000000008001104       0x20 ./Core/Src/buffer.o
                0x0000000008001104                buffer_init
 .text.send_line1
                0x0000000008001124       0x18 ./Core/Src/command.o
                0x0000000008001124                send_line1
 .text.send_line2
                0x000000000800113c       0x1c ./Core/Src/command.o
                0x000000000800113c                send_line2
 .text.send_line3
                0x0000000008001158       0x1c ./Core/Src/command.o
                0x0000000008001158                send_line3
 .text.send_keypad
                0x0000000008001174       0x24 ./Core/Src/command.o
                0x0000000008001174                send_keypad
 .text.clr_pulser
                0x0000000008001198       0x10 ./Core/Src/command.o
                0x0000000008001198                clr_pulser
 .text.HAL_UART_RxHalfCpltCallback
                0x00000000080011a8       0x14 ./Core/Src/interrupt_codes.o
                0x00000000080011a8                HAL_UART_RxHalfCpltCallback
 .text.HAL_UART_RxCpltCallback
                0x00000000080011bc       0x60 ./Core/Src/interrupt_codes.o
                0x00000000080011bc                HAL_UART_RxCpltCallback
 .text.check_flow
                0x000000000800121c       0x94 ./Core/Src/interrupt_codes.o
                0x000000000800121c                check_flow
 .text.keypad_ini
                0x00000000080012b0       0x44 ./Core/Src/keypad_module.o
                0x00000000080012b0                keypad_ini
 .text.shift_   0x00000000080012f4       0x84 ./Core/Src/keypad_module.o
                0x00000000080012f4                shift_
 .text.shift    0x0000000008001378       0xa8 ./Core/Src/keypad_module.o
                0x0000000008001378                shift
 .text.write_keypad_lcd
                0x0000000008001420      0x240 ./Core/Src/keypad_module.o
                0x0000000008001420                write_keypad_lcd
 .text.keypad_lcd
                0x0000000008001660      0x1f0 ./Core/Src/keypad_module.o
                0x0000000008001660                keypad_lcd
 .text.flash_info_read
                0x0000000008001850       0x3c ./Core/Src/log.o
                0x0000000008001850                flash_info_read
 .text.update_info
                0x000000000800188c       0xa8 ./Core/Src/log.o
                0x000000000800188c                update_info
 .text.read_flash_state_Handler
                0x0000000008001934       0x28 ./Core/Src/log.o
                0x0000000008001934                read_flash_state_Handler
 .text.write_flash_state_Handler
                0x000000000800195c       0xbc ./Core/Src/log.o
                0x000000000800195c                write_flash_state_Handler
 .text.clear_totA
                0x0000000008001a18       0x24 ./Core/Src/log.o
                0x0000000008001a18                clear_totA
 .text.clear_totB
                0x0000000008001a3c       0x24 ./Core/Src/log.o
                0x0000000008001a3c                clear_totB
 .text.clear_logA
                0x0000000008001a60       0x54 ./Core/Src/log.o
                0x0000000008001a60                clear_logA
 .text.clear_logB
                0x0000000008001ab4       0x5c ./Core/Src/log.o
                0x0000000008001ab4                clear_logB
 .text.SystemClock_Config
                0x0000000008001b10       0xa4 ./Core/Src/main.o
                0x0000000008001b10                SystemClock_Config
 .text.startup.main
                0x0000000008001bb4      0x2dc ./Core/Src/main.o
                0x0000000008001bb4                main
 .text.Error_Handler
                0x0000000008001e90        0x4 ./Core/Src/main.o
                0x0000000008001e90                Error_Handler
 .text.readNozzle1
                0x0000000008001e94       0x18 ./Core/Src/myLibraries.o
                0x0000000008001e94                readNozzle1
 .text.readtotaliser1_state
                0x0000000008001eac       0x1c ./Core/Src/myLibraries.o
                0x0000000008001eac                readtotaliser1_state
 .text.readpwr  0x0000000008001ec8       0x18 ./Core/Src/myLibraries.o
                0x0000000008001ec8                readpwr
 .text.displayandkeypad_power
                0x0000000008001ee0       0x10 ./Core/Src/myLibraries.o
                0x0000000008001ee0                displayandkeypad_power
 .text.drive_totaliser1
                0x0000000008001ef0       0x10 ./Core/Src/myLibraries.o
                0x0000000008001ef0                drive_totaliser1
 .text.slow_flow1
                0x0000000008001f00       0x20 ./Core/Src/myLibraries.o
                0x0000000008001f00                slow_flow1
 .text.fast_flow1
                0x0000000008001f20       0x20 ./Core/Src/myLibraries.o
                0x0000000008001f20                fast_flow1
 .text.stop_flow1
                0x0000000008001f40       0x20 ./Core/Src/myLibraries.o
                0x0000000008001f40                stop_flow1
 .text.readsettingskey_state
                0x0000000008001f60       0x18 ./Core/Src/myLibraries.o
                0x0000000008001f60                readsettingskey_state
 .text.readkey19_state
                0x0000000008001f78       0x18 ./Core/Src/myLibraries.o
                0x0000000008001f78                readkey19_state
 .text._Delay   0x0000000008001f90        0x4 ./Core/Src/myLibraries.o
                0x0000000008001f90                _Delay
 .text.byteRead
                0x0000000008001f94       0x10 ./Core/Src/myLibraries.o
                0x0000000008001f94                byteRead
 .text.shiftOut
                0x0000000008001fa4       0xa0 ./Core/Src/myLibraries.o
                0x0000000008001fa4                shiftOut
 .text.clear_screen1
                0x0000000008002044       0x20 ./Core/Src/myLibraries.o
                0x0000000008002044                clear_screen1
 .text.ToInt    0x0000000008002064        0x4 ./Core/Src/myLibraries.o
                0x0000000008002064                ToInt
 .text.Multiplex
                0x0000000008002068       0x3c ./Core/Src/myLibraries.o
                0x0000000008002068                Multiplex
 .text.process.part.0
                0x00000000080020a4      0x194 ./Core/Src/myLibraries.o
 .text.printDisp_i
                0x0000000008002238       0x4c ./Core/Src/myLibraries.o
                0x0000000008002238                printDisp_i
 .text.printDisp_c
                0x0000000008002284       0x54 ./Core/Src/myLibraries.o
                0x0000000008002284                printDisp_c
 .text.printDisp_f
                0x00000000080022d8       0x54 ./Core/Src/myLibraries.o
                0x00000000080022d8                printDisp_f
 .text.retrieve_settings
                0x000000000800232c       0x28 ./Core/Src/settings.o
                0x000000000800232c                retrieve_settings
 .text.load_settings
                0x0000000008002354       0xd0 ./Core/Src/settings.o
                0x0000000008002354                load_settings
 .text.save_settings
                0x0000000008002424       0x28 ./Core/Src/settings.o
                0x0000000008002424                save_settings
 .text.save_volumeTotaliser
                0x000000000800244c       0x60 ./Core/Src/settings.o
                0x000000000800244c                save_volumeTotaliser
 .text.retrieve_volumeTotaliser
                0x00000000080024ac       0x5c ./Core/Src/settings.o
                0x00000000080024ac                retrieve_volumeTotaliser
 .text.copy_settings
                0x0000000008002508       0x6c ./Core/Src/settings.o
                0x0000000008002508                copy_settings
 .text.get_auth
                0x0000000008002574       0x1c ./Core/Src/settings.o
                0x0000000008002574                get_auth
 .text.operator_Handler
                0x0000000008002590        0x4 ./Core/Src/states.o
                0x0000000008002590                operator_Handler
 .text.inactivestate_Handler
                0x0000000008002594        0x4 ./Core/Src/states.o
                0x0000000008002594                inactivestate_Handler
 .text.keydown_Handler
                0x0000000008002598       0x48 ./Core/Src/states.o
                0x0000000008002598                keydown_Handler
 .text.nozzleup_waitingforauthState_Handler
                0x00000000080025e0       0x18 ./Core/Src/states.o
                0x00000000080025e0                nozzleup_waitingforauthState_Handler
 .text.authorisation_paused_State_Handler
                0x00000000080025f8        0x4 ./Core/Src/states.o
                0x00000000080025f8                authorisation_paused_State_Handler
 .text.resume_Handler
                0x00000000080025fc        0x4 ./Core/Src/states.o
                0x00000000080025fc                resume_Handler
 .text.filling_resumed_Handler
                0x0000000008002600        0x4 ./Core/Src/states.o
                0x0000000008002600                filling_resumed_Handler
 .text.key19_Handler
                0x0000000008002604        0x4 ./Core/Src/states.o
                0x0000000008002604                key19_Handler
 .text.keypad_entry_State_Handler
                0x0000000008002608        0xc ./Core/Src/states.o
                0x0000000008002608                keypad_entry_State_Handler
 .text.filling_paused_state_Handler
                0x0000000008002614        0x4 ./Core/Src/states.o
                0x0000000008002614                filling_paused_state_Handler
 .text.tot_error_Handler
                0x0000000008002618       0x24 ./Core/Src/states.o
                0x0000000008002618                tot_error_Handler
 .text.filling_pulse_Handler
                0x000000000800263c       0x3c ./Core/Src/states.o
                0x000000000800263c                filling_pulse_Handler
 .text.timeout_Handler
                0x0000000008002678       0x68 ./Core/Src/states.o
                0x0000000008002678                timeout_Handler
 .text.keyup_Handler
                0x00000000080026e0       0x4c ./Core/Src/states.o
                0x00000000080026e0                keyup_Handler
 .text.savesettings_State_Handler
                0x000000000800272c      0x134 ./Core/Src/states.o
                0x000000000800272c                savesettings_State_Handler
 .text.nozzleup_Handler
                0x0000000008002860       0x70 ./Core/Src/states.o
                0x0000000008002860                nozzleup_Handler
 .text.authorise_Handler
                0x00000000080028d0       0x98 ./Core/Src/states.o
                0x00000000080028d0                authorise_Handler
 .text.keypress_Handler
                0x0000000008002968      0x38c ./Core/Src/states.o
                0x0000000008002968                keypress_Handler
 .text.error_clear_Handler
                0x0000000008002cf4       0x60 ./Core/Src/states.o
                0x0000000008002cf4                error_clear_Handler
 .text.idlestate_Handler
                0x0000000008002d54       0x88 ./Core/Src/states.o
                0x0000000008002d54                idlestate_Handler
 .text.write_v.part.0
                0x0000000008002ddc       0x24 ./Core/Src/states.o
 .text.auth_command_Handler
                0x0000000008002e00       0x60 ./Core/Src/states.o
                0x0000000008002e00                auth_command_Handler
 .text.pause_Handler
                0x0000000008002e60        0x4 ./Core/Src/states.o
                0x0000000008002e60                pause_Handler
 .text.filling_paused_Handler
                0x0000000008002e64        0x4 ./Core/Src/states.o
                0x0000000008002e64                filling_paused_Handler
 .text.dp       0x0000000008002e68      0x168 ./Core/Src/states.o
                0x0000000008002e68                dp
 .text.reset_timer
                0x0000000008002fd0       0x2c ./Core/Src/states.o
                0x0000000008002fd0                reset_timer
 .text.dec_timer
                0x0000000008002ffc       0x38 ./Core/Src/states.o
                0x0000000008002ffc                dec_timer
 .text.long_press_key
                0x0000000008003034       0x48 ./Core/Src/states.o
                0x0000000008003034                long_press_key
 .text.long_press_log
                0x000000000800307c       0x38 ./Core/Src/states.o
                0x000000000800307c                long_press_log
 .text.long_press_tot
                0x00000000080030b4       0x4c ./Core/Src/states.o
                0x00000000080030b4                long_press_tot
 .text.read_keypad
                0x0000000008003100       0x94 ./Core/Src/states.o
                0x0000000008003100                read_keypad
 .text.operator_State_Handler
                0x0000000008003194      0x6d0 ./Core/Src/states.o
                0x0000000008003194                operator_State_Handler
 .text.clr_screen1
                0x0000000008003864       0x1c ./Core/Src/states.o
                0x0000000008003864                clr_screen1
 .text.progstate_Handler
                0x0000000008003880     0x1384 ./Core/Src/states.o
                0x0000000008003880                progstate_Handler
 .text.price2pulser
                0x0000000008004c04       0x44 ./Core/Src/states.o
                0x0000000008004c04                price2pulser
 .text.authorised_nozzledown_State_Handler
                0x0000000008004c48      0x104 ./Core/Src/states.o
                0x0000000008004c48                authorised_nozzledown_State_Handler
 .text.make_string
                0x0000000008004d4c      0x12c ./Core/Src/states.o
                0x0000000008004d4c                make_string
 .text.authorised_nozzleup_State_Handler
                0x0000000008004e78      0x1d4 ./Core/Src/states.o
                0x0000000008004e78                authorised_nozzleup_State_Handler
 .text.do_calcs
                0x000000000800504c      0x5bc ./Core/Src/states.o
                0x000000000800504c                do_calcs
 .text.nozzledown_Handler
                0x0000000008005608       0x88 ./Core/Src/states.o
                0x0000000008005608                nozzledown_Handler
 .text.filling_state_Handler
                0x0000000008005690      0x270 ./Core/Src/states.o
                0x0000000008005690                filling_state_Handler
 .text.state_ini
                0x0000000008005900       0xd8 ./Core/Src/states.o
                0x0000000008005900                state_ini
 .text.states   0x00000000080059d8       0xa8 ./Core/Src/states.o
                0x00000000080059d8                states
 .text.HAL_MspInit
                0x0000000008005a80       0x38 ./Core/Src/stm32f4xx_hal_msp.o
                0x0000000008005a80                HAL_MspInit
 .text.HAL_ADC_MspInit
                0x0000000008005ab8       0x68 ./Core/Src/stm32f4xx_hal_msp.o
                0x0000000008005ab8                HAL_ADC_MspInit
 .text.HAL_I2C_MspInit
                0x0000000008005b20       0x70 ./Core/Src/stm32f4xx_hal_msp.o
                0x0000000008005b20                HAL_I2C_MspInit
 .text.HAL_RTC_MspInit
                0x0000000008005b90       0x48 ./Core/Src/stm32f4xx_hal_msp.o
                0x0000000008005b90                HAL_RTC_MspInit
 .text.HAL_RTC_MspDeInit
                0x0000000008005bd8       0x1c ./Core/Src/stm32f4xx_hal_msp.o
                0x0000000008005bd8                HAL_RTC_MspDeInit
 .text.HAL_SPI_MspInit
                0x0000000008005bf4       0x70 ./Core/Src/stm32f4xx_hal_msp.o
                0x0000000008005bf4                HAL_SPI_MspInit
 .text.HAL_TIM_Encoder_MspInit
                0x0000000008005c64       0x6c ./Core/Src/stm32f4xx_hal_msp.o
                0x0000000008005c64                HAL_TIM_Encoder_MspInit
 .text.HAL_UART_MspInit
                0x0000000008005cd0       0xbc ./Core/Src/stm32f4xx_hal_msp.o
                0x0000000008005cd0                HAL_UART_MspInit
 .text.NMI_Handler
                0x0000000008005d8c        0x4 ./Core/Src/stm32f4xx_it.o
                0x0000000008005d8c                NMI_Handler
 .text.HardFault_Handler
                0x0000000008005d90        0x4 ./Core/Src/stm32f4xx_it.o
                0x0000000008005d90                HardFault_Handler
 .text.MemManage_Handler
                0x0000000008005d94        0x4 ./Core/Src/stm32f4xx_it.o
                0x0000000008005d94                MemManage_Handler
 .text.BusFault_Handler
                0x0000000008005d98        0x4 ./Core/Src/stm32f4xx_it.o
                0x0000000008005d98                BusFault_Handler
 .text.UsageFault_Handler
                0x0000000008005d9c        0x4 ./Core/Src/stm32f4xx_it.o
                0x0000000008005d9c                UsageFault_Handler
 .text.SVC_Handler
                0x0000000008005da0        0x4 ./Core/Src/stm32f4xx_it.o
                0x0000000008005da0                SVC_Handler
 .text.DebugMon_Handler
                0x0000000008005da4        0x4 ./Core/Src/stm32f4xx_it.o
                0x0000000008005da4                DebugMon_Handler
 .text.PendSV_Handler
                0x0000000008005da8        0x4 ./Core/Src/stm32f4xx_it.o
                0x0000000008005da8                PendSV_Handler
 .text.SysTick_Handler
                0x0000000008005dac       0x14 ./Core/Src/stm32f4xx_it.o
                0x0000000008005dac                SysTick_Handler
 .text.USART1_IRQHandler
                0x0000000008005dc0        0xc ./Core/Src/stm32f4xx_it.o
                0x0000000008005dc0                USART1_IRQHandler
 .text.DMA2_Stream2_IRQHandler
                0x0000000008005dcc        0xc ./Core/Src/stm32f4xx_it.o
                0x0000000008005dcc                DMA2_Stream2_IRQHandler
 .text._getpid  0x0000000008005dd8        0x4 ./Core/Src/syscalls.o
                0x0000000008005dd8                _getpid
 .text._kill    0x0000000008005ddc       0x10 ./Core/Src/syscalls.o
                0x0000000008005ddc                _kill
 .text._exit    0x0000000008005dec        0xc ./Core/Src/syscalls.o
                0x0000000008005dec                _exit
 .text._read    0x0000000008005df8       0x1c ./Core/Src/syscalls.o
                0x0000000008005df8                _read
 .text._close   0x0000000008005e14        0x8 ./Core/Src/syscalls.o
                0x0000000008005e14                _close
 .text._fstat   0x0000000008005e1c        0xc ./Core/Src/syscalls.o
                0x0000000008005e1c                _fstat
 .text._isatty  0x0000000008005e28        0x4 ./Core/Src/syscalls.o
                0x0000000008005e28                _isatty
 .text._lseek   0x0000000008005e2c        0x4 ./Core/Src/syscalls.o
                0x0000000008005e2c                _lseek
 .text._sbrk    0x0000000008005e30       0x44 ./Core/Src/sysmem.o
                0x0000000008005e30                _sbrk
 .text.SystemInit
                0x0000000008005e74       0x14 ./Core/Src/system_stm32f4xx.o
                0x0000000008005e74                SystemInit
 .text.dec_var  0x0000000008005e88       0x10 ./Core/Src/thread1.o
                0x0000000008005e88                dec_var
 .text.get_time
                0x0000000008005e98       0x58 ./Core/Src/thread1.o
                0x0000000008005e98                get_time
 .text.led_pin_out
                0x0000000008005ef0       0x54 ./Core/Src/thread1.o
                0x0000000008005ef0                led_pin_out
 .text.setup    0x0000000008005f44       0xd8 ./Core/Src/thread1.o
                0x0000000008005f44                setup
 .text.house_keeping
                0x000000000800601c       0x38 ./Core/Src/thread1.o
                0x000000000800601c                house_keeping
 .text.run      0x0000000008006054       0x10 ./Core/Src/thread1.o
                0x0000000008006054                run
 .text.read_event1
                0x0000000008006064      0x200 ./Core/Src/thread1.o
                0x0000000008006064                read_event1
 .text._write   0x0000000008006264        0x4 ./Core/Src/write__.o
                0x0000000008006264                _write
 .text.Reset_Handler
                0x0000000008006268       0x50 ./Core/Startup/startup_stm32f401ccux.o
                0x0000000008006268                Reset_Handler
 .text.Default_Handler
                0x00000000080062b8        0x2 ./Core/Startup/startup_stm32f401ccux.o
                0x00000000080062b8                RTC_Alarm_IRQHandler
                0x00000000080062b8                EXTI2_IRQHandler
                0x00000000080062b8                SPI4_IRQHandler
                0x00000000080062b8                TIM1_CC_IRQHandler
                0x00000000080062b8                DMA2_Stream5_IRQHandler
                0x00000000080062b8                DMA1_Stream5_IRQHandler
                0x00000000080062b8                PVD_IRQHandler
                0x00000000080062b8                SDIO_IRQHandler
                0x00000000080062b8                TAMP_STAMP_IRQHandler
                0x00000000080062b8                EXTI3_IRQHandler
                0x00000000080062b8                TIM1_UP_TIM10_IRQHandler
                0x00000000080062b8                I2C3_ER_IRQHandler
                0x00000000080062b8                EXTI0_IRQHandler
                0x00000000080062b8                I2C2_EV_IRQHandler
                0x00000000080062b8                DMA1_Stream2_IRQHandler
                0x00000000080062b8                FPU_IRQHandler
                0x00000000080062b8                SPI1_IRQHandler
                0x00000000080062b8                TIM1_BRK_TIM9_IRQHandler
                0x00000000080062b8                DMA2_Stream3_IRQHandler
                0x00000000080062b8                USART6_IRQHandler
                0x00000000080062b8                DMA2_Stream0_IRQHandler
                0x00000000080062b8                TIM4_IRQHandler
                0x00000000080062b8                I2C1_EV_IRQHandler
                0x00000000080062b8                DMA1_Stream6_IRQHandler
                0x00000000080062b8                DMA1_Stream1_IRQHandler
                0x00000000080062b8                TIM3_IRQHandler
                0x00000000080062b8                RCC_IRQHandler
                0x00000000080062b8                Default_Handler
                0x00000000080062b8                EXTI15_10_IRQHandler
                0x00000000080062b8                ADC_IRQHandler
                0x00000000080062b8                DMA1_Stream7_IRQHandler
                0x00000000080062b8                TIM5_IRQHandler
                0x00000000080062b8                DMA2_Stream7_IRQHandler
                0x00000000080062b8                I2C3_EV_IRQHandler
                0x00000000080062b8                EXTI9_5_IRQHandler
                0x00000000080062b8                RTC_WKUP_IRQHandler
                0x00000000080062b8                SPI2_IRQHandler
                0x00000000080062b8                DMA1_Stream0_IRQHandler
                0x00000000080062b8                EXTI4_IRQHandler
                0x00000000080062b8                WWDG_IRQHandler
                0x00000000080062b8                TIM2_IRQHandler
                0x00000000080062b8                OTG_FS_WKUP_IRQHandler
                0x00000000080062b8                TIM1_TRG_COM_TIM11_IRQHandler
                0x00000000080062b8                EXTI1_IRQHandler
                0x00000000080062b8                USART2_IRQHandler
                0x00000000080062b8                I2C2_ER_IRQHandler
                0x00000000080062b8                DMA2_Stream1_IRQHandler
                0x00000000080062b8                FLASH_IRQHandler
                0x00000000080062b8                DMA2_Stream4_IRQHandler
                0x00000000080062b8                OTG_FS_IRQHandler
                0x00000000080062b8                SPI3_IRQHandler
                0x00000000080062b8                DMA1_Stream4_IRQHandler
                0x00000000080062b8                I2C1_ER_IRQHandler
                0x00000000080062b8                DMA2_Stream6_IRQHandler
                0x00000000080062b8                DMA1_Stream3_IRQHandler
 *fill*         0x00000000080062ba        0x2 
 .text.DS1307_GetRegByte
                0x00000000080062bc       0x3c ./Core/ds1307/ds1307_for_stm32_hal.o
                0x00000000080062bc                DS1307_GetRegByte
 .text.DS1307_SetClockHalt
                0x00000000080062f8       0x44 ./Core/ds1307/ds1307_for_stm32_hal.o
                0x00000000080062f8                DS1307_SetClockHalt
 .text.DS1307_GetDayOfWeek
                0x000000000800633c       0x1c ./Core/ds1307/ds1307_for_stm32_hal.o
                0x000000000800633c                DS1307_GetDayOfWeek
 .text.DS1307_GetDate
                0x0000000008006358       0x1c ./Core/ds1307/ds1307_for_stm32_hal.o
                0x0000000008006358                DS1307_GetDate
 .text.DS1307_GetMonth
                0x0000000008006374       0x1c ./Core/ds1307/ds1307_for_stm32_hal.o
                0x0000000008006374                DS1307_GetMonth
 .text.DS1307_GetYear
                0x0000000008006390       0x30 ./Core/ds1307/ds1307_for_stm32_hal.o
                0x0000000008006390                DS1307_GetYear
 .text.DS1307_GetHour
                0x00000000080063c0       0x1c ./Core/ds1307/ds1307_for_stm32_hal.o
                0x00000000080063c0                DS1307_GetHour
 .text.DS1307_GetMinute
                0x00000000080063dc       0x1c ./Core/ds1307/ds1307_for_stm32_hal.o
                0x00000000080063dc                DS1307_GetMinute
 .text.DS1307_GetSecond
                0x00000000080063f8       0x1c ./Core/ds1307/ds1307_for_stm32_hal.o
                0x00000000080063f8                DS1307_GetSecond
 .text.setup_ds1307
                0x0000000008006414       0x14 ./Core/ds1307/ds1307_for_stm32_hal.o
                0x0000000008006414                setup_ds1307
 .text.W25qxx_ReadID
                0x0000000008006428       0xa0 ./Core/flash_mem/w25qxx.o
                0x0000000008006428                W25qxx_ReadID
 .text.W25qxx_ReadUniqID
                0x00000000080064c8       0x9c ./Core/flash_mem/w25qxx.o
                0x00000000080064c8                W25qxx_ReadUniqID
 .text.W25qxx_WriteEnable
                0x0000000008006564       0x48 ./Core/flash_mem/w25qxx.o
                0x0000000008006564                W25qxx_WriteEnable
 .text.W25qxx_ReadStatusRegister
                0x00000000080065ac       0xe4 ./Core/flash_mem/w25qxx.o
                0x00000000080065ac                W25qxx_ReadStatusRegister
 .text.W25qxx_WaitForWriteEnd
                0x0000000008006690       0x7c ./Core/flash_mem/w25qxx.o
                0x0000000008006690                W25qxx_WaitForWriteEnd
 .text.W25qxx_Init
                0x000000000800670c      0x16c ./Core/flash_mem/w25qxx.o
                0x000000000800670c                W25qxx_Init
 .text.W25qxx_EraseBlock
                0x0000000008006878      0x104 ./Core/flash_mem/w25qxx.o
                0x0000000008006878                W25qxx_EraseBlock
 .text.W25qxx_WritePage
                0x000000000800697c      0x128 ./Core/flash_mem/w25qxx.o
                0x000000000800697c                W25qxx_WritePage
 .text.W25qxx_ReadPage
                0x0000000008006aa4      0x138 ./Core/flash_mem/w25qxx.o
                0x0000000008006aa4                W25qxx_ReadPage
 .text.toggle_led
                0x0000000008006bdc       0x6c ./Core/timers/timers.o
                0x0000000008006bdc                toggle_led
 .text.HAL_InitTick
                0x0000000008006c48       0x48 ./Drivers/STM32F4xx_HAL_Driver/Src/stm32f4xx_hal.o
                0x0000000008006c48                HAL_InitTick
 .text.HAL_Init
                0x0000000008006c90       0x34 ./Drivers/STM32F4xx_HAL_Driver/Src/stm32f4xx_hal.o
                0x0000000008006c90                HAL_Init
 .text.HAL_IncTick
                0x0000000008006cc4       0x18 ./Drivers/STM32F4xx_HAL_Driver/Src/stm32f4xx_hal.o
                0x0000000008006cc4                HAL_IncTick
 .text.HAL_GetTick
                0x0000000008006cdc        0xc ./Drivers/STM32F4xx_HAL_Driver/Src/stm32f4xx_hal.o
                0x0000000008006cdc                HAL_GetTick
 .text.HAL_Delay
                0x0000000008006ce8       0x24 ./Drivers/STM32F4xx_HAL_Driver/Src/stm32f4xx_hal.o
                0x0000000008006ce8                HAL_Delay
 .text.HAL_ADC_Init
                0x0000000008006d0c      0x15c ./Drivers/STM32F4xx_HAL_Driver/Src/stm32f4xx_hal_adc.o
                0x0000000008006d0c                HAL_ADC_Init
 .text.HAL_ADC_ConfigChannel
                0x0000000008006e68      0x150 ./Drivers/STM32F4xx_HAL_Driver/Src/stm32f4xx_hal_adc.o
                0x0000000008006e68                HAL_ADC_ConfigChannel
 .text.HAL_NVIC_SetPriorityGrouping
                0x0000000008006fb8       0x28 ./Drivers/STM32F4xx_HAL_Driver/Src/stm32f4xx_hal_cortex.o
                0x0000000008006fb8                HAL_NVIC_SetPriorityGrouping
 .text.HAL_NVIC_SetPriority
                0x0000000008006fe0       0x70 ./Drivers/STM32F4xx_HAL_Driver/Src/stm32f4xx_hal_cortex.o
                0x0000000008006fe0                HAL_NVIC_SetPriority
 .text.HAL_NVIC_EnableIRQ
                0x0000000008007050       0x1c ./Drivers/STM32F4xx_HAL_Driver/Src/stm32f4xx_hal_cortex.o
                0x0000000008007050                HAL_NVIC_EnableIRQ
 .text.HAL_SYSTICK_Config
                0x000000000800706c       0x34 ./Drivers/STM32F4xx_HAL_Driver/Src/stm32f4xx_hal_cortex.o
                0x000000000800706c                HAL_SYSTICK_Config
 .text.HAL_DMA_Init
                0x00000000080070a0      0x134 ./Drivers/STM32F4xx_HAL_Driver/Src/stm32f4xx_hal_dma.o
                0x00000000080070a0                HAL_DMA_Init
 .text.HAL_DMA_Start_IT
                0x00000000080071d4       0x7c ./Drivers/STM32F4xx_HAL_Driver/Src/stm32f4xx_hal_dma.o
                0x00000000080071d4                HAL_DMA_Start_IT
 .text.HAL_DMA_Abort
                0x0000000008007250       0x90 ./Drivers/STM32F4xx_HAL_Driver/Src/stm32f4xx_hal_dma.o
                0x0000000008007250                HAL_DMA_Abort
 .text.HAL_DMA_Abort_IT
                0x00000000080072e0       0x24 ./Drivers/STM32F4xx_HAL_Driver/Src/stm32f4xx_hal_dma.o
                0x00000000080072e0                HAL_DMA_Abort_IT
 .text.HAL_DMA_IRQHandler
                0x0000000008007304      0x1e0 ./Drivers/STM32F4xx_HAL_Driver/Src/stm32f4xx_hal_dma.o
                0x0000000008007304                HAL_DMA_IRQHandler
 .text.HAL_GPIO_Init
                0x00000000080074e4      0x1d8 ./Drivers/STM32F4xx_HAL_Driver/Src/stm32f4xx_hal_gpio.o
                0x00000000080074e4                HAL_GPIO_Init
 .text.HAL_GPIO_ReadPin
                0x00000000080076bc        0xc ./Drivers/STM32F4xx_HAL_Driver/Src/stm32f4xx_hal_gpio.o
                0x00000000080076bc                HAL_GPIO_ReadPin
 .text.HAL_GPIO_WritePin
                0x00000000080076c8        0x8 ./Drivers/STM32F4xx_HAL_Driver/Src/stm32f4xx_hal_gpio.o
                0x00000000080076c8                HAL_GPIO_WritePin
 .text.HAL_GPIO_TogglePin
                0x00000000080076d0       0x14 ./Drivers/STM32F4xx_HAL_Driver/Src/stm32f4xx_hal_gpio.o
                0x00000000080076d0                HAL_GPIO_TogglePin
 .text.HAL_I2C_AddrCallback
                0x00000000080076e4        0x4 ./Drivers/STM32F4xx_HAL_Driver/Src/stm32f4xx_hal_i2c.o
                0x00000000080076e4                HAL_I2C_AddrCallback
 .text.I2C_WaitOnMasterAddressFlagUntilTimeout
                0x00000000080076e8       0x98 ./Drivers/STM32F4xx_HAL_Driver/Src/stm32f4xx_hal_i2c.o
 .text.I2C_WaitOnTXEFlagUntilTimeout
                0x0000000008007780       0x78 ./Drivers/STM32F4xx_HAL_Driver/Src/stm32f4xx_hal_i2c.o
 .text.HAL_I2C_AbortCpltCallback
                0x00000000080077f8        0x4 ./Drivers/STM32F4xx_HAL_Driver/Src/stm32f4xx_hal_i2c.o
                0x00000000080077f8                HAL_I2C_AbortCpltCallback
 .text.HAL_I2C_MasterTxCpltCallback
                0x00000000080077fc        0x4 ./Drivers/STM32F4xx_HAL_Driver/Src/stm32f4xx_hal_i2c.o
                0x00000000080077fc                HAL_I2C_MasterTxCpltCallback
 .text.HAL_I2C_MasterRxCpltCallback
                0x0000000008007800        0x4 ./Drivers/STM32F4xx_HAL_Driver/Src/stm32f4xx_hal_i2c.o
                0x0000000008007800                HAL_I2C_MasterRxCpltCallback
 .text.HAL_I2C_SlaveTxCpltCallback
                0x0000000008007804        0x4 ./Drivers/STM32F4xx_HAL_Driver/Src/stm32f4xx_hal_i2c.o
                0x0000000008007804                HAL_I2C_SlaveTxCpltCallback
 .text.HAL_I2C_SlaveRxCpltCallback
                0x0000000008007808        0x4 ./Drivers/STM32F4xx_HAL_Driver/Src/stm32f4xx_hal_i2c.o
                0x0000000008007808                HAL_I2C_SlaveRxCpltCallback
 .text.HAL_I2C_ListenCpltCallback
                0x000000000800780c        0x4 ./Drivers/STM32F4xx_HAL_Driver/Src/stm32f4xx_hal_i2c.o
                0x000000000800780c                HAL_I2C_ListenCpltCallback
 .text.HAL_I2C_MemTxCpltCallback
                0x0000000008007810        0x4 ./Drivers/STM32F4xx_HAL_Driver/Src/stm32f4xx_hal_i2c.o
                0x0000000008007810                HAL_I2C_MemTxCpltCallback
 .text.HAL_I2C_MemRxCpltCallback
                0x0000000008007814        0x4 ./Drivers/STM32F4xx_HAL_Driver/Src/stm32f4xx_hal_i2c.o
                0x0000000008007814                HAL_I2C_MemRxCpltCallback
 .text.HAL_I2C_ErrorCallback
                0x0000000008007818        0x4 ./Drivers/STM32F4xx_HAL_Driver/Src/stm32f4xx_hal_i2c.o
                0x0000000008007818                HAL_I2C_ErrorCallback
 .text.I2C_WaitOnRXNEFlagUntilTimeout
                0x000000000800781c       0x68 ./Drivers/STM32F4xx_HAL_Driver/Src/stm32f4xx_hal_i2c.o
 .text.I2C_WaitOnFlagUntilTimeout
                0x0000000008007884       0x70 ./Drivers/STM32F4xx_HAL_Driver/Src/stm32f4xx_hal_i2c.o
 .text.I2C_RequestMemoryWrite
                0x00000000080078f4       0xc8 ./Drivers/STM32F4xx_HAL_Driver/Src/stm32f4xx_hal_i2c.o
 .text.I2C_RequestMemoryRead
                0x00000000080079bc      0x108 ./Drivers/STM32F4xx_HAL_Driver/Src/stm32f4xx_hal_i2c.o
 .text.I2C_WaitOnBTFFlagUntilTimeout
                0x0000000008007ac4       0x78 ./Drivers/STM32F4xx_HAL_Driver/Src/stm32f4xx_hal_i2c.o
 .text.HAL_I2C_Init
                0x0000000008007b3c      0x1e4 ./Drivers/STM32F4xx_HAL_Driver/Src/stm32f4xx_hal_i2c.o
                0x0000000008007b3c                HAL_I2C_Init
 .text.HAL_I2C_Master_Transmit
                0x0000000008007d20      0x1e4 ./Drivers/STM32F4xx_HAL_Driver/Src/stm32f4xx_hal_i2c.o
                0x0000000008007d20                HAL_I2C_Master_Transmit
 .text.HAL_I2C_Master_Receive
                0x0000000008007f04      0x30c ./Drivers/STM32F4xx_HAL_Driver/Src/stm32f4xx_hal_i2c.o
                0x0000000008007f04                HAL_I2C_Master_Receive
 .text.HAL_I2C_Mem_Write
                0x0000000008008210      0x138 ./Drivers/STM32F4xx_HAL_Driver/Src/stm32f4xx_hal_i2c.o
                0x0000000008008210                HAL_I2C_Mem_Write
 .text.HAL_I2C_Mem_Read
                0x0000000008008348      0x238 ./Drivers/STM32F4xx_HAL_Driver/Src/stm32f4xx_hal_i2c.o
                0x0000000008008348                HAL_I2C_Mem_Read
 .text.HAL_RCC_OscConfig
                0x0000000008008580      0x3cc ./Drivers/STM32F4xx_HAL_Driver/Src/stm32f4xx_hal_rcc.o
                0x0000000008008580                HAL_RCC_OscConfig
 .text.HAL_RCC_GetSysClockFreq
                0x000000000800894c       0x6c ./Drivers/STM32F4xx_HAL_Driver/Src/stm32f4xx_hal_rcc.o
                0x000000000800894c                HAL_RCC_GetSysClockFreq
 .text.HAL_RCC_ClockConfig
                0x00000000080089b8      0x13c ./Drivers/STM32F4xx_HAL_Driver/Src/stm32f4xx_hal_rcc.o
                0x00000000080089b8                HAL_RCC_ClockConfig
 .text.HAL_RCC_GetPCLK1Freq
                0x0000000008008af4       0x20 ./Drivers/STM32F4xx_HAL_Driver/Src/stm32f4xx_hal_rcc.o
                0x0000000008008af4                HAL_RCC_GetPCLK1Freq
 .text.HAL_RCC_GetPCLK2Freq
                0x0000000008008b14       0x20 ./Drivers/STM32F4xx_HAL_Driver/Src/stm32f4xx_hal_rcc.o
                0x0000000008008b14                HAL_RCC_GetPCLK2Freq
 .text.HAL_RCCEx_PeriphCLKConfig
                0x0000000008008b34      0x154 ./Drivers/STM32F4xx_HAL_Driver/Src/stm32f4xx_hal_rcc_ex.o
                0x0000000008008b34                HAL_RCCEx_PeriphCLKConfig
 .text.HAL_RTC_AlarmAEventCallback
                0x0000000008008c88        0x4 ./Drivers/STM32F4xx_HAL_Driver/Src/stm32f4xx_hal_rtc.o
                0x0000000008008c88                HAL_RTC_AlarmAEventCallback
 .text.HAL_RTC_WaitForSynchro
                0x0000000008008c8c       0x34 ./Drivers/STM32F4xx_HAL_Driver/Src/stm32f4xx_hal_rtc.o
                0x0000000008008c8c                HAL_RTC_WaitForSynchro
 .text.RTC_EnterInitMode
                0x0000000008008cc0       0x34 ./Drivers/STM32F4xx_HAL_Driver/Src/stm32f4xx_hal_rtc.o
                0x0000000008008cc0                RTC_EnterInitMode
 .text.HAL_RTC_Init
                0x0000000008008cf4       0xf8 ./Drivers/STM32F4xx_HAL_Driver/Src/stm32f4xx_hal_rtc.o
                0x0000000008008cf4                HAL_RTC_Init
 .text.HAL_RTCEx_TimeStampEventCallback
                0x0000000008008dec        0x4 ./Drivers/STM32F4xx_HAL_Driver/Src/stm32f4xx_hal_rtc_ex.o
                0x0000000008008dec                HAL_RTCEx_TimeStampEventCallback
 .text.HAL_RTCEx_Tamper1EventCallback
                0x0000000008008df0        0x4 ./Drivers/STM32F4xx_HAL_Driver/Src/stm32f4xx_hal_rtc_ex.o
                0x0000000008008df0                HAL_RTCEx_Tamper1EventCallback
 .text.HAL_RTCEx_Tamper2EventCallback
                0x0000000008008df4        0x4 ./Drivers/STM32F4xx_HAL_Driver/Src/stm32f4xx_hal_rtc_ex.o
                0x0000000008008df4                HAL_RTCEx_Tamper2EventCallback
 .text.HAL_RTCEx_WakeUpTimerEventCallback
                0x0000000008008df8        0x4 ./Drivers/STM32F4xx_HAL_Driver/Src/stm32f4xx_hal_rtc_ex.o
                0x0000000008008df8                HAL_RTCEx_WakeUpTimerEventCallback
 .text.HAL_RTCEx_AlarmBEventCallback
                0x0000000008008dfc        0x4 ./Drivers/STM32F4xx_HAL_Driver/Src/stm32f4xx_hal_rtc_ex.o
                0x0000000008008dfc                HAL_RTCEx_AlarmBEventCallback
 .text.SPI_WaitFlagStateUntilTimeout.constprop.0
                0x0000000008008e00       0xbc ./Drivers/STM32F4xx_HAL_Driver/Src/stm32f4xx_hal_spi.o
 .text.SPI_EndRxTransaction
                0x0000000008008ebc       0x68 ./Drivers/STM32F4xx_HAL_Driver/Src/stm32f4xx_hal_spi.o
 .text.SPI_EndRxTxTransaction
                0x0000000008008f24       0x64 ./Drivers/STM32F4xx_HAL_Driver/Src/stm32f4xx_hal_spi.o
 .text.HAL_SPI_AbortCpltCallback
                0x0000000008008f88        0x4 ./Drivers/STM32F4xx_HAL_Driver/Src/stm32f4xx_hal_spi.o
                0x0000000008008f88                HAL_SPI_AbortCpltCallback
 .text.HAL_SPI_TxCpltCallback
                0x0000000008008f8c        0x4 ./Drivers/STM32F4xx_HAL_Driver/Src/stm32f4xx_hal_spi.o
                0x0000000008008f8c                HAL_SPI_TxCpltCallback
 .text.HAL_SPI_RxCpltCallback
                0x0000000008008f90        0x4 ./Drivers/STM32F4xx_HAL_Driver/Src/stm32f4xx_hal_spi.o
                0x0000000008008f90                HAL_SPI_RxCpltCallback
 .text.HAL_SPI_TxRxCpltCallback
                0x0000000008008f94        0x4 ./Drivers/STM32F4xx_HAL_Driver/Src/stm32f4xx_hal_spi.o
                0x0000000008008f94                HAL_SPI_TxRxCpltCallback
 .text.HAL_SPI_TxHalfCpltCallback
                0x0000000008008f98        0x4 ./Drivers/STM32F4xx_HAL_Driver/Src/stm32f4xx_hal_spi.o
                0x0000000008008f98                HAL_SPI_TxHalfCpltCallback
 .text.HAL_SPI_RxHalfCpltCallback
                0x0000000008008f9c        0x4 ./Drivers/STM32F4xx_HAL_Driver/Src/stm32f4xx_hal_spi.o
                0x0000000008008f9c                HAL_SPI_RxHalfCpltCallback
 .text.HAL_SPI_TxRxHalfCpltCallback
                0x0000000008008fa0        0x4 ./Drivers/STM32F4xx_HAL_Driver/Src/stm32f4xx_hal_spi.o
                0x0000000008008fa0                HAL_SPI_TxRxHalfCpltCallback
 .text.HAL_SPI_ErrorCallback
                0x0000000008008fa4        0x4 ./Drivers/STM32F4xx_HAL_Driver/Src/stm32f4xx_hal_spi.o
                0x0000000008008fa4                HAL_SPI_ErrorCallback
 .text.HAL_SPI_Init
                0x0000000008008fa8      0x10c ./Drivers/STM32F4xx_HAL_Driver/Src/stm32f4xx_hal_spi.o
                0x0000000008008fa8                HAL_SPI_Init
 .text.HAL_SPI_Transmit
                0x00000000080090b4      0x180 ./Drivers/STM32F4xx_HAL_Driver/Src/stm32f4xx_hal_spi.o
                0x00000000080090b4                HAL_SPI_Transmit
 .text.HAL_SPI_TransmitReceive
                0x0000000008009234      0x1fc ./Drivers/STM32F4xx_HAL_Driver/Src/stm32f4xx_hal_spi.o
                0x0000000008009234                HAL_SPI_TransmitReceive
 .text.HAL_SPI_Receive
                0x0000000008009430      0x154 ./Drivers/STM32F4xx_HAL_Driver/Src/stm32f4xx_hal_spi.o
                0x0000000008009430                HAL_SPI_Receive
 .text.HAL_TIM_PeriodElapsedCallback
                0x0000000008009584        0x4 ./Drivers/STM32F4xx_HAL_Driver/Src/stm32f4xx_hal_tim.o
                0x0000000008009584                HAL_TIM_PeriodElapsedCallback
 .text.HAL_TIM_PeriodElapsedHalfCpltCallback
                0x0000000008009588        0x4 ./Drivers/STM32F4xx_HAL_Driver/Src/stm32f4xx_hal_tim.o
                0x0000000008009588                HAL_TIM_PeriodElapsedHalfCpltCallback
 .text.HAL_TIM_OC_DelayElapsedCallback
                0x000000000800958c        0x4 ./Drivers/STM32F4xx_HAL_Driver/Src/stm32f4xx_hal_tim.o
                0x000000000800958c                HAL_TIM_OC_DelayElapsedCallback
 .text.HAL_TIM_IC_CaptureCallback
                0x0000000008009590        0x4 ./Drivers/STM32F4xx_HAL_Driver/Src/stm32f4xx_hal_tim.o
                0x0000000008009590                HAL_TIM_IC_CaptureCallback
 .text.HAL_TIM_IC_CaptureHalfCpltCallback
                0x0000000008009594        0x4 ./Drivers/STM32F4xx_HAL_Driver/Src/stm32f4xx_hal_tim.o
                0x0000000008009594                HAL_TIM_IC_CaptureHalfCpltCallback
 .text.HAL_TIM_PWM_PulseFinishedCallback
                0x0000000008009598        0x4 ./Drivers/STM32F4xx_HAL_Driver/Src/stm32f4xx_hal_tim.o
                0x0000000008009598                HAL_TIM_PWM_PulseFinishedCallback
 .text.HAL_TIM_PWM_PulseFinishedHalfCpltCallback
                0x000000000800959c        0x4 ./Drivers/STM32F4xx_HAL_Driver/Src/stm32f4xx_hal_tim.o
                0x000000000800959c                HAL_TIM_PWM_PulseFinishedHalfCpltCallback
 .text.HAL_TIM_TriggerCallback
                0x00000000080095a0        0x4 ./Drivers/STM32F4xx_HAL_Driver/Src/stm32f4xx_hal_tim.o
                0x00000000080095a0                HAL_TIM_TriggerCallback
 .text.HAL_TIM_TriggerHalfCpltCallback
                0x00000000080095a4        0x4 ./Drivers/STM32F4xx_HAL_Driver/Src/stm32f4xx_hal_tim.o
                0x00000000080095a4                HAL_TIM_TriggerHalfCpltCallback
 .text.HAL_TIM_ErrorCallback
                0x00000000080095a8        0x4 ./Drivers/STM32F4xx_HAL_Driver/Src/stm32f4xx_hal_tim.o
                0x00000000080095a8                HAL_TIM_ErrorCallback
 .text.HAL_TIM_Encoder_Start
                0x00000000080095ac       0xb8 ./Drivers/STM32F4xx_HAL_Driver/Src/stm32f4xx_hal_tim.o
                0x00000000080095ac                HAL_TIM_Encoder_Start
 .text.TIM_Base_SetConfig
                0x0000000008009664       0xa4 ./Drivers/STM32F4xx_HAL_Driver/Src/stm32f4xx_hal_tim.o
                0x0000000008009664                TIM_Base_SetConfig
 .text.HAL_TIM_Encoder_Init
                0x0000000008009708      0x148 ./Drivers/STM32F4xx_HAL_Driver/Src/stm32f4xx_hal_tim.o
                0x0000000008009708                HAL_TIM_Encoder_Init
 .text.HAL_TIMEx_MasterConfigSynchronization
                0x0000000008009850       0x74 ./Drivers/STM32F4xx_HAL_Driver/Src/stm32f4xx_hal_tim_ex.o
                0x0000000008009850                HAL_TIMEx_MasterConfigSynchronization
 .text.HAL_TIMEx_CommutCallback
                0x00000000080098c4        0x4 ./Drivers/STM32F4xx_HAL_Driver/Src/stm32f4xx_hal_tim_ex.o
                0x00000000080098c4                HAL_TIMEx_CommutCallback
 .text.HAL_TIMEx_CommutHalfCpltCallback
                0x00000000080098c8        0x4 ./Drivers/STM32F4xx_HAL_Driver/Src/stm32f4xx_hal_tim_ex.o
                0x00000000080098c8                HAL_TIMEx_CommutHalfCpltCallback
 .text.HAL_TIMEx_BreakCallback
                0x00000000080098cc        0x4 ./Drivers/STM32F4xx_HAL_Driver/Src/stm32f4xx_hal_tim_ex.o
                0x00000000080098cc                HAL_TIMEx_BreakCallback
 .text.HAL_UARTEx_RxEventCallback
                0x00000000080098d0        0x4 ./Drivers/STM32F4xx_HAL_Driver/Src/stm32f4xx_hal_uart.o
                0x00000000080098d0                HAL_UARTEx_RxEventCallback
 .text.UART_DMAReceiveCplt
                0x00000000080098d4       0x50 ./Drivers/STM32F4xx_HAL_Driver/Src/stm32f4xx_hal_uart.o
 .text.UART_DMARxHalfCplt
                0x0000000008009924       0x14 ./Drivers/STM32F4xx_HAL_Driver/Src/stm32f4xx_hal_uart.o
 .text.UART_DMAError
                0x0000000008009938       0x78 ./Drivers/STM32F4xx_HAL_Driver/Src/stm32f4xx_hal_uart.o
 .text.UART_DMAAbortOnError
                0x00000000080099b0        0xc ./Drivers/STM32F4xx_HAL_Driver/Src/stm32f4xx_hal_uart.o
 .text.UART_SetConfig
                0x00000000080099bc       0xe0 ./Drivers/STM32F4xx_HAL_Driver/Src/stm32f4xx_hal_uart.o
 .text.UART_Receive_IT.part.0
                0x0000000008009a9c       0xa0 ./Drivers/STM32F4xx_HAL_Driver/Src/stm32f4xx_hal_uart.o
 .text.UART_WaitOnFlagUntilTimeout.constprop.0
                0x0000000008009b3c       0x58 ./Drivers/STM32F4xx_HAL_Driver/Src/stm32f4xx_hal_uart.o
 .text.HAL_UART_AbortReceiveCpltCallback
                0x0000000008009b94        0x4 ./Drivers/STM32F4xx_HAL_Driver/Src/stm32f4xx_hal_uart.o
                0x0000000008009b94                HAL_UART_AbortReceiveCpltCallback
 .text.HAL_UART_TxCpltCallback
                0x0000000008009b98        0x4 ./Drivers/STM32F4xx_HAL_Driver/Src/stm32f4xx_hal_uart.o
                0x0000000008009b98                HAL_UART_TxCpltCallback
 .text.HAL_UART_TxHalfCpltCallback
                0x0000000008009b9c        0x4 ./Drivers/STM32F4xx_HAL_Driver/Src/stm32f4xx_hal_uart.o
                0x0000000008009b9c                HAL_UART_TxHalfCpltCallback
 .text.HAL_UART_ErrorCallback
                0x0000000008009ba0        0x4 ./Drivers/STM32F4xx_HAL_Driver/Src/stm32f4xx_hal_uart.o
                0x0000000008009ba0                HAL_UART_ErrorCallback
 .text.HAL_UART_AbortCpltCallback
                0x0000000008009ba4        0x4 ./Drivers/STM32F4xx_HAL_Driver/Src/stm32f4xx_hal_uart.o
                0x0000000008009ba4                HAL_UART_AbortCpltCallback
 .text.HAL_UART_AbortTransmitCpltCallback
                0x0000000008009ba8        0x4 ./Drivers/STM32F4xx_HAL_Driver/Src/stm32f4xx_hal_uart.o
                0x0000000008009ba8                HAL_UART_AbortTransmitCpltCallback
 .text.HAL_UART_Init
                0x0000000008009bac       0xb8 ./Drivers/STM32F4xx_HAL_Driver/Src/stm32f4xx_hal_uart.o
                0x0000000008009bac                HAL_UART_Init
 .text.HAL_UART_Transmit
                0x0000000008009c64       0xc4 ./Drivers/STM32F4xx_HAL_Driver/Src/stm32f4xx_hal_uart.o
                0x0000000008009c64                HAL_UART_Transmit
 .text.HAL_UART_IRQHandler
                0x0000000008009d28      0x264 ./Drivers/STM32F4xx_HAL_Driver/Src/stm32f4xx_hal_uart.o
                0x0000000008009d28                HAL_UART_IRQHandler
 .text.UART_Start_Receive_DMA
                0x0000000008009f8c       0x70 ./Drivers/STM32F4xx_HAL_Driver/Src/stm32f4xx_hal_uart.o
                0x0000000008009f8c                UART_Start_Receive_DMA
 .text.HAL_UART_Receive_DMA
                0x0000000008009ffc       0x34 ./Drivers/STM32F4xx_HAL_Driver/Src/stm32f4xx_hal_uart.o
                0x0000000008009ffc                HAL_UART_Receive_DMA
 .text.floor    0x000000000800a030      0x100 c:/st/stm32cubeide_1.8.0/stm32cubeide/plugins/com.st.stm32cube.ide.mcu.externaltools.gnu-tools-for-stm32.9-2020-q2-update.win32_2.0.0.202105311346/tools/bin/../lib/gcc/arm-none-eabi/9.3.1/../../../../arm-none-eabi/lib/thumb/v7e-m+fp/hard\libm.a(lib_a-s_floor.o)
                0x000000000800a030                floor
 .text.pow      0x000000000800a130      0x15c c:/st/stm32cubeide_1.8.0/stm32cubeide/plugins/com.st.stm32cube.ide.mcu.externaltools.gnu-tools-for-stm32.9-2020-q2-update.win32_2.0.0.202105311346/tools/bin/../lib/gcc/arm-none-eabi/9.3.1/../../../../arm-none-eabi/lib/thumb/v7e-m+fp/hard\libm.a(lib_a-w_pow.o)
                0x000000000800a130                pow
 *fill*         0x000000000800a28c        0x4 
 .text.__ieee754_pow
                0x000000000800a290      0xa44 c:/st/stm32cubeide_1.8.0/stm32cubeide/plugins/com.st.stm32cube.ide.mcu.externaltools.gnu-tools-for-stm32.9-2020-q2-update.win32_2.0.0.202105311346/tools/bin/../lib/gcc/arm-none-eabi/9.3.1/../../../../arm-none-eabi/lib/thumb/v7e-m+fp/hard\libm.a(lib_a-e_pow.o)
                0x000000000800a290                __ieee754_pow
 .text.__ieee754_sqrt
                0x000000000800acd4      0x168 c:/st/stm32cubeide_1.8.0/stm32cubeide/plugins/com.st.stm32cube.ide.mcu.externaltools.gnu-tools-for-stm32.9-2020-q2-update.win32_2.0.0.202105311346/tools/bin/../lib/gcc/arm-none-eabi/9.3.1/../../../../arm-none-eabi/lib/thumb/v7e-m+fp/hard\libm.a(lib_a-e_sqrt.o)
                0x000000000800acd4                __ieee754_sqrt
 .text.fabs     0x000000000800ae3c       0x12 c:/st/stm32cubeide_1.8.0/stm32cubeide/plugins/com.st.stm32cube.ide.mcu.externaltools.gnu-tools-for-stm32.9-2020-q2-update.win32_2.0.0.202105311346/tools/bin/../lib/gcc/arm-none-eabi/9.3.1/../../../../arm-none-eabi/lib/thumb/v7e-m+fp/hard\libm.a(lib_a-s_fabs.o)
                0x000000000800ae3c                fabs
 .text.finite   0x000000000800ae4e       0x16 c:/st/stm32cubeide_1.8.0/stm32cubeide/plugins/com.st.stm32cube.ide.mcu.externaltools.gnu-tools-for-stm32.9-2020-q2-update.win32_2.0.0.202105311346/tools/bin/../lib/gcc/arm-none-eabi/9.3.1/../../../../arm-none-eabi/lib/thumb/v7e-m+fp/hard\libm.a(lib_a-s_finite.o)
                0x000000000800ae4e                finite
 *fill*         0x000000000800ae64        0x4 
 .text.nan      0x000000000800ae68       0x10 c:/st/stm32cubeide_1.8.0/stm32cubeide/plugins/com.st.stm32cube.ide.mcu.externaltools.gnu-tools-for-stm32.9-2020-q2-update.win32_2.0.0.202105311346/tools/bin/../lib/gcc/arm-none-eabi/9.3.1/../../../../arm-none-eabi/lib/thumb/v7e-m+fp/hard\libm.a(lib_a-s_nan.o)
                0x000000000800ae68                nan
 .text.rint     0x000000000800ae78      0x114 c:/st/stm32cubeide_1.8.0/stm32cubeide/plugins/com.st.stm32cube.ide.mcu.externaltools.gnu-tools-for-stm32.9-2020-q2-update.win32_2.0.0.202105311346/tools/bin/../lib/gcc/arm-none-eabi/9.3.1/../../../../arm-none-eabi/lib/thumb/v7e-m+fp/hard\libm.a(lib_a-s_rint.o)
                0x000000000800ae78                rint
 *fill*         0x000000000800af8c        0x4 
 .text.scalbn   0x000000000800af90      0x10c c:/st/stm32cubeide_1.8.0/stm32cubeide/plugins/com.st.stm32cube.ide.mcu.externaltools.gnu-tools-for-stm32.9-2020-q2-update.win32_2.0.0.202105311346/tools/bin/../lib/gcc/arm-none-eabi/9.3.1/../../../../arm-none-eabi/lib/thumb/v7e-m+fp/hard\libm.a(lib_a-s_scalbn.o)
                0x000000000800af90                scalbn
 .text.atof     0x000000000800b09c        0x6 c:/st/stm32cubeide_1.8.0/stm32cubeide/plugins/com.st.stm32cube.ide.mcu.externaltools.gnu-tools-for-stm32.9-2020-q2-update.win32_2.0.0.202105311346/tools/bin/../lib/gcc/arm-none-eabi/9.3.1/../../../../arm-none-eabi/lib/thumb/v7e-m+fp/hard\libc_nano.a(lib_a-atof.o)
                0x000000000800b09c                atof
 .text.atoff    0x000000000800b0a2        0x6 c:/st/stm32cubeide_1.8.0/stm32cubeide/plugins/com.st.stm32cube.ide.mcu.externaltools.gnu-tools-for-stm32.9-2020-q2-update.win32_2.0.0.202105311346/tools/bin/../lib/gcc/arm-none-eabi/9.3.1/../../../../arm-none-eabi/lib/thumb/v7e-m+fp/hard\libc_nano.a(lib_a-atoff.o)
                0x000000000800b0a2                atoff
 .text.atoi     0x000000000800b0a8        0x8 c:/st/stm32cubeide_1.8.0/stm32cubeide/plugins/com.st.stm32cube.ide.mcu.externaltools.gnu-tools-for-stm32.9-2020-q2-update.win32_2.0.0.202105311346/tools/bin/../lib/gcc/arm-none-eabi/9.3.1/../../../../arm-none-eabi/lib/thumb/v7e-m+fp/hard\libc_nano.a(lib_a-atoi.o)
                0x000000000800b0a8                atoi
 .text.atol     0x000000000800b0b0        0x8 c:/st/stm32cubeide_1.8.0/stm32cubeide/plugins/com.st.stm32cube.ide.mcu.externaltools.gnu-tools-for-stm32.9-2020-q2-update.win32_2.0.0.202105311346/tools/bin/../lib/gcc/arm-none-eabi/9.3.1/../../../../arm-none-eabi/lib/thumb/v7e-m+fp/hard\libc_nano.a(lib_a-atol.o)
                0x000000000800b0b0                atol
 .text.__errno  0x000000000800b0b8        0xc c:/st/stm32cubeide_1.8.0/stm32cubeide/plugins/com.st.stm32cube.ide.mcu.externaltools.gnu-tools-for-stm32.9-2020-q2-update.win32_2.0.0.202105311346/tools/bin/../lib/gcc/arm-none-eabi/9.3.1/../../../../arm-none-eabi/lib/thumb/v7e-m+fp/hard\libc_nano.a(lib_a-errno.o)
                0x000000000800b0b8                __errno
 .text.__libc_init_array
                0x000000000800b0c4       0x48 c:/st/stm32cubeide_1.8.0/stm32cubeide/plugins/com.st.stm32cube.ide.mcu.externaltools.gnu-tools-for-stm32.9-2020-q2-update.win32_2.0.0.202105311346/tools/bin/../lib/gcc/arm-none-eabi/9.3.1/../../../../arm-none-eabi/lib/thumb/v7e-m+fp/hard\libc_nano.a(lib_a-init.o)
                0x000000000800b0c4                __libc_init_array
 .text.memset   0x000000000800b10c       0x10 c:/st/stm32cubeide_1.8.0/stm32cubeide/plugins/com.st.stm32cube.ide.mcu.externaltools.gnu-tools-for-stm32.9-2020-q2-update.win32_2.0.0.202105311346/tools/bin/../lib/gcc/arm-none-eabi/9.3.1/../../../../arm-none-eabi/lib/thumb/v7e-m+fp/hard\libc_nano.a(lib_a-memset.o)
                0x000000000800b10c                memset
 .text.__cvt    0x000000000800b11c       0xc4 c:/st/stm32cubeide_1.8.0/stm32cubeide/plugins/com.st.stm32cube.ide.mcu.externaltools.gnu-tools-for-stm32.9-2020-q2-update.win32_2.0.0.202105311346/tools/bin/../lib/gcc/arm-none-eabi/9.3.1/../../../../arm-none-eabi/lib/thumb/v7e-m+fp/hard\libc_nano.a(lib_a-nano-vfprintf_float.o)
                0x000000000800b11c                __cvt
 .text.__exponent
                0x000000000800b1e0       0x7c c:/st/stm32cubeide_1.8.0/stm32cubeide/plugins/com.st.stm32cube.ide.mcu.externaltools.gnu-tools-for-stm32.9-2020-q2-update.win32_2.0.0.202105311346/tools/bin/../lib/gcc/arm-none-eabi/9.3.1/../../../../arm-none-eabi/lib/thumb/v7e-m+fp/hard\libc_nano.a(lib_a-nano-vfprintf_float.o)
                0x000000000800b1e0                __exponent
 .text._printf_float
                0x000000000800b25c      0x46c c:/st/stm32cubeide_1.8.0/stm32cubeide/plugins/com.st.stm32cube.ide.mcu.externaltools.gnu-tools-for-stm32.9-2020-q2-update.win32_2.0.0.202105311346/tools/bin/../lib/gcc/arm-none-eabi/9.3.1/../../../../arm-none-eabi/lib/thumb/v7e-m+fp/hard\libc_nano.a(lib_a-nano-vfprintf_float.o)
                0x000000000800b25c                _printf_float
 .text._printf_common
                0x000000000800b6c8       0xda c:/st/stm32cubeide_1.8.0/stm32cubeide/plugins/com.st.stm32cube.ide.mcu.externaltools.gnu-tools-for-stm32.9-2020-q2-update.win32_2.0.0.202105311346/tools/bin/../lib/gcc/arm-none-eabi/9.3.1/../../../../arm-none-eabi/lib/thumb/v7e-m+fp/hard\libc_nano.a(lib_a-nano-vfprintf_i.o)
                0x000000000800b6c8                _printf_common
 *fill*         0x000000000800b7a2        0x2 
 .text._printf_i
                0x000000000800b7a4      0x24c c:/st/stm32cubeide_1.8.0/stm32cubeide/plugins/com.st.stm32cube.ide.mcu.externaltools.gnu-tools-for-stm32.9-2020-q2-update.win32_2.0.0.202105311346/tools/bin/../lib/gcc/arm-none-eabi/9.3.1/../../../../arm-none-eabi/lib/thumb/v7e-m+fp/hard\libc_nano.a(lib_a-nano-vfprintf_i.o)
                0x000000000800b7a4                _printf_i
 .text.snprintf
                0x000000000800b9f0       0x68 c:/st/stm32cubeide_1.8.0/stm32cubeide/plugins/com.st.stm32cube.ide.mcu.externaltools.gnu-tools-for-stm32.9-2020-q2-update.win32_2.0.0.202105311346/tools/bin/../lib/gcc/arm-none-eabi/9.3.1/../../../../arm-none-eabi/lib/thumb/v7e-m+fp/hard\libc_nano.a(lib_a-snprintf.o)
                0x000000000800b9f0                sniprintf
                0x000000000800b9f0                snprintf
 .text.sulp     0x000000000800ba58       0x38 c:/st/stm32cubeide_1.8.0/stm32cubeide/plugins/com.st.stm32cube.ide.mcu.externaltools.gnu-tools-for-stm32.9-2020-q2-update.win32_2.0.0.202105311346/tools/bin/../lib/gcc/arm-none-eabi/9.3.1/../../../../arm-none-eabi/lib/thumb/v7e-m+fp/hard\libc_nano.a(lib_a-strtod.o)
 .text._strtod_l
                0x000000000800ba90      0xc14 c:/st/stm32cubeide_1.8.0/stm32cubeide/plugins/com.st.stm32cube.ide.mcu.externaltools.gnu-tools-for-stm32.9-2020-q2-update.win32_2.0.0.202105311346/tools/bin/../lib/gcc/arm-none-eabi/9.3.1/../../../../arm-none-eabi/lib/thumb/v7e-m+fp/hard\libc_nano.a(lib_a-strtod.o)
                0x000000000800ba90                _strtod_l
 .text.strtod   0x000000000800c6a4       0x18 c:/st/stm32cubeide_1.8.0/stm32cubeide/plugins/com.st.stm32cube.ide.mcu.externaltools.gnu-tools-for-stm32.9-2020-q2-update.win32_2.0.0.202105311346/tools/bin/../lib/gcc/arm-none-eabi/9.3.1/../../../../arm-none-eabi/lib/thumb/v7e-m+fp/hard\libc_nano.a(lib_a-strtod.o)
                0x000000000800c6a4                strtod
 .text.strtof   0x000000000800c6bc       0xb4 c:/st/stm32cubeide_1.8.0/stm32cubeide/plugins/com.st.stm32cube.ide.mcu.externaltools.gnu-tools-for-stm32.9-2020-q2-update.win32_2.0.0.202105311346/tools/bin/../lib/gcc/arm-none-eabi/9.3.1/../../../../arm-none-eabi/lib/thumb/v7e-m+fp/hard\libc_nano.a(lib_a-strtod.o)
                0x000000000800c6bc                strtof
 .text._strtol_l.isra.0
                0x000000000800c770      0x108 c:/st/stm32cubeide_1.8.0/stm32cubeide/plugins/com.st.stm32cube.ide.mcu.externaltools.gnu-tools-for-stm32.9-2020-q2-update.win32_2.0.0.202105311346/tools/bin/../lib/gcc/arm-none-eabi/9.3.1/../../../../arm-none-eabi/lib/thumb/v7e-m+fp/hard\libc_nano.a(lib_a-strtol.o)
 .text.strtol   0x000000000800c878       0x14 c:/st/stm32cubeide_1.8.0/stm32cubeide/plugins/com.st.stm32cube.ide.mcu.externaltools.gnu-tools-for-stm32.9-2020-q2-update.win32_2.0.0.202105311346/tools/bin/../lib/gcc/arm-none-eabi/9.3.1/../../../../arm-none-eabi/lib/thumb/v7e-m+fp/hard\libc_nano.a(lib_a-strtol.o)
                0x000000000800c878                strtol
 .text.quorem   0x000000000800c88c      0x116 c:/st/stm32cubeide_1.8.0/stm32cubeide/plugins/com.st.stm32cube.ide.mcu.externaltools.gnu-tools-for-stm32.9-2020-q2-update.win32_2.0.0.202105311346/tools/bin/../lib/gcc/arm-none-eabi/9.3.1/../../../../arm-none-eabi/lib/thumb/v7e-m+fp/hard\libc_nano.a(lib_a-dtoa.o)
 *fill*         0x000000000800c9a2        0x6 
 .text._dtoa_r  0x000000000800c9a8      0xbd8 c:/st/stm32cubeide_1.8.0/stm32cubeide/plugins/com.st.stm32cube.ide.mcu.externaltools.gnu-tools-for-stm32.9-2020-q2-update.win32_2.0.0.202105311346/tools/bin/../lib/gcc/arm-none-eabi/9.3.1/../../../../arm-none-eabi/lib/thumb/v7e-m+fp/hard\libc_nano.a(lib_a-dtoa.o)
                0x000000000800c9a8                _dtoa_r
 .text.rshift   0x000000000800d580       0xa4 c:/st/stm32cubeide_1.8.0/stm32cubeide/plugins/com.st.stm32cube.ide.mcu.externaltools.gnu-tools-for-stm32.9-2020-q2-update.win32_2.0.0.202105311346/tools/bin/../lib/gcc/arm-none-eabi/9.3.1/../../../../arm-none-eabi/lib/thumb/v7e-m+fp/hard\libc_nano.a(lib_a-gdtoa-gethex.o)
 .text.__hexdig_fun
                0x000000000800d624       0x2a c:/st/stm32cubeide_1.8.0/stm32cubeide/plugins/com.st.stm32cube.ide.mcu.externaltools.gnu-tools-for-stm32.9-2020-q2-update.win32_2.0.0.202105311346/tools/bin/../lib/gcc/arm-none-eabi/9.3.1/../../../../arm-none-eabi/lib/thumb/v7e-m+fp/hard\libc_nano.a(lib_a-gdtoa-gethex.o)
                0x000000000800d624                __hexdig_fun
 *fill*         0x000000000800d64e        0x2 
 .text.__gethex
                0x000000000800d650      0x48c c:/st/stm32cubeide_1.8.0/stm32cubeide/plugins/com.st.stm32cube.ide.mcu.externaltools.gnu-tools-for-stm32.9-2020-q2-update.win32_2.0.0.202105311346/tools/bin/../lib/gcc/arm-none-eabi/9.3.1/../../../../arm-none-eabi/lib/thumb/v7e-m+fp/hard\libc_nano.a(lib_a-gdtoa-gethex.o)
                0x000000000800d650                __gethex
 .text.L_shift  0x000000000800dadc       0x24 c:/st/stm32cubeide_1.8.0/stm32cubeide/plugins/com.st.stm32cube.ide.mcu.externaltools.gnu-tools-for-stm32.9-2020-q2-update.win32_2.0.0.202105311346/tools/bin/../lib/gcc/arm-none-eabi/9.3.1/../../../../arm-none-eabi/lib/thumb/v7e-m+fp/hard\libc_nano.a(lib_a-gdtoa-hexnan.o)
 .text.__match  0x000000000800db00       0x28 c:/st/stm32cubeide_1.8.0/stm32cubeide/plugins/com.st.stm32cube.ide.mcu.externaltools.gnu-tools-for-stm32.9-2020-q2-update.win32_2.0.0.202105311346/tools/bin/../lib/gcc/arm-none-eabi/9.3.1/../../../../arm-none-eabi/lib/thumb/v7e-m+fp/hard\libc_nano.a(lib_a-gdtoa-hexnan.o)
                0x000000000800db00                __match
 .text.__hexnan
                0x000000000800db28      0x138 c:/st/stm32cubeide_1.8.0/stm32cubeide/plugins/com.st.stm32cube.ide.mcu.externaltools.gnu-tools-for-stm32.9-2020-q2-update.win32_2.0.0.202105311346/tools/bin/../lib/gcc/arm-none-eabi/9.3.1/../../../../arm-none-eabi/lib/thumb/v7e-m+fp/hard\libc_nano.a(lib_a-gdtoa-hexnan.o)
                0x000000000800db28                __hexnan
 .text._localeconv_r
                0x000000000800dc60        0x8 c:/st/stm32cubeide_1.8.0/stm32cubeide/plugins/com.st.stm32cube.ide.mcu.externaltools.gnu-tools-for-stm32.9-2020-q2-update.win32_2.0.0.202105311346/tools/bin/../lib/gcc/arm-none-eabi/9.3.1/../../../../arm-none-eabi/lib/thumb/v7e-m+fp/hard\libc_nano.a(lib_a-localeconv.o)
                0x000000000800dc60                _localeconv_r
 .text.malloc   0x000000000800dc68       0x10 c:/st/stm32cubeide_1.8.0/stm32cubeide/plugins/com.st.stm32cube.ide.mcu.externaltools.gnu-tools-for-stm32.9-2020-q2-update.win32_2.0.0.202105311346/tools/bin/../lib/gcc/arm-none-eabi/9.3.1/../../../../arm-none-eabi/lib/thumb/v7e-m+fp/hard\libc_nano.a(lib_a-malloc.o)
                0x000000000800dc68                malloc
 .text.__ascii_mbtowc
                0x000000000800dc78       0x24 c:/st/stm32cubeide_1.8.0/stm32cubeide/plugins/com.st.stm32cube.ide.mcu.externaltools.gnu-tools-for-stm32.9-2020-q2-update.win32_2.0.0.202105311346/tools/bin/../lib/gcc/arm-none-eabi/9.3.1/../../../../arm-none-eabi/lib/thumb/v7e-m+fp/hard\libc_nano.a(lib_a-mbtowc_r.o)
                0x000000000800dc78                __ascii_mbtowc
 .text.memcpy   0x000000000800dc9c       0x1c c:/st/stm32cubeide_1.8.0/stm32cubeide/plugins/com.st.stm32cube.ide.mcu.externaltools.gnu-tools-for-stm32.9-2020-q2-update.win32_2.0.0.202105311346/tools/bin/../lib/gcc/arm-none-eabi/9.3.1/../../../../arm-none-eabi/lib/thumb/v7e-m+fp/hard\libc_nano.a(lib_a-memcpy-stub.o)
                0x000000000800dc9c                memcpy
 .text._Balloc  0x000000000800dcb8       0x80 c:/st/stm32cubeide_1.8.0/stm32cubeide/plugins/com.st.stm32cube.ide.mcu.externaltools.gnu-tools-for-stm32.9-2020-q2-update.win32_2.0.0.202105311346/tools/bin/../lib/gcc/arm-none-eabi/9.3.1/../../../../arm-none-eabi/lib/thumb/v7e-m+fp/hard\libc_nano.a(lib_a-mprec.o)
                0x000000000800dcb8                _Balloc
 .text._Bfree   0x000000000800dd38       0x44 c:/st/stm32cubeide_1.8.0/stm32cubeide/plugins/com.st.stm32cube.ide.mcu.externaltools.gnu-tools-for-stm32.9-2020-q2-update.win32_2.0.0.202105311346/tools/bin/../lib/gcc/arm-none-eabi/9.3.1/../../../../arm-none-eabi/lib/thumb/v7e-m+fp/hard\libc_nano.a(lib_a-mprec.o)
                0x000000000800dd38                _Bfree
 .text.__multadd
                0x000000000800dd7c       0x94 c:/st/stm32cubeide_1.8.0/stm32cubeide/plugins/com.st.stm32cube.ide.mcu.externaltools.gnu-tools-for-stm32.9-2020-q2-update.win32_2.0.0.202105311346/tools/bin/../lib/gcc/arm-none-eabi/9.3.1/../../../../arm-none-eabi/lib/thumb/v7e-m+fp/hard\libc_nano.a(lib_a-mprec.o)
                0x000000000800dd7c                __multadd
 .text.__s2b    0x000000000800de10       0x94 c:/st/stm32cubeide_1.8.0/stm32cubeide/plugins/com.st.stm32cube.ide.mcu.externaltools.gnu-tools-for-stm32.9-2020-q2-update.win32_2.0.0.202105311346/tools/bin/../lib/gcc/arm-none-eabi/9.3.1/../../../../arm-none-eabi/lib/thumb/v7e-m+fp/hard\libc_nano.a(lib_a-mprec.o)
                0x000000000800de10                __s2b
 .text.__hi0bits
                0x000000000800dea4       0x40 c:/st/stm32cubeide_1.8.0/stm32cubeide/plugins/com.st.stm32cube.ide.mcu.externaltools.gnu-tools-for-stm32.9-2020-q2-update.win32_2.0.0.202105311346/tools/bin/../lib/gcc/arm-none-eabi/9.3.1/../../../../arm-none-eabi/lib/thumb/v7e-m+fp/hard\libc_nano.a(lib_a-mprec.o)
                0x000000000800dea4                __hi0bits
 .text.__lo0bits
                0x000000000800dee4       0x60 c:/st/stm32cubeide_1.8.0/stm32cubeide/plugins/com.st.stm32cube.ide.mcu.externaltools.gnu-tools-for-stm32.9-2020-q2-update.win32_2.0.0.202105311346/tools/bin/../lib/gcc/arm-none-eabi/9.3.1/../../../../arm-none-eabi/lib/thumb/v7e-m+fp/hard\libc_nano.a(lib_a-mprec.o)
                0x000000000800dee4                __lo0bits
 .text.__i2b    0x000000000800df44       0x2c c:/st/stm32cubeide_1.8.0/stm32cubeide/plugins/com.st.stm32cube.ide.mcu.externaltools.gnu-tools-for-stm32.9-2020-q2-update.win32_2.0.0.202105311346/tools/bin/../lib/gcc/arm-none-eabi/9.3.1/../../../../arm-none-eabi/lib/thumb/v7e-m+fp/hard\libc_nano.a(lib_a-mprec.o)
                0x000000000800df44                __i2b
 .text.__multiply
                0x000000000800df70      0x14c c:/st/stm32cubeide_1.8.0/stm32cubeide/plugins/com.st.stm32cube.ide.mcu.externaltools.gnu-tools-for-stm32.9-2020-q2-update.win32_2.0.0.202105311346/tools/bin/../lib/gcc/arm-none-eabi/9.3.1/../../../../arm-none-eabi/lib/thumb/v7e-m+fp/hard\libc_nano.a(lib_a-mprec.o)
                0x000000000800df70                __multiply
 .text.__pow5mult
                0x000000000800e0bc       0xb4 c:/st/stm32cubeide_1.8.0/stm32cubeide/plugins/com.st.stm32cube.ide.mcu.externaltools.gnu-tools-for-stm32.9-2020-q2-update.win32_2.0.0.202105311346/tools/bin/../lib/gcc/arm-none-eabi/9.3.1/../../../../arm-none-eabi/lib/thumb/v7e-m+fp/hard\libc_nano.a(lib_a-mprec.o)
                0x000000000800e0bc                __pow5mult
 .text.__lshift
                0x000000000800e170       0xd8 c:/st/stm32cubeide_1.8.0/stm32cubeide/plugins/com.st.stm32cube.ide.mcu.externaltools.gnu-tools-for-stm32.9-2020-q2-update.win32_2.0.0.202105311346/tools/bin/../lib/gcc/arm-none-eabi/9.3.1/../../../../arm-none-eabi/lib/thumb/v7e-m+fp/hard\libc_nano.a(lib_a-mprec.o)
                0x000000000800e170                __lshift
 .text.__mcmp   0x000000000800e248       0x38 c:/st/stm32cubeide_1.8.0/stm32cubeide/plugins/com.st.stm32cube.ide.mcu.externaltools.gnu-tools-for-stm32.9-2020-q2-update.win32_2.0.0.202105311346/tools/bin/../lib/gcc/arm-none-eabi/9.3.1/../../../../arm-none-eabi/lib/thumb/v7e-m+fp/hard\libc_nano.a(lib_a-mprec.o)
                0x000000000800e248                __mcmp
 .text.__mdiff  0x000000000800e280      0x110 c:/st/stm32cubeide_1.8.0/stm32cubeide/plugins/com.st.stm32cube.ide.mcu.externaltools.gnu-tools-for-stm32.9-2020-q2-update.win32_2.0.0.202105311346/tools/bin/../lib/gcc/arm-none-eabi/9.3.1/../../../../arm-none-eabi/lib/thumb/v7e-m+fp/hard\libc_nano.a(lib_a-mprec.o)
                0x000000000800e280                __mdiff
 .text.__ulp    0x000000000800e390       0x58 c:/st/stm32cubeide_1.8.0/stm32cubeide/plugins/com.st.stm32cube.ide.mcu.externaltools.gnu-tools-for-stm32.9-2020-q2-update.win32_2.0.0.202105311346/tools/bin/../lib/gcc/arm-none-eabi/9.3.1/../../../../arm-none-eabi/lib/thumb/v7e-m+fp/hard\libc_nano.a(lib_a-mprec.o)
                0x000000000800e390                __ulp
 .text.__b2d    0x000000000800e3e8       0xa0 c:/st/stm32cubeide_1.8.0/stm32cubeide/plugins/com.st.stm32cube.ide.mcu.externaltools.gnu-tools-for-stm32.9-2020-q2-update.win32_2.0.0.202105311346/tools/bin/../lib/gcc/arm-none-eabi/9.3.1/../../../../arm-none-eabi/lib/thumb/v7e-m+fp/hard\libc_nano.a(lib_a-mprec.o)
                0x000000000800e3e8                __b2d
 .text.__d2b    0x000000000800e488       0xb8 c:/st/stm32cubeide_1.8.0/stm32cubeide/plugins/com.st.stm32cube.ide.mcu.externaltools.gnu-tools-for-stm32.9-2020-q2-update.win32_2.0.0.202105311346/tools/bin/../lib/gcc/arm-none-eabi/9.3.1/../../../../arm-none-eabi/lib/thumb/v7e-m+fp/hard\libc_nano.a(lib_a-mprec.o)
                0x000000000800e488                __d2b
 .text.__ratio  0x000000000800e540       0x66 c:/st/stm32cubeide_1.8.0/stm32cubeide/plugins/com.st.stm32cube.ide.mcu.externaltools.gnu-tools-for-stm32.9-2020-q2-update.win32_2.0.0.202105311346/tools/bin/../lib/gcc/arm-none-eabi/9.3.1/../../../../arm-none-eabi/lib/thumb/v7e-m+fp/hard\libc_nano.a(lib_a-mprec.o)
                0x000000000800e540                __ratio
 .text.__copybits
                0x000000000800e5a6       0x46 c:/st/stm32cubeide_1.8.0/stm32cubeide/plugins/com.st.stm32cube.ide.mcu.externaltools.gnu-tools-for-stm32.9-2020-q2-update.win32_2.0.0.202105311346/tools/bin/../lib/gcc/arm-none-eabi/9.3.1/../../../../arm-none-eabi/lib/thumb/v7e-m+fp/hard\libc_nano.a(lib_a-mprec.o)
                0x000000000800e5a6                __copybits
 .text.__any_on
                0x000000000800e5ec       0x42 c:/st/stm32cubeide_1.8.0/stm32cubeide/plugins/com.st.stm32cube.ide.mcu.externaltools.gnu-tools-for-stm32.9-2020-q2-update.win32_2.0.0.202105311346/tools/bin/../lib/gcc/arm-none-eabi/9.3.1/../../../../arm-none-eabi/lib/thumb/v7e-m+fp/hard\libc_nano.a(lib_a-mprec.o)
                0x000000000800e5ec                __any_on
 .text._calloc_r
                0x000000000800e62e       0x1e c:/st/stm32cubeide_1.8.0/stm32cubeide/plugins/com.st.stm32cube.ide.mcu.externaltools.gnu-tools-for-stm32.9-2020-q2-update.win32_2.0.0.202105311346/tools/bin/../lib/gcc/arm-none-eabi/9.3.1/../../../../arm-none-eabi/lib/thumb/v7e-m+fp/hard\libc_nano.a(lib_a-nano-callocr.o)
                0x000000000800e62e                _calloc_r
 .text._free_r  0x000000000800e64c       0xa0 c:/st/stm32cubeide_1.8.0/stm32cubeide/plugins/com.st.stm32cube.ide.mcu.externaltools.gnu-tools-for-stm32.9-2020-q2-update.win32_2.0.0.202105311346/tools/bin/../lib/gcc/arm-none-eabi/9.3.1/../../../../arm-none-eabi/lib/thumb/v7e-m+fp/hard\libc_nano.a(lib_a-nano-freer.o)
                0x000000000800e64c                _free_r
 .text._malloc_r
                0x000000000800e6ec       0xb4 c:/st/stm32cubeide_1.8.0/stm32cubeide/plugins/com.st.stm32cube.ide.mcu.externaltools.gnu-tools-for-stm32.9-2020-q2-update.win32_2.0.0.202105311346/tools/bin/../lib/gcc/arm-none-eabi/9.3.1/../../../../arm-none-eabi/lib/thumb/v7e-m+fp/hard\libc_nano.a(lib_a-nano-mallocr.o)
                0x000000000800e6ec                _malloc_r
 .text.__ssputs_r
                0x000000000800e7a0       0xb6 c:/st/stm32cubeide_1.8.0/stm32cubeide/plugins/com.st.stm32cube.ide.mcu.externaltools.gnu-tools-for-stm32.9-2020-q2-update.win32_2.0.0.202105311346/tools/bin/../lib/gcc/arm-none-eabi/9.3.1/../../../../arm-none-eabi/lib/thumb/v7e-m+fp/hard\libc_nano.a(lib_a-nano-svfprintf.o)
                0x000000000800e7a0                __ssputs_r
 *fill*         0x000000000800e856        0x2 
 .text._svfprintf_r
                0x000000000800e858      0x200 c:/st/stm32cubeide_1.8.0/stm32cubeide/plugins/com.st.stm32cube.ide.mcu.externaltools.gnu-tools-for-stm32.9-2020-q2-update.win32_2.0.0.202105311346/tools/bin/../lib/gcc/arm-none-eabi/9.3.1/../../../../arm-none-eabi/lib/thumb/v7e-m+fp/hard\libc_nano.a(lib_a-nano-svfprintf.o)
                0x000000000800e858                _svfiprintf_r
                0x000000000800e858                _svfprintf_r
 .text._sbrk_r  0x000000000800ea58       0x20 c:/st/stm32cubeide_1.8.0/stm32cubeide/plugins/com.st.stm32cube.ide.mcu.externaltools.gnu-tools-for-stm32.9-2020-q2-update.win32_2.0.0.202105311346/tools/bin/../lib/gcc/arm-none-eabi/9.3.1/../../../../arm-none-eabi/lib/thumb/v7e-m+fp/hard\libc_nano.a(lib_a-sbrkr.o)
                0x000000000800ea58                _sbrk_r
 .text.nanf     0x000000000800ea78        0xc c:/st/stm32cubeide_1.8.0/stm32cubeide/plugins/com.st.stm32cube.ide.mcu.externaltools.gnu-tools-for-stm32.9-2020-q2-update.win32_2.0.0.202105311346/tools/bin/../lib/gcc/arm-none-eabi/9.3.1/../../../../arm-none-eabi/lib/thumb/v7e-m+fp/hard\libc_nano.a(lib_a-sf_nan.o)
                0x000000000800ea78                nanf
 .text.strncmp  0x000000000800ea84       0x24 c:/st/stm32cubeide_1.8.0/stm32cubeide/plugins/com.st.stm32cube.ide.mcu.externaltools.gnu-tools-for-stm32.9-2020-q2-update.win32_2.0.0.202105311346/tools/bin/../lib/gcc/arm-none-eabi/9.3.1/../../../../arm-none-eabi/lib/thumb/v7e-m+fp/hard\libc_nano.a(lib_a-strncmp.o)
                0x000000000800ea84                strncmp
 .text.__ascii_wctomb
                0x000000000800eaa8       0x1a c:/st/stm32cubeide_1.8.0/stm32cubeide/plugins/com.st.stm32cube.ide.mcu.externaltools.gnu-tools-for-stm32.9-2020-q2-update.win32_2.0.0.202105311346/tools/bin/../lib/gcc/arm-none-eabi/9.3.1/../../../../arm-none-eabi/lib/thumb/v7e-m+fp/hard\libc_nano.a(lib_a-wctomb_r.o)
                0x000000000800eaa8                __ascii_wctomb
 *fill*         0x000000000800eac2        0x2 
 .text.__assert_func
                0x000000000800eac4       0x3c c:/st/stm32cubeide_1.8.0/stm32cubeide/plugins/com.st.stm32cube.ide.mcu.externaltools.gnu-tools-for-stm32.9-2020-q2-update.win32_2.0.0.202105311346/tools/bin/../lib/gcc/arm-none-eabi/9.3.1/../../../../arm-none-eabi/lib/thumb/v7e-m+fp/hard\libc_nano.a(lib_a-assert.o)
                0x000000000800eac4                __assert_func
 .text.fprintf  0x000000000800eb00       0x24 c:/st/stm32cubeide_1.8.0/stm32cubeide/plugins/com.st.stm32cube.ide.mcu.externaltools.gnu-tools-for-stm32.9-2020-q2-update.win32_2.0.0.202105311346/tools/bin/../lib/gcc/arm-none-eabi/9.3.1/../../../../arm-none-eabi/lib/thumb/v7e-m+fp/hard\libc_nano.a(lib_a-fprintf.o)
                0x000000000800eb00                fiprintf
                0x000000000800eb00                fprintf
 .text.memmove  0x000000000800eb24       0x34 c:/st/stm32cubeide_1.8.0/stm32cubeide/plugins/com.st.stm32cube.ide.mcu.externaltools.gnu-tools-for-stm32.9-2020-q2-update.win32_2.0.0.202105311346/tools/bin/../lib/gcc/arm-none-eabi/9.3.1/../../../../arm-none-eabi/lib/thumb/v7e-m+fp/hard\libc_nano.a(lib_a-memmove.o)
                0x000000000800eb24                memmove
 .text.__malloc_lock
                0x000000000800eb58        0xc c:/st/stm32cubeide_1.8.0/stm32cubeide/plugins/com.st.stm32cube.ide.mcu.externaltools.gnu-tools-for-stm32.9-2020-q2-update.win32_2.0.0.202105311346/tools/bin/../lib/gcc/arm-none-eabi/9.3.1/../../../../arm-none-eabi/lib/thumb/v7e-m+fp/hard\libc_nano.a(lib_a-mlock.o)
                0x000000000800eb58                __malloc_lock
 .text.__malloc_unlock
                0x000000000800eb64        0xc c:/st/stm32cubeide_1.8.0/stm32cubeide/plugins/com.st.stm32cube.ide.mcu.externaltools.gnu-tools-for-stm32.9-2020-q2-update.win32_2.0.0.202105311346/tools/bin/../lib/gcc/arm-none-eabi/9.3.1/../../../../arm-none-eabi/lib/thumb/v7e-m+fp/hard\libc_nano.a(lib_a-mlock.o)
                0x000000000800eb64                __malloc_unlock
 .text._realloc_r
                0x000000000800eb70       0x4c c:/st/stm32cubeide_1.8.0/stm32cubeide/plugins/com.st.stm32cube.ide.mcu.externaltools.gnu-tools-for-stm32.9-2020-q2-update.win32_2.0.0.202105311346/tools/bin/../lib/gcc/arm-none-eabi/9.3.1/../../../../arm-none-eabi/lib/thumb/v7e-m+fp/hard\libc_nano.a(lib_a-nano-reallocr.o)
                0x000000000800eb70                _realloc_r
 .text.__sfputc_r
                0x000000000800ebbc       0x2e c:/st/stm32cubeide_1.8.0/stm32cubeide/plugins/com.st.stm32cube.ide.mcu.externaltools.gnu-tools-for-stm32.9-2020-q2-update.win32_2.0.0.202105311346/tools/bin/../lib/gcc/arm-none-eabi/9.3.1/../../../../arm-none-eabi/lib/thumb/v7e-m+fp/hard\libc_nano.a(lib_a-nano-vfprintf.o)
 .text.__sfputs_r
                0x000000000800ebea       0x24 c:/st/stm32cubeide_1.8.0/stm32cubeide/plugins/com.st.stm32cube.ide.mcu.externaltools.gnu-tools-for-stm32.9-2020-q2-update.win32_2.0.0.202105311346/tools/bin/../lib/gcc/arm-none-eabi/9.3.1/../../../../arm-none-eabi/lib/thumb/v7e-m+fp/hard\libc_nano.a(lib_a-nano-vfprintf.o)
                0x000000000800ebea                __sfputs_r
 *fill*         0x000000000800ec0e        0x2 
 .text._vfprintf_r
                0x000000000800ec10      0x260 c:/st/stm32cubeide_1.8.0/stm32cubeide/plugins/com.st.stm32cube.ide.mcu.externaltools.gnu-tools-for-stm32.9-2020-q2-update.win32_2.0.0.202105311346/tools/bin/../lib/gcc/arm-none-eabi/9.3.1/../../../../arm-none-eabi/lib/thumb/v7e-m+fp/hard\libc_nano.a(lib_a-nano-vfprintf.o)
                0x000000000800ec10                _vfprintf_r
                0x000000000800ec10                _vfiprintf_r
 .text.__swbuf_r
                0x000000000800ee70       0xa4 c:/st/stm32cubeide_1.8.0/stm32cubeide/plugins/com.st.stm32cube.ide.mcu.externaltools.gnu-tools-for-stm32.9-2020-q2-update.win32_2.0.0.202105311346/tools/bin/../lib/gcc/arm-none-eabi/9.3.1/../../../../arm-none-eabi/lib/thumb/v7e-m+fp/hard\libc_nano.a(lib_a-wbuf.o)
                0x000000000800ee70                __swbuf_r
 .text.__swsetup_r
                0x000000000800ef14       0xdc c:/st/stm32cubeide_1.8.0/stm32cubeide/plugins/com.st.stm32cube.ide.mcu.externaltools.gnu-tools-for-stm32.9-2020-q2-update.win32_2.0.0.202105311346/tools/bin/../lib/gcc/arm-none-eabi/9.3.1/../../../../arm-none-eabi/lib/thumb/v7e-m+fp/hard\libc_nano.a(lib_a-wsetup.o)
                0x000000000800ef14                __swsetup_r
 .text.abort    0x000000000800eff0        0xe c:/st/stm32cubeide_1.8.0/stm32cubeide/plugins/com.st.stm32cube.ide.mcu.externaltools.gnu-tools-for-stm32.9-2020-q2-update.win32_2.0.0.202105311346/tools/bin/../lib/gcc/arm-none-eabi/9.3.1/../../../../arm-none-eabi/lib/thumb/v7e-m+fp/hard\libc_nano.a(lib_a-abort.o)
                0x000000000800eff0                abort
 *fill*         0x000000000800effe        0x2 
 .text.__sflush_r
                0x000000000800f000      0x10c c:/st/stm32cubeide_1.8.0/stm32cubeide/plugins/com.st.stm32cube.ide.mcu.externaltools.gnu-tools-for-stm32.9-2020-q2-update.win32_2.0.0.202105311346/tools/bin/../lib/gcc/arm-none-eabi/9.3.1/../../../../arm-none-eabi/lib/thumb/v7e-m+fp/hard\libc_nano.a(lib_a-fflush.o)
                0x000000000800f000                __sflush_r
 .text._fflush_r